Archive member included because of file (symbol)

/mnt/hgfs/DBT/M4/MQX/lib/twrvf65gs10_m4.gcc_arm/release/psp/psp.a(io_pntf.o)
                              ./gcc_arm/ram_release/obj/actuators.o (_io_printf)
/mnt/hgfs/DBT/M4/MQX/lib/twrvf65gs10_m4.gcc_arm/release/psp/psp.a(task.o)
                              ./gcc_arm/ram_release/obj/fault.o (_task_get_id)
/mnt/hgfs/DBT/M4/MQX/lib/twrvf65gs10_m4.gcc_arm/release/psp/psp.a(stack_de.o)
                              /mnt/hgfs/DBT/M4/MQX/lib/twrvf65gs10_m4.gcc_arm/release/psp/psp.a(task.o) (_psp_destroy_stack_frame)
/mnt/hgfs/DBT/M4/MQX/lib/twrvf65gs10_m4.gcc_arm/release/psp/psp.a(lwevent.o)
                              ./gcc_arm/ram_release/obj/main.o (_lwevent_create)
/mnt/hgfs/DBT/M4/MQX/lib/twrvf65gs10_m4.gcc_arm/release/psp/psp.a(io_ghand.o)
                              /mnt/hgfs/DBT/M4/MQX/lib/twrvf65gs10_m4.gcc_arm/release/psp/psp.a(io_pntf.o) (_io_get_handle)
/mnt/hgfs/DBT/M4/MQX/lib/twrvf65gs10_m4.gcc_arm/release/psp/psp.a(sched.o)
                              /mnt/hgfs/DBT/M4/MQX/lib/twrvf65gs10_m4.gcc_arm/release/psp/psp.a(task.o) (_sched_insert_priorityq_internal)
/mnt/hgfs/DBT/M4/MQX/lib/twrvf65gs10_m4.gcc_arm/release/psp/psp.a(io_fflsh.o)
                              ./gcc_arm/ram_release/obj/ser422.o (_io_fflush)
/mnt/hgfs/DBT/M4/MQX/lib/twrvf65gs10_m4.gcc_arm/release/psp/psp.a(io_dopr.o)
                              /mnt/hgfs/DBT/M4/MQX/lib/twrvf65gs10_m4.gcc_arm/release/psp/psp.a(io_pntf.o) (_io_doprint)
/mnt/hgfs/DBT/M4/MQX/lib/twrvf65gs10_m4.gcc_arm/release/psp/psp.a(dispatch.o)
                              /mnt/hgfs/DBT/M4/MQX/lib/twrvf65gs10_m4.gcc_arm/release/psp/psp.a(task.o) (_sched_run_internal)
/mnt/hgfs/DBT/M4/MQX/lib/twrvf65gs10_m4.gcc_arm/release/psp/psp.a(taskq.o)
                              ./gcc_arm/ram_release/obj/ser422.o (_taskq_create)
/mnt/hgfs/DBT/M4/MQX/lib/twrvf65gs10_m4.gcc_arm/release/psp/psp.a(mqx.o)
                              ./gcc_arm/ram_release/obj/fault.o (_mqx_exit)
/mnt/hgfs/DBT/M4/MQX/lib/twrvf65gs10_m4.gcc_arm/release/psp/psp.a(lwsem.o)
                              /mnt/hgfs/DBT/M4/MQX/lib/twrvf65gs10_m4.gcc_arm/release/psp/psp.a(mqx.o) (_lwsem_create)
/mnt/hgfs/DBT/M4/MQX/lib/twrvf65gs10_m4.gcc_arm/release/psp/psp.a(queue.o)
                              /mnt/hgfs/DBT/M4/MQX/lib/twrvf65gs10_m4.gcc_arm/release/psp/psp.a(lwevent.o) (_queue_init)
/mnt/hgfs/DBT/M4/MQX/lib/twrvf65gs10_m4.gcc_arm/release/psp/psp.a(sc_irdyq.o)
                              /mnt/hgfs/DBT/M4/MQX/lib/twrvf65gs10_m4.gcc_arm/release/psp/psp.a(mqx.o) (_psp_set_kernel_disable_level)
/mnt/hgfs/DBT/M4/MQX/lib/twrvf65gs10_m4.gcc_arm/release/psp/psp.a(stack_st.o)
                              /mnt/hgfs/DBT/M4/MQX/lib/twrvf65gs10_m4.gcc_arm/release/psp/psp.a(task.o) (_psp_get_stack_start)
/mnt/hgfs/DBT/M4/MQX/lib/twrvf65gs10_m4.gcc_arm/release/psp/psp.a(io_ioctl.o)
                              ./gcc_arm/ram_release/obj/ser422.o (_io_ioctl)
/mnt/hgfs/DBT/M4/MQX/lib/twrvf65gs10_m4.gcc_arm/release/psp/psp.a(mem.o)
                              /mnt/hgfs/DBT/M4/MQX/lib/twrvf65gs10_m4.gcc_arm/release/psp/psp.a(task.o) (_mem_free)
/mnt/hgfs/DBT/M4/MQX/lib/twrvf65gs10_m4.gcc_arm/release/psp/psp.a(time.o)
                              ./gcc_arm/ram_release/obj/common.o (_time_add_msec_to_ticks)
/mnt/hgfs/DBT/M4/MQX/lib/twrvf65gs10_m4.gcc_arm/release/psp/psp.a(psp_tinm.o)
                              /mnt/hgfs/DBT/M4/MQX/lib/twrvf65gs10_m4.gcc_arm/release/psp/psp.a(time.o) (_psp_normalize_ticks)
/mnt/hgfs/DBT/M4/MQX/lib/twrvf65gs10_m4.gcc_arm/release/psp/psp.a(psp_tins.o)
                              /mnt/hgfs/DBT/M4/MQX/lib/twrvf65gs10_m4.gcc_arm/release/psp/psp.a(time.o) (_psp_ticks_to_nanoseconds)
/mnt/hgfs/DBT/M4/MQX/lib/twrvf65gs10_m4.gcc_arm/release/psp/psp.a(boot.o)
                              (__boot)
/mnt/hgfs/DBT/M4/MQX/lib/twrvf65gs10_m4.gcc_arm/release/psp/psp.a(io_read.o)
                              ./gcc_arm/ram_release/obj/ser422.o (_io_read)
/mnt/hgfs/DBT/M4/MQX/lib/twrvf65gs10_m4.gcc_arm/release/psp/psp.a(psp_mat3.o)
                              /mnt/hgfs/DBT/M4/MQX/lib/twrvf65gs10_m4.gcc_arm/release/psp/psp.a(psp_tins.o) (_psp_add_element_to_array)
/mnt/hgfs/DBT/M4/MQX/lib/twrvf65gs10_m4.gcc_arm/release/psp/psp.a(io_fopen.o)
                              ./gcc_arm/ram_release/obj/ser422.o (_io_fopen)
/mnt/hgfs/DBT/M4/MQX/lib/twrvf65gs10_m4.gcc_arm/release/psp/psp.a(int.o)
                              /mnt/hgfs/DBT/M4/MQX/lib/twrvf65gs10_m4.gcc_arm/release/psp/psp.a(task.o) (_int_disable)
/mnt/hgfs/DBT/M4/MQX/lib/twrvf65gs10_m4.gcc_arm/release/psp/psp.a(psp_tisu.o)
                              /mnt/hgfs/DBT/M4/MQX/lib/twrvf65gs10_m4.gcc_arm/release/psp/psp.a(time.o) (_psp_subtract_ticks)
/mnt/hgfs/DBT/M4/MQX/lib/twrvf65gs10_m4.gcc_arm/release/psp/psp.a(psp_mat1.o)
                              /mnt/hgfs/DBT/M4/MQX/lib/twrvf65gs10_m4.gcc_arm/release/psp/psp.a(psp_tins.o) (_psp_mul_128_by_32)
[...]
Memory Configuration

Name             Origin             Length             Attributes
text             0x3f000000         0x0003fff0         xr
data             0x3f800000         0x00007ff0         rw
tcml             0x1f800000         0x00007ff0         rw
*default*        0x00000000         0xffffffff

Linker script and memory map

LOAD ./gcc_arm/ram_release/obj/actuators.o
LOAD ./gcc_arm/ram_release/obj/biopsy.o
LOAD ./gcc_arm/ram_release/obj/biopsy_driver.o
LOAD ./gcc_arm/ram_release/obj/biopsy_simulator.o
LOAD ./gcc_arm/ram_release/obj/canopen.o
LOAD ./gcc_arm/ram_release/obj/common.o
LOAD ./gcc_arm/ram_release/obj/fault.o
LOAD ./gcc_arm/ram_release/obj/gui.o
LOAD ./gcc_arm/ram_release/obj/loader.o
LOAD ./gcc_arm/ram_release/obj/main.o
LOAD ./gcc_arm/ram_release/obj/master_can.o
LOAD ./gcc_arm/ram_release/obj/mccClass.o
LOAD ./gcc_arm/ram_release/obj/pcb190.o
LOAD ./gcc_arm/ram_release/obj/pcb215.o
LOAD ./gcc_arm/ram_release/obj/pcb244.o
LOAD ./gcc_arm/ram_release/obj/pcb249U1.o
LOAD ./gcc_arm/ram_release/obj/pcb249U2.o
LOAD ./gcc_arm/ram_release/obj/seqrx_ae.o
LOAD ./gcc_arm/ram_release/obj/seqrx_std.o
LOAD ./gcc_arm/ram_release/obj/seqrx_std_aec.o
LOAD ./gcc_arm/ram_release/obj/seqrx_tomo.o
LOAD ./gcc_arm/ram_release/obj/seqrx_tomo_aec.o
LOAD ./gcc_arm/ram_release/obj/sequences.o
LOAD ./gcc_arm/ram_release/obj/ser422.o
START GROUP
LOAD /mnt/hgfs/DBT/M4/MQX/lib/twrvf65gs10_m4.gcc_arm/release/psp/psp.a
LOAD /mnt/hgfs/DBT/M4/MQX/lib/twrvf65gs10_m4.gcc_arm/release/bsp/bsp.a
LOAD /mnt/hgfs/DBT/M4/MQX/lib/twrvf65gs10_m4.gcc_arm/release/mcc/mcc.a
LOAD /opt/arm-2017/lib/gcc/arm-none-eabi/4.8.3/armv7e-m/fpu/libgcc.a
LOAD /opt/arm-2017/arm-none-eabi/lib/armv7e-m/fpu/libc.a
LOAD /opt/arm-2017/arm-none-eabi/lib/armv7e-m/fpu/libsupc++.a
LOAD /opt/arm-2017/arm-none-eabi/lib/armv7e-m/fpu/libm.a
LOAD /opt/arm-2017/arm-none-eabi/lib/armv7e-m/fpu/libnosys.a
END GROUP
                0x3f000000                CODE_BASE_ADDR_START = ORIGIN (text)
                0x0003fff0                CODE_SIZE = 0x3fff0
                0x3f03fff0                CODE_BASE_ADDR_END = (CODE_BASE_ADDR_START + CODE_SIZE)
                0x3f800000                DATA_BASE_ADDR_START = ORIGIN (data)
                0x00007ff0                DATA_SIZE = 0x7ff0
                0x3f807ff0                DATA_BASE_ADDR_END = (DATA_BASE_ADDR_START + DATA_SIZE)
                0x1f800000                TCML_BASE_ADDR_START = ORIGIN (tcml)
                0x00007ff0                TCML_SIZE = 0x7ff0
                0x1f807ff0                TCML_END = (TCML_BASE_ADDR_START + TCML_SIZE)
                0x00000001                __DEFAULT_PROCESSOR_NUMBER = 0x1
                0x3f040000                __SHARED_RAM_START = 0x3f040000
                0x3f04fff0                __SHARED_RAM_END = 0x3f04fff0
                0x3f800000                __SRAM_POOL_START = DATA_BASE_ADDR_START
                0x3f807ff0                __SRAM_POOL_END = DATA_BASE_ADDR_END
                0x3f800000                __UNCACHED_DATA_START = DATA_BASE_ADDR_START
                0x3f807ff0                __UNCACHED_DATA_END = DATA_BASE_ADDR_END
                0x1f807ef0                __BOOT_STACK_ADDRESS = (TCML_END - 0x100)
                0x3f000000                __VECTOR_TABLE_ROM_START = CODE_BASE_ADDR_START
                0x3f800000                __VECTOR_TABLE_RAM_START = DATA_BASE_ADDR_START
                0x3f807ff0                __KERNEL_DATA_END = DATA_BASE_ADDR_END

.vectors        0x3f000000      0x460
 *(.vectors_rom)
 .vectors_rom   0x3f000000      0x400 /mnt/hgfs/DBT/M4/MQX/lib/twrvf65gs10_m4.gcc_arm/release/bsp/bsp.a(vectors.o)
                0x3f000000                __vector_table
 *(.cfmconfig)
 *(.boot*)
 .bootseg       0x3f000400       0x60 /mnt/hgfs/DBT/M4/MQX/lib/twrvf65gs10_m4.gcc_arm/release/psp/psp.a(boot.o)
                0x3f000400                __boot

.text           0x3f000460    0x227a0
 *(KERNEL)
 KERNEL         0x3f000460      0x2f8 /mnt/hgfs/DBT/M4/MQX/lib/twrvf65gs10_m4.gcc_arm/release/psp/psp.a(dispatch.o)
                0x3f000460                _sched_start_internal
                0x3f000464                _sched_run_internal
                0x3f00046a                _sched_check_scheduler_internal
                0x3f000488                _sched_execute_scheduler_internal
                0x3f00048c                _mqx_api_call
                0x3f000490                _task_block
                0x3f000494                _svc_handler
                0x3f000516                _pend_svc
                0x3f0005dc                _int_kernel_isr
                0x3f000680                _psp_exception_return
                0x3f0006b8                _psp_save_fp_context_internal
                0x3f0006ec                _mem_test_and_set
                0x3f00070a                __get_PSP
                0x3f000710                __get_MSP
                0x3f000716                __set_MSP
                0x3f00071c                __get_PSR
                0x3f000722                __enable_interrupt
                0x3f000726                __disable_interrupt
                0x3f00072a                __get_LR
                0x3f00072e                __get_PC
                0x3f000732                __get_CONTROL
 *(.text*)
 .text.actuatorsStartProcess
                0x3f000758       0x5c ./gcc_arm/ram_release/obj/actuators.o
                0x3f000758                actuatorsStartProcess
 .text.actuatorsMoveTomoTrxHome
                0x3f0007b4       0x8c ./gcc_arm/ram_release/obj/actuators.o
                0x3f0007b4                actuatorsMoveTomoTrxHome
 .text.actuatorsMoveTomoTrxEnd
                0x3f000840       0x9c ./gcc_arm/ram_release/obj/actuators.o
                0x3f000840                actuatorsMoveTomoTrxEnd
 .text.actuatorsTrxMove
                0x3f0008dc       0x58 ./gcc_arm/ram_release/obj/actuators.o
                0x3f0008dc                actuatorsTrxMove
 .text.actuatorsTrxWaitReady
                0x3f000934       0x44 ./gcc_arm/ram_release/obj/actuators.o
                0x3f000934                actuatorsTrxWaitReady
 .text.actuatorsTrxActivateZeroSetting
                0x3f000978       0x44 ./gcc_arm/ram_release/obj/actuators.o
                0x3f000978                actuatorsTrxActivateZeroSetting
 .text.actuatorsTrxStop
                0x3f0009bc       0x70 ./gcc_arm/ram_release/obj/actuators.o
                0x3f0009bc                actuatorsTrxStop
 .text.actuatorsArmMove
                0x3f000a2c       0x90 ./gcc_arm/ram_release/obj/actuators.o
                0x3f000a2c                actuatorsArmMove
 .text.actuatorsManualArmMove
                0x3f000abc      0x10c ./gcc_arm/ram_release/obj/actuators.o
                0x3f000abc                actuatorsManualArmMove
 .text.actuatorsManualTrxMove
                0x3f000bc8       0xa8 ./gcc_arm/ram_release/obj/actuators.o
                0x3f000bc8                actuatorsManualTrxMove
 .text.actuatorsLenzeUnpark
                0x3f000c70       0x34 ./gcc_arm/ram_release/obj/actuators.o
                0x3f000c70                actuatorsLenzeUnpark
 .text.actuatorsLenzPark
                0x3f000ca4       0x34 ./gcc_arm/ram_release/obj/actuators.o
                0x3f000ca4                actuatorsLenzPark
 .text.config_trx
                0x3f000cd8       0x88 ./gcc_arm/ram_release/obj/actuators.o
                0x3f000cd8                config_trx
 .text.config_arm
                0x3f000d60       0xa0 ./gcc_arm/ram_release/obj/actuators.o
                0x3f000d60                config_arm
 .text.config_lenze
                0x3f000e00       0xa4 ./gcc_arm/ram_release/obj/actuators.o
                0x3f000e00                config_lenze
 .text.actuatorsRxFromActuators
                0x3f000ea4       0xb4 ./gcc_arm/ram_release/obj/actuators.o
                0x3f000ea4                actuatorsRxFromActuators
 .text.actuatorsGetStatus
                0x3f000f58       0x16 ./gcc_arm/ram_release/obj/actuators.o
                0x3f000f58                actuatorsGetStatus
 *fill*         0x3f000f6e        0x2 
 .text.actuatorsUpdateAngles
                0x3f000f70      0x138 ./gcc_arm/ram_release/obj/actuators.o
                0x3f000f70                actuatorsUpdateAngles
 .text.actuatorsManageEnables
                0x3f0010a8      0x128 ./gcc_arm/ram_release/obj/actuators.o
                0x3f0010a8                actuatorsManageEnables
 .text.actuatorsRxFromArm
                0x3f0011d0      0x24c ./gcc_arm/ram_release/obj/actuators.o
                0x3f0011d0                actuatorsRxFromArm
 .text.actuatorsRxFromTrx
                0x3f00141c      0x30c ./gcc_arm/ram_release/obj/actuators.o
                0x3f00141c                actuatorsRxFromTrx
 .text.actuatorsRxFromLenze
                0x3f001728       0xf8 ./gcc_arm/ram_release/obj/actuators.o
                0x3f001728                actuatorsRxFromLenze
 .text.BIOPSY_manageActivationLoop
                0x3f001820       0xcc ./gcc_arm/ram_release/obj/biopsy.o
 .text.BIOPSY_driver
                0x3f0018ec      0x4fc ./gcc_arm/ram_release/obj/biopsy.o
                0x3f0018ec                BIOPSY_driver
 .text.biopsyMoveXYZ
                0x3f001de8       0x4c ./gcc_arm/ram_release/obj/biopsy.o
                0x3f001de8                biopsyMoveXYZ
 .text.biopsyMoveHome
                0x3f001e34       0x2c ./gcc_arm/ram_release/obj/biopsy.o
                0x3f001e34                biopsyMoveHome
 .text.biopsyStepIncZ
                0x3f001e60       0x2c ./gcc_arm/ram_release/obj/biopsy.o
                0x3f001e60                biopsyStepIncZ
 .text.biopsyStepDecZ
                0x3f001e8c       0x2c ./gcc_arm/ram_release/obj/biopsy.o
                0x3f001e8c                biopsyStepDecZ
 .text.biopsyStepIncX
                0x3f001eb8       0x2c ./gcc_arm/ram_release/obj/biopsy.o
                0x3f001eb8                biopsyStepIncX
 .text.biopsyStepDecX
                0x3f001ee4       0x2c ./gcc_arm/ram_release/obj/biopsy.o
                0x3f001ee4                biopsyStepDecX
 .text.biopsyStepIncY
                0x3f001f10       0x2c ./gcc_arm/ram_release/obj/biopsy.o
                0x3f001f10                biopsyStepIncY
 .text.biopsyStepDecY
                0x3f001f3c       0x2c ./gcc_arm/ram_release/obj/biopsy.o
                0x3f001f3c                biopsyStepDecY
 .text.config_biopsy
                0x3f001f68       0x78 ./gcc_arm/ram_release/obj/biopsy.o
                0x3f001f68                config_biopsy
 .text.BiopsyDriverGetStat
                0x3f001fe0       0x4a ./gcc_arm/ram_release/obj/biopsy_driver.o
                0x3f001fe0                BiopsyDriverGetStat
 .text.BiopsyDriverGetRevision
                0x3f00202a       0x38 ./gcc_arm/ram_release/obj/biopsy_driver.o
                0x3f00202a                BiopsyDriverGetRevision
 .text.BiopsyDriverGetChecksum
                0x3f002062       0x44 ./gcc_arm/ram_release/obj/biopsy_driver.o
                0x3f002062                BiopsyDriverGetChecksum
 .text.BiopsyDriverGetNeedle
                0x3f0020a6       0x42 ./gcc_arm/ram_release/obj/biopsy_driver.o
                0x3f0020a6                BiopsyDriverGetNeedle
 .text.BiopsyDriverGetX
                0x3f0020e8       0x40 ./gcc_arm/ram_release/obj/biopsy_driver.o
                0x3f0020e8                BiopsyDriverGetX
 .text.BiopsyDriverGetY
                0x3f002128       0x40 ./gcc_arm/ram_release/obj/biopsy_driver.o
                0x3f002128                BiopsyDriverGetY
 .text.BiopsyDriverGetZ
                0x3f002168       0x40 ./gcc_arm/ram_release/obj/biopsy_driver.o
                0x3f002168                BiopsyDriverGetZ
 .text.BiopsyDriverGetSH
                0x3f0021a8       0x42 ./gcc_arm/ram_release/obj/biopsy_driver.o
                0x3f0021a8                BiopsyDriverGetSH
 .text.BiopsyDriverSetTGX
                0x3f0021ea       0x2e ./gcc_arm/ram_release/obj/biopsy_driver.o
                0x3f0021ea                BiopsyDriverSetTGX
 .text.BiopsyDriverSetTGY
                0x3f002218       0x2e ./gcc_arm/ram_release/obj/biopsy_driver.o
                0x3f002218                BiopsyDriverSetTGY
 .text.BiopsyDriverSetTGZ
                0x3f002246       0x2e ./gcc_arm/ram_release/obj/biopsy_driver.o
                0x3f002246                BiopsyDriverSetTGZ
 .text.BiopsyDriverMoveXYZ
                0x3f002274       0x4c ./gcc_arm/ram_release/obj/biopsy_driver.o
                0x3f002274                BiopsyDriverMoveXYZ
 .text.BiopsyDriverMoveHOME
                0x3f0022c0       0x4c ./gcc_arm/ram_release/obj/biopsy_driver.o
                0x3f0022c0                BiopsyDriverMoveHOME
 .text.BiopsyDriverMoveDecZ
                0x3f00230c       0x4c ./gcc_arm/ram_release/obj/biopsy_driver.o
                0x3f00230c                BiopsyDriverMoveDecZ
 .text.BiopsyDriverMoveIncZ
                0x3f002358       0x4c ./gcc_arm/ram_release/obj/biopsy_driver.o
                0x3f002358                BiopsyDriverMoveIncZ
 .text.BiopsyDriverMoveDecX
                0x3f0023a4       0x4c ./gcc_arm/ram_release/obj/biopsy_driver.o
                0x3f0023a4                BiopsyDriverMoveDecX
 .text.BiopsyDriverMoveIncX
                0x3f0023f0       0x4c ./gcc_arm/ram_release/obj/biopsy_driver.o
                0x3f0023f0                BiopsyDriverMoveIncX
 .text.BiopsyDriverMoveDecY
                0x3f00243c       0x4c ./gcc_arm/ram_release/obj/biopsy_driver.o
                0x3f00243c                BiopsyDriverMoveDecY
 .text.BiopsyDriverMoveIncY
                0x3f002488       0x4c ./gcc_arm/ram_release/obj/biopsy_driver.o
                0x3f002488                BiopsyDriverMoveIncY
 .text.BiopsyDriverSetStepVal
                0x3f0024d4       0x3c ./gcc_arm/ram_release/obj/biopsy_driver.o
                0x3f0024d4                BiopsyDriverSetStepVal
 .text.sim_serialCommand
                0x3f002510      0x198 ./gcc_arm/ram_release/obj/biopsy_simulator.o
                0x3f002510                sim_serialCommand
 .text.sim_BymReset
                0x3f0026a8       0x38 ./gcc_arm/ram_release/obj/biopsy_simulator.o
                0x3f0026a8                sim_BymReset
 .text.sim_DisconnectedStatus
                0x3f0026e0       0x38 ./gcc_arm/ram_release/obj/biopsy_simulator.o
                0x3f0026e0                sim_DisconnectedStatus
 .text.sim_ActivationStatus
                0x3f002718       0xac ./gcc_arm/ram_release/obj/biopsy_simulator.o
                0x3f002718                sim_ActivationStatus
 .text.BIOPSY_simdriver
                0x3f0027c4       0x78 ./gcc_arm/ram_release/obj/biopsy_simulator.o
                0x3f0027c4                BIOPSY_simdriver
 .text.SimSetPush
                0x3f00283c       0x34 ./gcc_arm/ram_release/obj/biopsy_simulator.o
                0x3f00283c                SimSetPush
 .text.SimSetAdapter
                0x3f002870       0x44 ./gcc_arm/ram_release/obj/biopsy_simulator.o
                0x3f002870                SimSetAdapter
 .text.SimConnessione
                0x3f0028b4       0x1c ./gcc_arm/ram_release/obj/biopsy_simulator.o
                0x3f0028b4                SimConnessione
 .text.SimSetLatX
                0x3f0028d0       0x44 ./gcc_arm/ram_release/obj/biopsy_simulator.o
                0x3f0028d0                SimSetLatX
 .text.SimSetSH
                0x3f002914       0x14 ./gcc_arm/ram_release/obj/biopsy_simulator.o
                0x3f002914                SimSetSH
 .text.SimSetXYZ
                0x3f002928       0x4c ./gcc_arm/ram_release/obj/biopsy_simulator.o
                0x3f002928                SimSetXYZ
 .text.msEventWaitAll
                0x3f002974       0x30 ./gcc_arm/ram_release/obj/common.o
                0x3f002974                msEventWaitAll
 .text.msEventWaitAny
                0x3f0029a4       0x30 ./gcc_arm/ram_release/obj/common.o
                0x3f0029a4                msEventWaitAny
 .text.setOutputs
                0x3f0029d4       0x5c ./gcc_arm/ram_release/obj/common.o
                0x3f0029d4                setOutputs
 .text.nearest  0x3f002a30       0x22 ./gcc_arm/ram_release/obj/common.o
                0x3f002a30                nearest
 .text.absI     0x3f002a52        0x8 ./gcc_arm/ram_release/obj/common.o
                0x3f002a52                absI
 *fill*         0x3f002a5a        0x2 
 .text.loader_activation
                0x3f002a5c       0x3c ./gcc_arm/ram_release/obj/gui.o
                0x3f002a5c                loader_activation
 .text.loader_chip_erase
                0x3f002a98       0x38 ./gcc_arm/ram_release/obj/gui.o
                0x3f002a98                loader_chip_erase
 .text.loader_write_block
                0x3f002ad0       0x9c ./gcc_arm/ram_release/obj/gui.o
                0x3f002ad0                loader_write_block
 .text.loader_write_config
                0x3f002b6c       0x3c ./gcc_arm/ram_release/obj/gui.o
                0x3f002b6c                loader_write_config
 .text.loader_read_config
                0x3f002ba8       0x98 ./gcc_arm/ram_release/obj/gui.o
                0x3f002ba8                loader_read_config
 .text.manageMccLoader
                0x3f002c40       0x60 ./gcc_arm/ram_release/obj/gui.o
                0x3f002c40                manageMccLoader
 .text.manageMccConfig
                0x3f002ca0      0x334 ./gcc_arm/ram_release/obj/gui.o
                0x3f002ca0                manageMccConfig
 .text.mcc_cmd_trx
                0x3f002fd4      0x118 ./gcc_arm/ram_release/obj/gui.o
                0x3f002fd4                mcc_cmd_trx
 .text.mcc_cmd_arm
                0x3f0030ec       0xb4 ./gcc_arm/ram_release/obj/gui.o
                0x3f0030ec                mcc_cmd_arm
 .text.mcc_raggi_std
                0x3f0031a0       0xe8 ./gcc_arm/ram_release/obj/gui.o
                0x3f0031a0                mcc_raggi_std
 .text.mcc_raggi_aec_std
                0x3f003288       0xf4 ./gcc_arm/ram_release/obj/gui.o
                0x3f003288                mcc_raggi_aec_std
 .text.mcc_raggi_bassa_energia
                0x3f00337c       0xd0 ./gcc_arm/ram_release/obj/gui.o
                0x3f00337c                mcc_raggi_bassa_energia
 .text.mcc_raggi_alta_energia
                0x3f00344c       0xc0 ./gcc_arm/ram_release/obj/gui.o
                0x3f00344c                mcc_raggi_alta_energia
 .text.mcc_exp_aec_std
                0x3f00350c       0xf8 ./gcc_arm/ram_release/obj/gui.o
                0x3f00350c                mcc_exp_aec_std
 .text.mcc_raggi_tomo
                0x3f003604      0x100 ./gcc_arm/ram_release/obj/gui.o
                0x3f003604                mcc_raggi_tomo
 .text.mcc_raggi_aec_tomo
                0x3f003704       0xfc ./gcc_arm/ram_release/obj/gui.o
                0x3f003704                mcc_raggi_aec_tomo
 .text.mccSetRotationToolConfig
                0x3f003800        0xc ./gcc_arm/ram_release/obj/gui.o
                0x3f003800                mccSetRotationToolConfig
 .text.mccGetGonio
                0x3f00380c       0x60 ./gcc_arm/ram_release/obj/gui.o
                0x3f00380c                mccGetGonio
 .text.mcc_set_mirror
                0x3f00386c       0x80 ./gcc_arm/ram_release/obj/gui.o
                0x3f00386c                mcc_set_mirror
 .text.mcc_set_lamp
                0x3f0038ec       0xcc ./gcc_arm/ram_release/obj/gui.o
                0x3f0038ec                mcc_set_lamp
 .text.mccSetFuoco
                0x3f0039b8       0x5c ./gcc_arm/ram_release/obj/gui.o
                0x3f0039b8                mccSetFuoco
 .text.mccSetFiltro
                0x3f003a14       0x24 ./gcc_arm/ram_release/obj/gui.o
                0x3f003a14                mccSetFiltro
 .text.mccSetCalibFiltro
                0x3f003a38       0x2c ./gcc_arm/ram_release/obj/gui.o
                0x3f003a38                mccSetCalibFiltro
 .text.mccSetColli
                0x3f003a64       0xdc ./gcc_arm/ram_release/obj/gui.o
                0x3f003a64                mccSetColli
 .text.mcc_manual_rx_shot
                0x3f003b40       0xfc ./gcc_arm/ram_release/obj/gui.o
                0x3f003b40                mcc_manual_rx_shot
 .text.mcc_set_starter
                0x3f003c3c       0x4c ./gcc_arm/ram_release/obj/gui.o
                0x3f003c3c                mcc_set_starter
 .text.srv_send
                0x3f003c88       0x38 ./gcc_arm/ram_release/obj/gui.o
                0x3f003c88                srv_send
 .text.mcc_service_commands
                0x3f003cc0       0xf4 ./gcc_arm/ram_release/obj/gui.o
                0x3f003cc0                mcc_service_commands
 .text.mcc_pcb215_calibration
                0x3f003db4       0xdc ./gcc_arm/ram_release/obj/gui.o
                0x3f003db4                mcc_pcb215_calibration
 .text.mccBiopsyCmd
                0x3f003e90       0x70 ./gcc_arm/ram_release/obj/gui.o
                0x3f003e90                mccBiopsyCmd
 .text.mccBiopsySimulator
                0x3f003f00       0xe4 ./gcc_arm/ram_release/obj/gui.o
                0x3f003f00                mccBiopsySimulator
 .text.mcc_pcb215_get_trolley
                0x3f003fe4       0x28 ./gcc_arm/ram_release/obj/gui.o
                0x3f003fe4                mcc_pcb215_get_trolley
 .text.mcc_canopen
                0x3f00400c       0x30 ./gcc_arm/ram_release/obj/gui.o
                0x3f00400c                mcc_canopen
 .text.mcc_calib_zero
                0x3f00403c       0xd4 ./gcc_arm/ram_release/obj/gui.o
                0x3f00403c                mcc_calib_zero
 .text.mccResetGonio
                0x3f004110       0x68 ./gcc_arm/ram_release/obj/gui.o
                0x3f004110                mccResetGonio
 .text.mcc_parking_mode
                0x3f004178      0x170 ./gcc_arm/ram_release/obj/gui.o
                0x3f004178                mcc_parking_mode
 .text.mcc_unparking_mode
                0x3f0042e8       0xdc ./gcc_arm/ram_release/obj/gui.o
                0x3f0042e8                mcc_unparking_mode
 .text.digitalManageMccOperativo
                0x3f0043c4      0x26c ./gcc_arm/ram_release/obj/gui.o
                0x3f0043c4                digitalManageMccOperativo
 .text.gui_interface_task
                0x3f004630       0x6c ./gcc_arm/ram_release/obj/gui.o
                0x3f004630                gui_interface_task
 .text.loaderCommand
                0x3f00469c       0x54 ./gcc_arm/ram_release/obj/loader.o
                0x3f00469c                loaderCommand
 .text.loaderRead
                0x3f0046f0       0xa0 ./gcc_arm/ram_release/obj/loader.o
                0x3f0046f0                loaderRead
 .text.loaderWrite
                0x3f004790       0x90 ./gcc_arm/ram_release/obj/loader.o
                0x3f004790                loaderWrite
 .text.loaderWriteBlk
                0x3f004820       0xcc ./gcc_arm/ram_release/obj/loader.o
                0x3f004820                loaderWriteBlk
 .text.loaderExit
                0x3f0048ec       0x42 ./gcc_arm/ram_release/obj/loader.o
                0x3f0048ec                loaderExit
 *fill*         0x3f00492e        0x2 
 .text.loaderActivation
                0x3f004930      0x200 ./gcc_arm/ram_release/obj/loader.o
                0x3f004930                loaderActivation
 .text.loaderChipErase
                0x3f004b30       0x34 ./gcc_arm/ram_release/obj/loader.o
                0x3f004b30                loaderChipErase
 .text.loaderLoadSegment
                0x3f004b64       0xf0 ./gcc_arm/ram_release/obj/loader.o
                0x3f004b64                loaderLoadSegment
 .text.loaderWriteConfig
                0x3f004c54       0xf6 ./gcc_arm/ram_release/obj/loader.o
                0x3f004c54                loaderWriteConfig
 *fill*         0x3f004d4a        0x2 
 .text.startupDigitalGantry
                0x3f004d4c      0x114 ./gcc_arm/ram_release/obj/main.o
                0x3f004d4c                startupDigitalGantry
 .text.main_task
                0x3f004e60      0x218 ./gcc_arm/ram_release/obj/main.o
                0x3f004e60                main_task
 .text.mainPrintHardwareConfig
                0x3f005078       0xe4 ./gcc_arm/ram_release/obj/main.o
                0x3f005078                mainPrintHardwareConfig
 .text.canOpenMasterInit
                0x3f00515c      0x1d4 ./gcc_arm/ram_release/obj/master_can.o
                0x3f00515c                canOpenMasterInit
 .text.Can_RxErrors_Task
                0x3f005330       0xf4 ./gcc_arm/ram_release/obj/master_can.o
                0x3f005330                Can_RxErrors_Task
 .text.CanSendToActuatorsSlave
                0x3f005424       0x2c ./gcc_arm/ram_release/obj/master_can.o
                0x3f005424                CanSendToActuatorsSlave
 .text.Can_Tx_Task
                0x3f005450       0x98 ./gcc_arm/ram_release/obj/master_can.o
                0x3f005450                Can_Tx_Task
 .text.Can_Rx_Task
                0x3f0054e8      0x168 ./gcc_arm/ram_release/obj/master_can.o
                0x3f0054e8                Can_Rx_Task
 .text.Can_RxActuators_Task
                0x3f005650       0x68 ./gcc_arm/ram_release/obj/master_can.o
                0x3f005650                Can_RxActuators_Task
 .text.mccOpenPort
                0x3f0056b8       0x12 ./gcc_arm/ram_release/obj/mccClass.o
                0x3f0056b8                mccOpenPort
 .text.mccSetChecksum
                0x3f0056ca       0x1e ./gcc_arm/ram_release/obj/mccClass.o
                0x3f0056ca                mccSetChecksum
 .text.mccSendBuffer
                0x3f0056e8       0x8c ./gcc_arm/ram_release/obj/mccClass.o
                0x3f0056e8                mccSendBuffer
 .text.mccLibNotify
                0x3f005774       0x5c ./gcc_arm/ram_release/obj/mccClass.o
 .text.mccIsFrameCorrect
                0x3f0057d0       0x28 ./gcc_arm/ram_release/obj/mccClass.o
                0x3f0057d0                mccIsFrameCorrect
 .text.mccRxFrame
                0x3f0057f8       0x32 ./gcc_arm/ram_release/obj/mccClass.o
                0x3f0057f8                mccRxFrame
 .text.mccGuiNotify
                0x3f00582a       0x1a ./gcc_arm/ram_release/obj/mccClass.o
                0x3f00582a                mccGuiNotify
 .text.mccServiceNotify
                0x3f005844       0x1a ./gcc_arm/ram_release/obj/mccClass.o
                0x3f005844                mccServiceNotify
 .text.mccLoaderNotify
                0x3f00585e       0x1a ./gcc_arm/ram_release/obj/mccClass.o
                0x3f00585e                mccLoaderNotify
 .text.mccPCB215Notify
                0x3f005878       0x1a ./gcc_arm/ram_release/obj/mccClass.o
                0x3f005878                mccPCB215Notify
 .text.mccPCB249U1Notify
                0x3f005892       0x1a ./gcc_arm/ram_release/obj/mccClass.o
                0x3f005892                mccPCB249U1Notify
 .text.mccPCB190Notify
                0x3f0058ac       0x1a ./gcc_arm/ram_release/obj/mccClass.o
                0x3f0058ac                mccPCB190Notify
 .text.mccBiopsyNotify
                0x3f0058c6       0x1a ./gcc_arm/ram_release/obj/mccClass.o
                0x3f0058c6                mccBiopsyNotify
 .text.mccConfigNotify
                0x3f0058e0       0x1a ./gcc_arm/ram_release/obj/mccClass.o
                0x3f0058e0                mccConfigNotify
 *fill*         0x3f0058fa        0x2 
 .text.GetFwRevision
                0x3f0058fc       0x60 ./gcc_arm/ram_release/obj/pcb190.o
 .text.pcb190DriverCommunicationError
                0x3f00595c       0x84 ./gcc_arm/ram_release/obj/pcb190.o
 .text.pcb190StartRxStd
                0x3f0059e0       0x44 ./gcc_arm/ram_release/obj/pcb190.o
                0x3f0059e0                pcb190StartRxStd
 .text.pcb190StartRxAecStd
                0x3f005a24       0x50 ./gcc_arm/ram_release/obj/pcb190.o
                0x3f005a24                pcb190StartRxAecStd
 .text.pcb190StartRxTomoAec
                0x3f005a74       0x50 ./gcc_arm/ram_release/obj/pcb190.o
                0x3f005a74                pcb190StartRxTomoAec
 .text.pcb190StartRxTomo
                0x3f005ac4       0x50 ./gcc_arm/ram_release/obj/pcb190.o
                0x3f005ac4                pcb190StartRxTomo
 .text.pcb190ResetFault
                0x3f005b14       0x60 ./gcc_arm/ram_release/obj/pcb190.o
                0x3f005b14                pcb190ResetFault
 .text.pcb190SetFuoco
                0x3f005b74       0x74 ./gcc_arm/ram_release/obj/pcb190.o
                0x3f005b74                pcb190SetFuoco
 .text.pcb190StarterH
                0x3f005be8       0x4c ./gcc_arm/ram_release/obj/pcb190.o
                0x3f005be8                pcb190StarterH
 .text.pcb190StarterL
                0x3f005c34       0x48 ./gcc_arm/ram_release/obj/pcb190.o
                0x3f005c34                pcb190StarterL
 .text.pcb190StopStarter
                0x3f005c7c       0x78 ./gcc_arm/ram_release/obj/pcb190.o
                0x3f005c7c                pcb190StopStarter
 .text.pcb190OffStarter
                0x3f005cf4       0x80 ./gcc_arm/ram_release/obj/pcb190.o
                0x3f005cf4                pcb190OffStarter
 .text.waitPcb190Ready
                0x3f005d74       0x40 ./gcc_arm/ram_release/obj/pcb190.o
                0x3f005d74                waitPcb190Ready
 .text.pcb190GetPostRxRegisters
                0x3f005db4       0x48 ./gcc_arm/ram_release/obj/pcb190.o
                0x3f005db4                pcb190GetPostRxRegisters
 .text.pcb190UpdateRegisters
                0x3f005dfc      0x2b4 ./gcc_arm/ram_release/obj/pcb190.o
                0x3f005dfc                pcb190UpdateRegisters
 .text.pcb190UploadExpose
                0x3f0060b0      0x194 ./gcc_arm/ram_release/obj/pcb190.o
                0x3f0060b0                pcb190UploadExpose
 .text.pcb190UploadTomoExpose
                0x3f006244      0x180 ./gcc_arm/ram_release/obj/pcb190.o
                0x3f006244                pcb190UploadTomoExpose
 .text.pcb190ConfigLSStarter
                0x3f0063c4       0xfc ./gcc_arm/ram_release/obj/pcb190.o
                0x3f0063c4                pcb190ConfigLSStarter
 .text.pcb190DisableLSStarterDiagnostic
                0x3f0064c0       0xb0 ./gcc_arm/ram_release/obj/pcb190.o
                0x3f0064c0                pcb190DisableLSStarterDiagnostic
 .text.pcb190_driver
                0x3f006570      0x2e0 ./gcc_arm/ram_release/obj/pcb190.o
                0x3f006570                pcb190_driver
 .text.pcb190PrintParametri
                0x3f006850      0x288 ./gcc_arm/ram_release/obj/pcb190.o
                0x3f006850                pcb190PrintParametri
 .text.config_pcb190
                0x3f006ad8       0x94 ./gcc_arm/ram_release/obj/pcb190.o
                0x3f006ad8                config_pcb190
 .text.pcb190ConvertKvRead
                0x3f006b6c       0x3c ./gcc_arm/ram_release/obj/pcb190.o
                0x3f006b6c                pcb190ConvertKvRead
 .text.pcb190TestLSStarter
                0x3f006ba8       0x18 ./gcc_arm/ram_release/obj/pcb190.o
                0x3f006ba8                pcb190TestLSStarter
 .text.classifyPad
                0x3f006bc0      0x100 ./gcc_arm/ram_release/obj/pcb215.o
 .text.GetFwRevision
                0x3f006cc0       0x60 ./gcc_arm/ram_release/obj/pcb215.o
 .text.pcb215ResetFault
                0x3f006d20       0x60 ./gcc_arm/ram_release/obj/pcb215.o
 .text.pcb215DriverCommunicationError
                0x3f006d80       0x9c ./gcc_arm/ram_release/obj/pcb215.o
 .text.pcb215SetSblocco
                0x3f006e1c       0x9c ./gcc_arm/ram_release/obj/pcb215.o
                0x3f006e1c                pcb215SetSblocco
 .text.pcb215SetXRaySblocco
                0x3f006eb8       0x34 ./gcc_arm/ram_release/obj/pcb215.o
                0x3f006eb8                pcb215SetXRaySblocco
 .text.pcb215MovePadUpward
                0x3f006eec       0x9c ./gcc_arm/ram_release/obj/pcb215.o
                0x3f006eec                pcb215MovePadUpward
 .text.pcb215MovePadDownward
                0x3f006f88      0x100 ./gcc_arm/ram_release/obj/pcb215.o
                0x3f006f88                pcb215MovePadDownward
 .text.pcb215SetIdle
                0x3f007088       0xac ./gcc_arm/ram_release/obj/pcb215.o
                0x3f007088                pcb215SetIdle
 .text.pcb215ConfigNacchera
                0x3f007134       0x60 ./gcc_arm/ram_release/obj/pcb215.o
                0x3f007134                pcb215ConfigNacchera
 .text.pcb215ConfigForza
                0x3f007194       0x7c ./gcc_arm/ram_release/obj/pcb215.o
                0x3f007194                pcb215ConfigForza
 .text.pcb215ActivateCalibMode
                0x3f007210       0x28 ./gcc_arm/ram_release/obj/pcb215.o
                0x3f007210                pcb215ActivateCalibMode
 .text.pcb215ForceUpdateData
                0x3f007238       0x14 ./gcc_arm/ram_release/obj/pcb215.o
                0x3f007238                pcb215ForceUpdateData
 .text.pcb215PrintConfig
                0x3f00724c      0x11c ./gcc_arm/ram_release/obj/pcb215.o
                0x3f00724c                pcb215PrintConfig
 .text.config_pcb215
                0x3f007368      0x108 ./gcc_arm/ram_release/obj/pcb215.o
                0x3f007368                config_pcb215
 .text.pcb215_driver
                0x3f007470      0xbd0 ./gcc_arm/ram_release/obj/pcb215.o
                0x3f007470                pcb215_driver
 .text.pcb215GetSpessoreNonCompresso
                0x3f008040       0xac ./gcc_arm/ram_release/obj/pcb215.o
                0x3f008040                pcb215GetSpessoreNonCompresso
 .text.pcb244_driver
                0x3f0080ec      0x250 ./gcc_arm/ram_release/obj/pcb244.o
                0x3f0080ec                pcb244_driver
 .text.pcb244StartVoiceCoil
                0x3f00833c       0x28 ./gcc_arm/ram_release/obj/pcb244.o
                0x3f00833c                pcb244StartVoiceCoil
 .text.pcb244StopVoiceCoil
                0x3f008364       0x1c ./gcc_arm/ram_release/obj/pcb244.o
                0x3f008364                pcb244StopVoiceCoil
 .text.pcb244SetFreqVoiceCoil
                0x3f008380       0x2c ./gcc_arm/ram_release/obj/pcb244.o
                0x3f008380                pcb244SetFreqVoiceCoil
 .text.pcb244SetAmplVoiceCoil
                0x3f0083ac       0x2c ./gcc_arm/ram_release/obj/pcb244.o
                0x3f0083ac                pcb244SetAmplVoiceCoil
 .text.pcb244Start2d
                0x3f0083d8       0x70 ./gcc_arm/ram_release/obj/pcb244.o
                0x3f0083d8                pcb244Start2d
 .text.pcb244Stop2d
                0x3f008448       0x70 ./gcc_arm/ram_release/obj/pcb244.o
                0x3f008448                pcb244Stop2d
 .text.pcb244ResetFaults
                0x3f0084b8       0x70 ./gcc_arm/ram_release/obj/pcb244.o
                0x3f0084b8                pcb244ResetFaults
 .text.pcb244ResetBoard
                0x3f008528       0x6c ./gcc_arm/ram_release/obj/pcb244.o
                0x3f008528                pcb244ResetBoard
 .text.config_pcb244
                0x3f008594        0x4 ./gcc_arm/ram_release/obj/pcb244.o
                0x3f008594                config_pcb244
 .text.GetFwRevision
                0x3f008598       0x60 ./gcc_arm/ram_release/obj/pcb249U1.o
 .text.pcb249U1DriverCommunicationError
                0x3f0085f8       0x90 ./gcc_arm/ram_release/obj/pcb249U1.o
 .text.pcb249U1WaitBusy.constprop.0
                0x3f008688       0x34 ./gcc_arm/ram_release/obj/pcb249U1.o
 .text.getAccessorioCodice
                0x3f0086bc       0x70 ./gcc_arm/ram_release/obj/pcb249U1.o
                0x3f0086bc                getAccessorioCodice
 .text.pcb249U1SetColliCmd
                0x3f00872c       0xa4 ./gcc_arm/ram_release/obj/pcb249U1.o
                0x3f00872c                pcb249U1SetColliCmd
 .text.pcb249U1ResetGonio
                0x3f0087d0       0x8c ./gcc_arm/ram_release/obj/pcb249U1.o
                0x3f0087d0                pcb249U1ResetGonio
 .text.pcb249U1ResetFaults
                0x3f00885c       0x40 ./gcc_arm/ram_release/obj/pcb249U1.o
                0x3f00885c                pcb249U1ResetFaults
 .text.pcb249U1SetColli
                0x3f00889c       0x48 ./gcc_arm/ram_release/obj/pcb249U1.o
                0x3f00889c                pcb249U1SetColli
 .text.pcb249U1initCollimator
                0x3f0088e4       0xa4 ./gcc_arm/ram_release/obj/pcb249U1.o
                0x3f0088e4                pcb249U1initCollimator
 .text.pcb249U1_driver
                0x3f008988      0x7e0 ./gcc_arm/ram_release/obj/pcb249U1.o
                0x3f008988                pcb249U1_driver
 .text.colliArrayPrint
                0x3f009168       0xe4 ./gcc_arm/ram_release/obj/pcb249U1.o
                0x3f009168                colliArrayPrint
 .text.pcb249U1SetTubeTemperatureThresholds
                0x3f00924c       0x48 ./gcc_arm/ram_release/obj/pcb249U1.o
                0x3f00924c                pcb249U1SetTubeTemperatureThresholds
 .text.pcb249U1SetWriteMode01
                0x3f009294       0x40 ./gcc_arm/ram_release/obj/pcb249U1.o
                0x3f009294                pcb249U1SetWriteMode01
 .text.pcb249U1SetWriteMode23
                0x3f0092d4       0x40 ./gcc_arm/ram_release/obj/pcb249U1.o
                0x3f0092d4                pcb249U1SetWriteMode23
 .text.setColliArray
                0x3f009314       0xfc ./gcc_arm/ram_release/obj/pcb249U1.o
                0x3f009314                setColliArray
 .text.config_pcb249U1
                0x3f009410       0xcc ./gcc_arm/ram_release/obj/pcb249U1.o
                0x3f009410                config_pcb249U1
 .text.pcb249U1_readGonio
                0x3f0094dc       0x38 ./gcc_arm/ram_release/obj/pcb249U1.o
                0x3f0094dc                pcb249U1_readGonio
 .text.wait2DLeftRightTrapCompletion
                0x3f009514       0x84 ./gcc_arm/ram_release/obj/pcb249U1.o
                0x3f009514                wait2DLeftRightTrapCompletion
 .text.pcb249U1_GetFreeze
                0x3f009598       0x10 ./gcc_arm/ram_release/obj/pcb249U1.o
                0x3f009598                pcb249U1_GetFreeze
 .text.pcb249U2getFilterCurrentPosition
                0x3f0095a8       0x2c ./gcc_arm/ram_release/obj/pcb249U2.o
 .text.GetFwRevision
                0x3f0095d4       0x60 ./gcc_arm/ram_release/obj/pcb249U2.o
 .text.pcb249U2ResetFaults
                0x3f009634       0x40 ./gcc_arm/ram_release/obj/pcb249U2.o
 .text.pcb249U2MirrorHomeCmd
                0x3f009674       0x4c ./gcc_arm/ram_release/obj/pcb249U2.o
 .text.pcb249U2MirrorOutCmd
                0x3f0096c0       0x4c ./gcc_arm/ram_release/obj/pcb249U2.o
 .text.pcb249U2ColliCmd
                0x3f00970c       0x68 ./gcc_arm/ram_release/obj/pcb249U2.o
                0x3f00970c                pcb249U2ColliCmd
 .text.pcb249U2RxSetFiltroCmd
                0x3f009774       0x58 ./gcc_arm/ram_release/obj/pcb249U2.o
                0x3f009774                pcb249U2RxSetFiltroCmd
 .text.pcb249U2StoreCmd
                0x3f0097cc       0x3c ./gcc_arm/ram_release/obj/pcb249U2.o
                0x3f0097cc                pcb249U2StoreCmd
 .text.pcb249U2ResetCalibFilterFlag
                0x3f009808       0x30 ./gcc_arm/ram_release/obj/pcb249U2.o
                0x3f009808                pcb249U2ResetCalibFilterFlag
 .text.pcb249U2LampCmd
                0x3f009838       0x54 ./gcc_arm/ram_release/obj/pcb249U2.o
                0x3f009838                pcb249U2LampCmd
 .text.pcb249U2SetColli
                0x3f00988c       0x4c ./gcc_arm/ram_release/obj/pcb249U2.o
                0x3f00988c                pcb249U2SetColli
 .text.pcb249U2SetFiltro
                0x3f0098d8       0x40 ./gcc_arm/ram_release/obj/pcb249U2.o
                0x3f0098d8                pcb249U2SetFiltro
 .text.pcb249WaitBusy
                0x3f009918       0x40 ./gcc_arm/ram_release/obj/pcb249U2.o
                0x3f009918                pcb249WaitBusy
 .text.pcb249U2_driver
                0x3f009958      0x5e4 ./gcc_arm/ram_release/obj/pcb249U2.o
                0x3f009958                pcb249U2_driver
 .text.pcb249U2Mirror
                0x3f009f3c       0x70 ./gcc_arm/ram_release/obj/pcb249U2.o
                0x3f009f3c                pcb249U2Mirror
 .text.pcb249U2Lamp
                0x3f009fac       0x60 ./gcc_arm/ram_release/obj/pcb249U2.o
                0x3f009fac                pcb249U2Lamp
 .text.config_pcb249U2
                0x3f00a00c       0x94 ./gcc_arm/ram_release/obj/pcb249U2.o
                0x3f00a00c                config_pcb249U2
 .text.pcb249U2SetFiltroRaw
                0x3f00a0a0       0x4c ./gcc_arm/ram_release/obj/pcb249U2.o
                0x3f00a0a0                pcb249U2SetFiltroRaw
 .text.getTomoDeltaFilter
                0x3f00a0ec       0x50 ./gcc_arm/ram_release/obj/pcb249U2.o
                0x3f00a0ec                getTomoDeltaFilter
 .text.waitRxFilterCompletion
                0x3f00a13c       0x64 ./gcc_arm/ram_release/obj/pcb249U2.o
                0x3f00a13c                waitRxFilterCompletion
 .text.wait2DBackFrontCompletion
                0x3f00a1a0       0x98 ./gcc_arm/ram_release/obj/pcb249U2.o
                0x3f00a1a0                wait2DBackFrontCompletion
 .text.pcb249U2_GetFreeze
                0x3f00a238       0x10 ./gcc_arm/ram_release/obj/pcb249U2.o
                0x3f00a238                pcb249U2_GetFreeze
 .text.RxAeSeqError
                0x3f00a248      0x140 ./gcc_arm/ram_release/obj/seqrx_ae.o
 .text.std_ae_rx_task
                0x3f00a388      0x520 ./gcc_arm/ram_release/obj/seqrx_ae.o
                0x3f00a388                std_ae_rx_task
 .text.RxStdSeqError
                0x3f00a8a8      0x120 ./gcc_arm/ram_release/obj/seqrx_std.o
 .text.std_rx_task
                0x3f00a9c8      0x414 ./gcc_arm/ram_release/obj/seqrx_std.o
                0x3f00a9c8                std_rx_task
 .text.RxStdAecSeqError
                0x3f00addc      0x108 ./gcc_arm/ram_release/obj/seqrx_std_aec.o
 .text.std_aec_rx_task
                0x3f00aee4      0x500 ./gcc_arm/ram_release/obj/seqrx_std_aec.o
                0x3f00aee4                std_aec_rx_task
 .text.RxTomoSeqError
                0x3f00b3e4      0x168 ./gcc_arm/ram_release/obj/seqrx_tomo.o
 .text.tomo_rx_task
                0x3f00b54c      0x77c ./gcc_arm/ram_release/obj/seqrx_tomo.o
                0x3f00b54c                tomo_rx_task
 .text.RxTomoSeqAecError
                0x3f00bcc8      0x168 ./gcc_arm/ram_release/obj/seqrx_tomo_aec.o
 .text.tomo_aec_rx_task
                0x3f00be30      0x874 ./gcc_arm/ram_release/obj/seqrx_tomo_aec.o
                0x3f00be30                tomo_aec_rx_task
 *fill*         0x3f00c6a4        0x4 
 .text.rxNotifyData
                0x3f00c6a8      0x620 ./gcc_arm/ram_release/obj/sequences.o
                0x3f00c6a8                rxNotifyData
 .text.ser422SetBaud
                0x3f00ccc8       0x20 ./gcc_arm/ram_release/obj/ser422.o
                0x3f00ccc8                ser422SetBaud
 .text.ser422_driver
                0x3f00cce8      0x4b4 ./gcc_arm/ram_release/obj/ser422.o
                0x3f00cce8                ser422_driver
 .text.Ser422Send
                0x3f00d19c       0x74 ./gcc_arm/ram_release/obj/ser422.o
                0x3f00d19c                Ser422Send
 .text.Ser422LoaderSend
                0x3f00d210       0x6c ./gcc_arm/ram_release/obj/ser422.o
                0x3f00d210                Ser422LoaderSend
 .text.Ser422WriteRegister
                0x3f00d27c       0xc2 ./gcc_arm/ram_release/obj/ser422.o
                0x3f00d27c                Ser422WriteRegister
 .text.Ser422UploadRegisters
                0x3f00d33e       0x7e ./gcc_arm/ram_release/obj/ser422.o
                0x3f00d33e                Ser422UploadRegisters
 .text.Ser422ReadRegister
                0x3f00d3bc       0x9e ./gcc_arm/ram_release/obj/ser422.o
                0x3f00d3bc                Ser422ReadRegister
 .text.Ser422SendRaw
                0x3f00d45a       0x5e ./gcc_arm/ram_release/obj/ser422.o
                0x3f00d45a                Ser422SendRaw
 .text.Ser422WriteRaw
                0x3f00d4b8       0x38 ./gcc_arm/ram_release/obj/ser422.o
                0x3f00d4b8                Ser422WriteRaw
 .text.Ser422ReadAddrRegister
                0x3f00d4f0       0x40 ./gcc_arm/ram_release/obj/ser422.o
                0x3f00d4f0                Ser422ReadAddrRegister
 .text.Ser422Read16BitRegister
                0x3f00d530       0x68 ./gcc_arm/ram_release/obj/ser422.o
                0x3f00d530                Ser422Read16BitRegister
 .text.Ser422FormatRegListCrc
                0x3f00d598       0x40 ./gcc_arm/ram_release/obj/ser422.o
                0x3f00d598                Ser422FormatRegListCrc
 .text.Ser422SetConfigList
                0x3f00d5d8       0xf8 ./gcc_arm/ram_release/obj/ser422.o
                0x3f00d5d8                Ser422SetConfigList
 .text.Ser422DriverFreezeAll
                0x3f00d6d0       0x80 ./gcc_arm/ram_release/obj/ser422.o
                0x3f00d6d0                Ser422DriverFreezeAll
 .text.Ser422DriverSetReadyAll
                0x3f00d750       0x4c ./gcc_arm/ram_release/obj/ser422.o
                0x3f00d750                Ser422DriverSetReadyAll
 .text._io_printf
                0x3f00d79c       0x30 /mnt/hgfs/DBT/M4/MQX/lib/twrvf65gs10_m4.gcc_arm/release/psp/psp.a(io_pntf.o)
                0x3f00d79c                _io_printf
 .text._task_stop_preemption
                0x3f00d7cc       0x20 /mnt/hgfs/DBT/M4/MQX/lib/twrvf65gs10_m4.gcc_arm/release/psp/psp.a(task.o)
                0x3f00d7cc                _task_stop_preemption
 .text._task_get_error
                0x3f00d7ec       0x18 /mnt/hgfs/DBT/M4/MQX/lib/twrvf65gs10_m4.gcc_arm/release/psp/psp.a(task.o)
                0x3f00d7ec                _task_get_error
 .text._task_get_id
                0x3f00d804       0x10 /mnt/hgfs/DBT/M4/MQX/lib/twrvf65gs10_m4.gcc_arm/release/psp/psp.a(task.o)
                0x3f00d804                _task_get_id
 .text._task_get_td
                0x3f00d814       0x50 /mnt/hgfs/DBT/M4/MQX/lib/twrvf65gs10_m4.gcc_arm/release/psp/psp.a(task.o)
                0x3f00d814                _task_get_td
 .text._task_destroy_internal
                0x3f00d864      0x20c /mnt/hgfs/DBT/M4/MQX/lib/twrvf65gs10_m4.gcc_arm/release/psp/psp.a(task.o)
                0x3f00d864                _task_destroy_internal
 .text._task_destroy
                0x3f00da70        0x6 /mnt/hgfs/DBT/M4/MQX/lib/twrvf65gs10_m4.gcc_arm/release/psp/psp.a(task.o)
                0x3f00da70                _task_destroy
 *fill*         0x3f00da76        0x2 
 .text._task_exit_function_internal
                0x3f00da78       0x20 /mnt/hgfs/DBT/M4/MQX/lib/twrvf65gs10_m4.gcc_arm/release/psp/psp.a(task.o)
                0x3f00da78                _task_exit_function_internal
 .text._task_set_error
                0x3f00da98       0x2c /mnt/hgfs/DBT/M4/MQX/lib/twrvf65gs10_m4.gcc_arm/release/psp/psp.a(task.o)
                0x3f00da98                _task_set_error
 .text._task_fill_stack_internal
                0x3f00dac4       0x18 /mnt/hgfs/DBT/M4/MQX/lib/twrvf65gs10_m4.gcc_arm/release/psp/psp.a(task.o)
                0x3f00dac4                _task_fill_stack_internal
 .text._task_ready_internal
                0x3f00dadc       0x28 /mnt/hgfs/DBT/M4/MQX/lib/twrvf65gs10_m4.gcc_arm/release/psp/psp.a(task.o)
                0x3f00dadc                _task_ready_internal
 .text._task_sync_priority_internal
                0x3f00db04        0x2 /mnt/hgfs/DBT/M4/MQX/lib/twrvf65gs10_m4.gcc_arm/release/psp/psp.a(task.o)
                0x3f00db04                _task_sync_priority_internal
 *fill*         0x3f00db06        0x2 
 .text._task_alloc_td_internal
                0x3f00db08       0xb8 /mnt/hgfs/DBT/M4/MQX/lib/twrvf65gs10_m4.gcc_arm/release/psp/psp.a(task.o)
                0x3f00db08                _task_alloc_td_internal
 .text._task_init_internal
                0x3f00dbc0      0x15c /mnt/hgfs/DBT/M4/MQX/lib/twrvf65gs10_m4.gcc_arm/release/psp/psp.a(task.o)
                0x3f00dbc0                _task_init_internal
 .text._task_build_internal
                0x3f00dd1c       0x64 /mnt/hgfs/DBT/M4/MQX/lib/twrvf65gs10_m4.gcc_arm/release/psp/psp.a(task.o)
                0x3f00dd1c                _task_build_internal
 .text._task_create_internal
                0x3f00dd80       0xb4 /mnt/hgfs/DBT/M4/MQX/lib/twrvf65gs10_m4.gcc_arm/release/psp/psp.a(task.o)
                0x3f00dd80                _task_create_internal
 .text._task_create
                0x3f00de34        0x6 /mnt/hgfs/DBT/M4/MQX/lib/twrvf65gs10_m4.gcc_arm/release/psp/psp.a(task.o)
                0x3f00de34                _task_create
 .text._task_set_error_td_internal
                0x3f00de3a        0xc /mnt/hgfs/DBT/M4/MQX/lib/twrvf65gs10_m4.gcc_arm/release/psp/psp.a(task.o)
                0x3f00de3a                _task_set_error_td_internal
 .text._psp_destroy_stack_frame
                0x3f00de46        0x2 /mnt/hgfs/DBT/M4/MQX/lib/twrvf65gs10_m4.gcc_arm/release/psp/psp.a(stack_de.o)
                0x3f00de46                _psp_destroy_stack_frame
 .text._lwevent_create_internal
                0x3f00de48       0x70 /mnt/hgfs/DBT/M4/MQX/lib/twrvf65gs10_m4.gcc_arm/release/psp/psp.a(lwevent.o)
                0x3f00de48                _lwevent_create_internal
 .text._lwevent_create
                0x3f00deb8        0x6 /mnt/hgfs/DBT/M4/MQX/lib/twrvf65gs10_m4.gcc_arm/release/psp/psp.a(lwevent.o)
                0x3f00deb8                _lwevent_create
 *fill*         0x3f00debe        0x2 
 .text._lwevent_destroy_internal
                0x3f00dec0       0x94 /mnt/hgfs/DBT/M4/MQX/lib/twrvf65gs10_m4.gcc_arm/release/psp/psp.a(lwevent.o)
                0x3f00dec0                _lwevent_destroy_internal
 .text._lwevent_destroy
                0x3f00df54        0x6 /mnt/hgfs/DBT/M4/MQX/lib/twrvf65gs10_m4.gcc_arm/release/psp/psp.a(lwevent.o)
                0x3f00df54                _lwevent_destroy
 *fill*         0x3f00df5a        0x2 
 .text._lwevent_clear
                0x3f00df5c       0x30 /mnt/hgfs/DBT/M4/MQX/lib/twrvf65gs10_m4.gcc_arm/release/psp/psp.a(lwevent.o)
                0x3f00df5c                _lwevent_clear
 .text._lwevent_get_signalled
                0x3f00df8c       0x10 /mnt/hgfs/DBT/M4/MQX/lib/twrvf65gs10_m4.gcc_arm/release/psp/psp.a(lwevent.o)
                0x3f00df8c                _lwevent_get_signalled
 .text._lwevent_set
                0x3f00df9c       0xc8 /mnt/hgfs/DBT/M4/MQX/lib/twrvf65gs10_m4.gcc_arm/release/psp/psp.a(lwevent.o)
                0x3f00df9c                _lwevent_set
 .text._lwevent_wait_internal
                0x3f00e064       0xd4 /mnt/hgfs/DBT/M4/MQX/lib/twrvf65gs10_m4.gcc_arm/release/psp/psp.a(lwevent.o)
                0x3f00e064                _lwevent_wait_internal
 .text._lwevent_wait_for
                0x3f00e138        0xe /mnt/hgfs/DBT/M4/MQX/lib/twrvf65gs10_m4.gcc_arm/release/psp/psp.a(lwevent.o)
                0x3f00e138                _lwevent_wait_for
 .text._lwevent_wait_until
                0x3f00e146        0xe /mnt/hgfs/DBT/M4/MQX/lib/twrvf65gs10_m4.gcc_arm/release/psp/psp.a(lwevent.o)
                0x3f00e146                _lwevent_wait_until
 .text._lwevent_wait_ticks
                0x3f00e154       0x44 /mnt/hgfs/DBT/M4/MQX/lib/twrvf65gs10_m4.gcc_arm/release/psp/psp.a(lwevent.o)
                0x3f00e154                _lwevent_wait_ticks
 .text._io_get_handle
                0x3f00e198       0x40 /mnt/hgfs/DBT/M4/MQX/lib/twrvf65gs10_m4.gcc_arm/release/psp/psp.a(io_ghand.o)
                0x3f00e198                _io_get_handle
 .text._sched_yield
                0x3f00e1d8       0x2c /mnt/hgfs/DBT/M4/MQX/lib/twrvf65gs10_m4.gcc_arm/release/psp/psp.a(sched.o)
                0x3f00e1d8                _sched_yield
 .text._sched_insert_priorityq_internal
                0x3f00e204       0x2e /mnt/hgfs/DBT/M4/MQX/lib/twrvf65gs10_m4.gcc_arm/release/psp/psp.a(sched.o)
                0x3f00e204                _sched_insert_priorityq_internal
 .text._sched_get_max_priority_on_q_internal
                0x3f00e232       0x1e /mnt/hgfs/DBT/M4/MQX/lib/twrvf65gs10_m4.gcc_arm/release/psp/psp.a(sched.o)
                0x3f00e232                _sched_get_max_priority_on_q_internal
 .text._sched_set_priority_internal
                0x3f00e250       0x58 /mnt/hgfs/DBT/M4/MQX/lib/twrvf65gs10_m4.gcc_arm/release/psp/psp.a(sched.o)
                0x3f00e250                _sched_set_priority_internal
 .text._sched_boost_priority_internal
                0x3f00e2a8       0x1c /mnt/hgfs/DBT/M4/MQX/lib/twrvf65gs10_m4.gcc_arm/release/psp/psp.a(sched.o)
                0x3f00e2a8                _sched_boost_priority_internal
 .text._sched_unboost_priority_internal
                0x3f00e2c4       0x30 /mnt/hgfs/DBT/M4/MQX/lib/twrvf65gs10_m4.gcc_arm/release/psp/psp.a(sched.o)
                0x3f00e2c4                _sched_unboost_priority_internal
 .text._io_fflush
                0x3f00e2f4       0x2e /mnt/hgfs/DBT/M4/MQX/lib/twrvf65gs10_m4.gcc_arm/release/psp/psp.a(io_fflsh.o)
                0x3f00e2f4                _io_fflush
 .text._io_mputc
                0x3f00e322       0x32 /mnt/hgfs/DBT/M4/MQX/lib/twrvf65gs10_m4.gcc_arm/release/psp/psp.a(io_dopr.o)
 .text._io_putstr
                0x3f00e354       0x34 /mnt/hgfs/DBT/M4/MQX/lib/twrvf65gs10_m4.gcc_arm/release/psp/psp.a(io_dopr.o)
 .text._io_doprint_prt
                0x3f00e388       0x98 /mnt/hgfs/DBT/M4/MQX/lib/twrvf65gs10_m4.gcc_arm/release/psp/psp.a(io_dopr.o)
                0x3f00e388                _io_doprint_prt
 .text._io_doprint_prt64
                0x3f00e420       0xf4 /mnt/hgfs/DBT/M4/MQX/lib/twrvf65gs10_m4.gcc_arm/release/psp/psp.a(io_dopr.o)
                0x3f00e420                _io_doprint_prt64
 *fill*         0x3f00e514        0x4 
 .text._io_doprint
                0x3f00e518      0x9c8 /mnt/hgfs/DBT/M4/MQX/lib/twrvf65gs10_m4.gcc_arm/release/psp/psp.a(io_dopr.o)
                0x3f00e518                _io_doprint
 .text._taskq_create
                0x3f00eee0       0x70 /mnt/hgfs/DBT/M4/MQX/lib/twrvf65gs10_m4.gcc_arm/release/psp/psp.a(taskq.o)
                0x3f00eee0                _taskq_create
 .text._taskq_destroy
                0x3f00ef50       0x78 /mnt/hgfs/DBT/M4/MQX/lib/twrvf65gs10_m4.gcc_arm/release/psp/psp.a(taskq.o)
                0x3f00ef50                _taskq_destroy
 .text._taskq_suspend
                0x3f00efc8       0x68 /mnt/hgfs/DBT/M4/MQX/lib/twrvf65gs10_m4.gcc_arm/release/psp/psp.a(taskq.o)
                0x3f00efc8                _taskq_suspend
 .text._taskq_resume
                0x3f00f030       0x5c /mnt/hgfs/DBT/M4/MQX/lib/twrvf65gs10_m4.gcc_arm/release/psp/psp.a(taskq.o)
                0x3f00f030                _taskq_resume
 .text._taskq_get_value
                0x3f00f08c       0x24 /mnt/hgfs/DBT/M4/MQX/lib/twrvf65gs10_m4.gcc_arm/release/psp/psp.a(taskq.o)
                0x3f00f08c                _taskq_get_value
 .text._mqx_exit
                0x3f00f0b0        0x8 /mnt/hgfs/DBT/M4/MQX/lib/twrvf65gs10_m4.gcc_arm/release/psp/psp.a(mqx.o)
                0x3f00f0b0                _mqx_exit
 .text._mqx_set_cpu_type
                0x3f00f0b8        0xc /mnt/hgfs/DBT/M4/MQX/lib/twrvf65gs10_m4.gcc_arm/release/psp/psp.a(mqx.o)
                0x3f00f0b8                _mqx_set_cpu_type
 .text._mqx_init_kernel_data_internal
                0x3f00f0c4      0x110 /mnt/hgfs/DBT/M4/MQX/lib/twrvf65gs10_m4.gcc_arm/release/psp/psp.a(mqx.o)
                0x3f00f0c4                _mqx_init_kernel_data_internal
 .text._mqx     0x3f00f1d4      0x14c /mnt/hgfs/DBT/M4/MQX/lib/twrvf65gs10_m4.gcc_arm/release/psp/psp.a(mqx.o)
                0x3f00f1d4                _mqx
 .text._lwsem_create_internal
                0x3f00f320       0x54 /mnt/hgfs/DBT/M4/MQX/lib/twrvf65gs10_m4.gcc_arm/release/psp/psp.a(lwsem.o)
                0x3f00f320                _lwsem_create_internal
 .text._lwsem_create
                0x3f00f374        0x8 /mnt/hgfs/DBT/M4/MQX/lib/twrvf65gs10_m4.gcc_arm/release/psp/psp.a(lwsem.o)
                0x3f00f374                _lwsem_create
 .text._lwsem_destroy_internal
                0x3f00f37c       0xa0 /mnt/hgfs/DBT/M4/MQX/lib/twrvf65gs10_m4.gcc_arm/release/psp/psp.a(lwsem.o)
                0x3f00f37c                _lwsem_destroy_internal
 .text._lwsem_destroy
                0x3f00f41c        0x6 /mnt/hgfs/DBT/M4/MQX/lib/twrvf65gs10_m4.gcc_arm/release/psp/psp.a(lwsem.o)
                0x3f00f41c                _lwsem_destroy
 *fill*         0x3f00f422        0x2 
 .text._lwsem_poll
                0x3f00f424       0x30 /mnt/hgfs/DBT/M4/MQX/lib/twrvf65gs10_m4.gcc_arm/release/psp/psp.a(lwsem.o)
                0x3f00f424                _lwsem_poll
 .text._lwsem_post
                0x3f00f454       0x80 /mnt/hgfs/DBT/M4/MQX/lib/twrvf65gs10_m4.gcc_arm/release/psp/psp.a(lwsem.o)
                0x3f00f454                _lwsem_post
 .text._lwsem_wait
                0x3f00f4d4       0x6c /mnt/hgfs/DBT/M4/MQX/lib/twrvf65gs10_m4.gcc_arm/release/psp/psp.a(lwsem.o)
                0x3f00f4d4                _lwsem_wait
 .text._queue_init
                0x3f00f540        0xc /mnt/hgfs/DBT/M4/MQX/lib/twrvf65gs10_m4.gcc_arm/release/psp/psp.a(queue.o)
                0x3f00f540                _queue_init
 .text._queue_enqueue
                0x3f00f54c       0x3a /mnt/hgfs/DBT/M4/MQX/lib/twrvf65gs10_m4.gcc_arm/release/psp/psp.a(queue.o)
                0x3f00f54c                _queue_enqueue
 .text._queue_dequeue
                0x3f00f586       0x24 /mnt/hgfs/DBT/M4/MQX/lib/twrvf65gs10_m4.gcc_arm/release/psp/psp.a(queue.o)
                0x3f00f586                _queue_dequeue
 .text._queue_insert
                0x3f00f5aa       0x3c /mnt/hgfs/DBT/M4/MQX/lib/twrvf65gs10_m4.gcc_arm/release/psp/psp.a(queue.o)
                0x3f00f5aa                _queue_insert
 *fill*         0x3f00f5e6        0x2 
 .text._psp_set_kernel_disable_level
                0x3f00f5e8       0x4c /mnt/hgfs/DBT/M4/MQX/lib/twrvf65gs10_m4.gcc_arm/release/psp/psp.a(sc_irdyq.o)
                0x3f00f5e8                _psp_set_kernel_disable_level
 .text._psp_init_readyqs
                0x3f00f634       0x70 /mnt/hgfs/DBT/M4/MQX/lib/twrvf65gs10_m4.gcc_arm/release/psp/psp.a(sc_irdyq.o)
                0x3f00f634                _psp_init_readyqs
 .text._io_ioctl
                0x3f00f6a4       0x30 /mnt/hgfs/DBT/M4/MQX/lib/twrvf65gs10_m4.gcc_arm/release/psp/psp.a(io_ioctl.o)
                0x3f00f6a4                _io_ioctl
 .text._mem_create_pool_internal
                0x3f00f6d4       0xbc /mnt/hgfs/DBT/M4/MQX/lib/twrvf65gs10_m4.gcc_arm/release/psp/psp.a(mem.o)
                0x3f00f6d4                _mem_create_pool_internal
 .text._mem_create_pool
                0x3f00f790       0x3a /mnt/hgfs/DBT/M4/MQX/lib/twrvf65gs10_m4.gcc_arm/release/psp/psp.a(mem.o)
                0x3f00f790                _mem_create_pool
 *fill*         0x3f00f7ca        0x2 
 .text._mem_extend_pool_internal
                0x3f00f7cc       0xc4 /mnt/hgfs/DBT/M4/MQX/lib/twrvf65gs10_m4.gcc_arm/release/psp/psp.a(mem.o)
                0x3f00f7cc                _mem_extend_pool_internal
 .text._mem_extend
                0x3f00f890       0x10 /mnt/hgfs/DBT/M4/MQX/lib/twrvf65gs10_m4.gcc_arm/release/psp/psp.a(mem.o)
                0x3f00f890                _mem_extend
 .text._mem_check_coalesce_internal
                0x3f00f8a0       0xdc /mnt/hgfs/DBT/M4/MQX/lib/twrvf65gs10_m4.gcc_arm/release/psp/psp.a(mem.o)
                0x3f00f8a0                _mem_check_coalesce_internal
 .text._mem_free
                0x3f00f97c      0x174 /mnt/hgfs/DBT/M4/MQX/lib/twrvf65gs10_m4.gcc_arm/release/psp/psp.a(mem.o)
                0x3f00f97c                _mem_free
 .text._mem_init_internal
                0x3f00faf0       0x6c /mnt/hgfs/DBT/M4/MQX/lib/twrvf65gs10_m4.gcc_arm/release/psp/psp.a(mem.o)
                0x3f00faf0                _mem_init_internal
 .text._mem_get_next_block_internal
                0x3f00fb5c        0xc /mnt/hgfs/DBT/M4/MQX/lib/twrvf65gs10_m4.gcc_arm/release/psp/psp.a(mem.o)
                0x3f00fb5c                _mem_get_next_block_internal
 .text._mem_set_type
                0x3f00fb68       0x30 /mnt/hgfs/DBT/M4/MQX/lib/twrvf65gs10_m4.gcc_arm/release/psp/psp.a(mem.o)
                0x3f00fb68                _mem_set_type
 .text._mem_transfer_internal
                0x3f00fb98       0x28 /mnt/hgfs/DBT/M4/MQX/lib/twrvf65gs10_m4.gcc_arm/release/psp/psp.a(mem.o)
                0x3f00fb98                _mem_transfer_internal
 .text._mem_alloc_internal
                0x3f00fbc0      0x18c /mnt/hgfs/DBT/M4/MQX/lib/twrvf65gs10_m4.gcc_arm/release/psp/psp.a(mem.o)
                0x3f00fbc0                _mem_alloc_internal
 .text._mem_alloc
                0x3f00fd4c       0x3c /mnt/hgfs/DBT/M4/MQX/lib/twrvf65gs10_m4.gcc_arm/release/psp/psp.a(mem.o)
                0x3f00fd4c                _mem_alloc
 .text._mem_alloc_zero
                0x3f00fd88       0x48 /mnt/hgfs/DBT/M4/MQX/lib/twrvf65gs10_m4.gcc_arm/release/psp/psp.a(mem.o)
                0x3f00fd88                _mem_alloc_zero
 .text._mem_alloc_system
                0x3f00fdd0       0x3c /mnt/hgfs/DBT/M4/MQX/lib/twrvf65gs10_m4.gcc_arm/release/psp/psp.a(mem.o)
                0x3f00fdd0                _mem_alloc_system
 .text._mem_alloc_system_zero
                0x3f00fe0c       0x48 /mnt/hgfs/DBT/M4/MQX/lib/twrvf65gs10_m4.gcc_arm/release/psp/psp.a(mem.o)
                0x3f00fe0c                _mem_alloc_system_zero
 .text._mem_alloc_system_zero_uncached
                0x3f00fe54       0x48 /mnt/hgfs/DBT/M4/MQX/lib/twrvf65gs10_m4.gcc_arm/release/psp/psp.a(mem.o)
                0x3f00fe54                _mem_alloc_system_zero_uncached
 .text._mem_alloc_internal_align
                0x3f00fe9c      0x1ba /mnt/hgfs/DBT/M4/MQX/lib/twrvf65gs10_m4.gcc_arm/release/psp/psp.a(mem.o)
                0x3f00fe9c                _mem_alloc_internal_align
 *fill*         0x3f010056        0x2 
 .text._mem_alloc_system_align
                0x3f010058       0x44 /mnt/hgfs/DBT/M4/MQX/lib/twrvf65gs10_m4.gcc_arm/release/psp/psp.a(mem.o)
                0x3f010058                _mem_alloc_system_align
 .text._time_add_msec_to_ticks
                0x3f01009c       0x1e /mnt/hgfs/DBT/M4/MQX/lib/twrvf65gs10_m4.gcc_arm/release/psp/psp.a(time.o)
                0x3f01009c                _time_add_msec_to_ticks
 .text._time_add_usec_to_ticks
                0x3f0100ba       0x1e /mnt/hgfs/DBT/M4/MQX/lib/twrvf65gs10_m4.gcc_arm/release/psp/psp.a(time.o)
                0x3f0100ba                _time_add_usec_to_ticks
 .text._time_delay_internal
                0x3f0100d8       0x7c /mnt/hgfs/DBT/M4/MQX/lib/twrvf65gs10_m4.gcc_arm/release/psp/psp.a(time.o)
                0x3f0100d8                _time_delay_internal
 .text._time_delay
                0x3f010154       0x50 /mnt/hgfs/DBT/M4/MQX/lib/twrvf65gs10_m4.gcc_arm/release/psp/psp.a(time.o)
                0x3f010154                _time_delay
 .text._time_delay_for
                0x3f0101a4       0x3c /mnt/hgfs/DBT/M4/MQX/lib/twrvf65gs10_m4.gcc_arm/release/psp/psp.a(time.o)
                0x3f0101a4                _time_delay_for
 .text._time_delay_until
                0x3f0101e0       0x34 /mnt/hgfs/DBT/M4/MQX/lib/twrvf65gs10_m4.gcc_arm/release/psp/psp.a(time.o)
                0x3f0101e0                _time_delay_until
 .text._time_diff_ticks
                0x3f010214       0x14 /mnt/hgfs/DBT/M4/MQX/lib/twrvf65gs10_m4.gcc_arm/release/psp/psp.a(time.o)
                0x3f010214                _time_diff_ticks
 .text._time_diff_milliseconds
                0x3f010228       0x16 /mnt/hgfs/DBT/M4/MQX/lib/twrvf65gs10_m4.gcc_arm/release/psp/psp.a(time.o)
                0x3f010228                _time_diff_milliseconds
 *fill*         0x3f01023e        0x2 
 .text._time_get_ticks
                0x3f010240       0x48 /mnt/hgfs/DBT/M4/MQX/lib/twrvf65gs10_m4.gcc_arm/release/psp/psp.a(time.o)
                0x3f010240                _time_get_ticks
 .text._time_init_ticks
                0x3f010288       0x38 /mnt/hgfs/DBT/M4/MQX/lib/twrvf65gs10_m4.gcc_arm/release/psp/psp.a(time.o)
                0x3f010288                _time_init_ticks
 .text._time_notify_kernel
                0x3f0102c0       0xbc /mnt/hgfs/DBT/M4/MQX/lib/twrvf65gs10_m4.gcc_arm/release/psp/psp.a(time.o)
                0x3f0102c0                _time_notify_kernel
 .text._time_set_ticks_per_sec
                0x3f01037c       0x10 /mnt/hgfs/DBT/M4/MQX/lib/twrvf65gs10_m4.gcc_arm/release/psp/psp.a(time.o)
                0x3f01037c                _time_set_ticks_per_sec
 .text._time_set_hwtick_function
                0x3f01038c       0x14 /mnt/hgfs/DBT/M4/MQX/lib/twrvf65gs10_m4.gcc_arm/release/psp/psp.a(time.o)
                0x3f01038c                _time_set_hwtick_function
 .text._time_set_hwticks_per_tick
                0x3f0103a0       0x10 /mnt/hgfs/DBT/M4/MQX/lib/twrvf65gs10_m4.gcc_arm/release/psp/psp.a(time.o)
                0x3f0103a0                _time_set_hwticks_per_tick
 .text._psp_normalize_ticks
                0x3f0103b0       0x30 /mnt/hgfs/DBT/M4/MQX/lib/twrvf65gs10_m4.gcc_arm/release/psp/psp.a(psp_tinm.o)
                0x3f0103b0                _psp_normalize_ticks
 .text._io_read
                0x3f0103e0       0x56 /mnt/hgfs/DBT/M4/MQX/lib/twrvf65gs10_m4.gcc_arm/release/psp/psp.a(io_read.o)
                0x3f0103e0                _io_read
 .text._psp_add_element_to_array
                0x3f010436       0x30 /mnt/hgfs/DBT/M4/MQX/lib/twrvf65gs10_m4.gcc_arm/release/psp/psp.a(psp_mat3.o)
                0x3f010436                _psp_add_element_to_array
 *fill*         0x3f010466        0x2 
 .text._io_fopen
                0x3f010468       0x94 /mnt/hgfs/DBT/M4/MQX/lib/twrvf65gs10_m4.gcc_arm/release/psp/psp.a(io_fopen.o)
                0x3f010468                _io_fopen
 .text._int_disable
                0x3f0104fc       0x1c /mnt/hgfs/DBT/M4/MQX/lib/twrvf65gs10_m4.gcc_arm/release/psp/psp.a(int.o)
                0x3f0104fc                _int_disable
 .text._int_enable
                0x3f010518       0x2c /mnt/hgfs/DBT/M4/MQX/lib/twrvf65gs10_m4.gcc_arm/release/psp/psp.a(int.o)
                0x3f010518                _int_enable
 .text._int_default_isr
                0x3f010544       0x38 /mnt/hgfs/DBT/M4/MQX/lib/twrvf65gs10_m4.gcc_arm/release/psp/psp.a(int.o)
                0x3f010544                _int_default_isr
 .text._int_get_default_isr
                0x3f01057c        0xc /mnt/hgfs/DBT/M4/MQX/lib/twrvf65gs10_m4.gcc_arm/release/psp/psp.a(int.o)
                0x3f01057c                _int_get_default_isr
 .text._int_get_exception_handler
                0x3f010588        0x4 /mnt/hgfs/DBT/M4/MQX/lib/twrvf65gs10_m4.gcc_arm/release/psp/psp.a(int.o)
                0x3f010588                _int_get_exception_handler
 .text._int_get_isr_data
                0x3f01058c       0x50 /mnt/hgfs/DBT/M4/MQX/lib/twrvf65gs10_m4.gcc_arm/release/psp/psp.a(int.o)
                0x3f01058c                _int_get_isr_data
 .text._int_install_isr
                0x3f0105dc       0x9c /mnt/hgfs/DBT/M4/MQX/lib/twrvf65gs10_m4.gcc_arm/release/psp/psp.a(int.o)
                0x3f0105dc                _int_install_isr
 .text._int_init
                0x3f010678       0x78 /mnt/hgfs/DBT/M4/MQX/lib/twrvf65gs10_m4.gcc_arm/release/psp/psp.a(int.o)
                0x3f010678                _int_init
 .text._psp_subtract_ticks
                0x3f0106f0       0x3c /mnt/hgfs/DBT/M4/MQX/lib/twrvf65gs10_m4.gcc_arm/release/psp/psp.a(psp_tisu.o)
                0x3f0106f0                _psp_subtract_ticks
 .text._psp_mul_128_by_32
                0x3f01072c       0x98 /mnt/hgfs/DBT/M4/MQX/lib/twrvf65gs10_m4.gcc_arm/release/psp/psp.a(psp_mat1.o)
                0x3f01072c                _psp_mul_128_by_32
 .text._io_fputc
                0x3f0107c4       0x2c /mnt/hgfs/DBT/M4/MQX/lib/twrvf65gs10_m4.gcc_arm/release/psp/psp.a(io_fputc.o)
                0x3f0107c4                _io_fputc
 .text._psp_build_float_context
                0x3f0107f0       0x32 /mnt/hgfs/DBT/M4/MQX/lib/twrvf65gs10_m4.gcc_arm/release/psp/psp.a(stack_bu.o)
                0x3f0107f0                _psp_build_float_context
 *fill*         0x3f010822        0x2 
 .text._psp_build_stack_frame
                0x3f010824       0x7c /mnt/hgfs/DBT/M4/MQX/lib/twrvf65gs10_m4.gcc_arm/release/psp/psp.a(stack_bu.o)
                0x3f010824                _psp_build_stack_frame
 .text._io_write
                0x3f0108a0       0x1a /mnt/hgfs/DBT/M4/MQX/lib/twrvf65gs10_m4.gcc_arm/release/psp/psp.a(io_write.o)
                0x3f0108a0                _io_write
 .text._init    0x3f0108ba        0x2 /mnt/hgfs/DBT/M4/MQX/lib/twrvf65gs10_m4.gcc_arm/release/psp/psp.a(comp.o)
                0x3f0108ba                _init
 .text._fini    0x3f0108bc        0x2 /mnt/hgfs/DBT/M4/MQX/lib/twrvf65gs10_m4.gcc_arm/release/psp/psp.a(comp.o)
                0x3f0108bc                _fini
 .text.malloc   0x3f0108be        0x4 /mnt/hgfs/DBT/M4/MQX/lib/twrvf65gs10_m4.gcc_arm/release/psp/psp.a(comp.o)
                0x3f0108be                malloc
 .text.free     0x3f0108c2        0x4 /mnt/hgfs/DBT/M4/MQX/lib/twrvf65gs10_m4.gcc_arm/release/psp/psp.a(comp.o)
                0x3f0108c2                free
 *fill*         0x3f0108c6        0x2 
 .text.data_startup
                0x3f0108c8       0x58 /mnt/hgfs/DBT/M4/MQX/lib/twrvf65gs10_m4.gcc_arm/release/psp/psp.a(comp.o)
                0x3f0108c8                data_startup
 .text.toolchain_startup
                0x3f010920       0x20 /mnt/hgfs/DBT/M4/MQX/lib/twrvf65gs10_m4.gcc_arm/release/psp/psp.a(comp.o)
                0x3f010920                toolchain_startup
 .text._exit    0x3f010940        0x4 /mnt/hgfs/DBT/M4/MQX/lib/twrvf65gs10_m4.gcc_arm/release/psp/psp.a(comp.o)
                0x3f010940                _exit
 .text._psp_usecs_to_ticks
                0x3f010944       0x5c /mnt/hgfs/DBT/M4/MQX/lib/twrvf65gs10_m4.gcc_arm/release/psp/psp.a(psp_usti.o)
                0x3f010944                _psp_usecs_to_ticks
 .text._mutatr_init
                0x3f0109a0       0x20 /mnt/hgfs/DBT/M4/MQX/lib/twrvf65gs10_m4.gcc_arm/release/psp/psp.a(mutex.o)
                0x3f0109a0                _mutatr_init
 .text._mutex_create_component
                0x3f0109c0       0x60 /mnt/hgfs/DBT/M4/MQX/lib/twrvf65gs10_m4.gcc_arm/release/psp/psp.a(mutex.o)
                0x3f0109c0                _mutex_create_component
 .text._mutex_init
                0x3f010a20       0xa0 /mnt/hgfs/DBT/M4/MQX/lib/twrvf65gs10_m4.gcc_arm/release/psp/psp.a(mutex.o)
                0x3f010a20                _mutex_init
 .text._mutex_lock
                0x3f010ac0      0x114 /mnt/hgfs/DBT/M4/MQX/lib/twrvf65gs10_m4.gcc_arm/release/psp/psp.a(mutex.o)
                0x3f010ac0                _mutex_lock
 .text._mutex_unlock
                0x3f010bd4       0x9c /mnt/hgfs/DBT/M4/MQX/lib/twrvf65gs10_m4.gcc_arm/release/psp/psp.a(mutex.o)
                0x3f010bd4                _mutex_unlock
 .text._mutex_cleanup
                0x3f010c70       0x4c /mnt/hgfs/DBT/M4/MQX/lib/twrvf65gs10_m4.gcc_arm/release/psp/psp.a(mutex.o)
                0x3f010c70                _mutex_cleanup
 .text._io_fseek
                0x3f010cbc       0x66 /mnt/hgfs/DBT/M4/MQX/lib/twrvf65gs10_m4.gcc_arm/release/psp/psp.a(io_fseek.o)
                0x3f010cbc                _io_fseek
 .text._bsp_post_init
                0x3f010d22        0x4 /mnt/hgfs/DBT/M4/MQX/lib/twrvf65gs10_m4.gcc_arm/release/psp/psp.a(inittask.o)
                0x3f010d22                _bsp_post_init
 *fill*         0x3f010d26        0x2 
 .text._mqx_init_task
                0x3f010d28       0x60 /mnt/hgfs/DBT/M4/MQX/lib/twrvf65gs10_m4.gcc_arm/release/psp/psp.a(inittask.o)
                0x3f010d28                _mqx_init_task
 .text.__psp_ticks_to_milliseconds
                0x3f010d88       0xa0 /mnt/hgfs/DBT/M4/MQX/lib/twrvf65gs10_m4.gcc_arm/release/psp/psp.a(psp_tims.o)
 .text._psp_ticks_to_milliseconds
                0x3f010e28        0x6 /mnt/hgfs/DBT/M4/MQX/lib/twrvf65gs10_m4.gcc_arm/release/psp/psp.a(psp_tims.o)
                0x3f010e28                _psp_ticks_to_milliseconds
 *fill*         0x3f010e2e        0x2 
 .text._mqx_idle_task
                0x3f010e30       0x4c /mnt/hgfs/DBT/M4/MQX/lib/twrvf65gs10_m4.gcc_arm/release/psp/psp.a(idletask.o)
                0x3f010e30                _mqx_idle_task
 .text._io_inf_or_nan
                0x3f010e7c       0x5c /mnt/hgfs/DBT/M4/MQX/lib/twrvf65gs10_m4.gcc_arm/release/psp/psp.a(io_fp.o)
 .text._io_cvt  0x3f010ed8      0x260 /mnt/hgfs/DBT/M4/MQX/lib/twrvf65gs10_m4.gcc_arm/release/psp/psp.a(io_fp.o)
                0x3f010ed8                _io_cvt
 .text._io_dtoa
                0x3f011138       0x32 /mnt/hgfs/DBT/M4/MQX/lib/twrvf65gs10_m4.gcc_arm/release/psp/psp.a(io_fp.o)
                0x3f011138                _io_dtoa
 .text._io_dtoe
                0x3f01116a       0xbc /mnt/hgfs/DBT/M4/MQX/lib/twrvf65gs10_m4.gcc_arm/release/psp/psp.a(io_fp.o)
                0x3f01116a                _io_dtoe
 .text._io_dtof
                0x3f011226      0x102 /mnt/hgfs/DBT/M4/MQX/lib/twrvf65gs10_m4.gcc_arm/release/psp/psp.a(io_fp.o)
                0x3f011226                _io_dtof
 .text._io_dtog
                0x3f011328      0x216 /mnt/hgfs/DBT/M4/MQX/lib/twrvf65gs10_m4.gcc_arm/release/psp/psp.a(io_fp.o)
                0x3f011328                _io_dtog
 *fill*         0x3f01153e        0x2 
 .text._psp_msecs_to_ticks_quick
                0x3f011540       0x68 /mnt/hgfs/DBT/M4/MQX/lib/twrvf65gs10_m4.gcc_arm/release/psp/psp.a(psp_mstiq.o)
                0x3f011540                _psp_msecs_to_ticks_quick
 .text._psp_div_128_by_32
                0x3f0115a8       0xc4 /mnt/hgfs/DBT/M4/MQX/lib/twrvf65gs10_m4.gcc_arm/release/psp/psp.a(psp_mat2.o)
                0x3f0115a8                _psp_div_128_by_32
 .text._psp_msecs_to_ticks
                0x3f01166c       0x58 /mnt/hgfs/DBT/M4/MQX/lib/twrvf65gs10_m4.gcc_arm/release/psp/psp.a(psp_msti.o)
                0x3f01166c                _psp_msecs_to_ticks
 .text._psp_add_ticks
                0x3f0116c4       0x3c /mnt/hgfs/DBT/M4/MQX/lib/twrvf65gs10_m4.gcc_arm/release/psp/psp.a(psp_tiad.o)
                0x3f0116c4                _psp_add_ticks
 .text.startup.main
                0x3f011700       0x10 /mnt/hgfs/DBT/M4/MQX/lib/twrvf65gs10_m4.gcc_arm/release/bsp/bsp.a(mqx_main.o)
                0x3f011700                main
 .text.init_hardware
                0x3f011710      0x3ac /mnt/hgfs/DBT/M4/MQX/lib/twrvf65gs10_m4.gcc_arm/release/bsp/bsp.a(init_hw.o)
                0x3f011710                init_hardware
 .text._bsp_systimer_callback
                0x3f011abc        0x4 /mnt/hgfs/DBT/M4/MQX/lib/twrvf65gs10_m4.gcc_arm/release/bsp/bsp.a(init_bsp.o)
                0x3f011abc                _bsp_systimer_callback
 .text._bsp_get_hwticks
                0x3f011ac0       0x18 /mnt/hgfs/DBT/M4/MQX/lib/twrvf65gs10_m4.gcc_arm/release/bsp/bsp.a(init_bsp.o)
                0x3f011ac0                _bsp_get_hwticks
 .text._bsp_pre_init
                0x3f011ad8       0xa0 /mnt/hgfs/DBT/M4/MQX/lib/twrvf65gs10_m4.gcc_arm/release/bsp/bsp.a(init_bsp.o)
                0x3f011ad8                _bsp_pre_init
 .text._bsp_init
                0x3f011b78       0xd8 /mnt/hgfs/DBT/M4/MQX/lib/twrvf65gs10_m4.gcc_arm/release/bsp/bsp.a(init_bsp.o)
                0x3f011b78                _bsp_init
 .text.hwtimer_systick_set_div
                0x3f011c50       0x1c /mnt/hgfs/DBT/M4/MQX/lib/twrvf65gs10_m4.gcc_arm/release/bsp/bsp.a(hwtimer_systick.o)
 .text.hwtimer_systick_start
                0x3f011c6c        0xc /mnt/hgfs/DBT/M4/MQX/lib/twrvf65gs10_m4.gcc_arm/release/bsp/bsp.a(hwtimer_systick.o)
 .text.hwtimer_systick_stop
                0x3f011c78        0xa /mnt/hgfs/DBT/M4/MQX/lib/twrvf65gs10_m4.gcc_arm/release/bsp/bsp.a(hwtimer_systick.o)
 .text.hwtimer_systick_get_time
                0x3f011c82       0x3e /mnt/hgfs/DBT/M4/MQX/lib/twrvf65gs10_m4.gcc_arm/release/bsp/bsp.a(hwtimer_systick.o)
 .text.hwtimer_systick_deinit
                0x3f011cc0       0x1e /mnt/hgfs/DBT/M4/MQX/lib/twrvf65gs10_m4.gcc_arm/release/bsp/bsp.a(hwtimer_systick.o)
 .text.hwtimer_systick_isr
                0x3f011cde       0x2c /mnt/hgfs/DBT/M4/MQX/lib/twrvf65gs10_m4.gcc_arm/release/bsp/bsp.a(hwtimer_systick.o)
 *fill*         0x3f011d0a        0x2 
 .text.hwtimer_systick_init
                0x3f011d0c       0x58 /mnt/hgfs/DBT/M4/MQX/lib/twrvf65gs10_m4.gcc_arm/release/bsp/bsp.a(hwtimer_systick.o)
 .text._bsp_get_clock_configuration
                0x3f011d64        0xc /mnt/hgfs/DBT/M4/MQX/lib/twrvf65gs10_m4.gcc_arm/release/bsp/bsp.a(bsp_cm.o)
                0x3f011d64                _bsp_get_clock_configuration
 .text._bsp_clock_manager_init
                0x3f011d70        0xc /mnt/hgfs/DBT/M4/MQX/lib/twrvf65gs10_m4.gcc_arm/release/bsp/bsp.a(bsp_cm.o)
                0x3f011d70                _bsp_clock_manager_init
 .text._bsp_get_clock
                0x3f011d7c      0x138 /mnt/hgfs/DBT/M4/MQX/lib/twrvf65gs10_m4.gcc_arm/release/bsp/bsp.a(bsp_cm.o)
                0x3f011d7c                _bsp_get_clock
 .text._bsp_set_clock
                0x3f011eb4      0x134 /mnt/hgfs/DBT/M4/MQX/lib/twrvf65gs10_m4.gcc_arm/release/bsp/bsp.a(bsp_cm.o)
                0x3f011eb4                _bsp_set_clock
 .text._io_spi_uninstall
                0x3f011fe8       0x24 /mnt/hgfs/DBT/M4/MQX/lib/twrvf65gs10_m4.gcc_arm/release/bsp/bsp.a(spi.o)
 .text._io_spi_flush
                0x3f01200c       0x46 /mnt/hgfs/DBT/M4/MQX/lib/twrvf65gs10_m4.gcc_arm/release/bsp/bsp.a(spi.o)
 .text._io_spi_close
                0x3f012052       0x14 /mnt/hgfs/DBT/M4/MQX/lib/twrvf65gs10_m4.gcc_arm/release/bsp/bsp.a(spi.o)
 .text._io_spi_read_write
                0x3f012066       0x76 /mnt/hgfs/DBT/M4/MQX/lib/twrvf65gs10_m4.gcc_arm/release/bsp/bsp.a(spi.o)
 .text._io_spi_ioctl
                0x3f0120dc      0x300 /mnt/hgfs/DBT/M4/MQX/lib/twrvf65gs10_m4.gcc_arm/release/bsp/bsp.a(spi.o)
 .text._io_spi_write
                0x3f0123dc        0x8 /mnt/hgfs/DBT/M4/MQX/lib/twrvf65gs10_m4.gcc_arm/release/bsp/bsp.a(spi.o)
 .text._io_spi_read
                0x3f0123e4       0x12 /mnt/hgfs/DBT/M4/MQX/lib/twrvf65gs10_m4.gcc_arm/release/bsp/bsp.a(spi.o)
 .text._io_spi_open
                0x3f0123f6       0x72 /mnt/hgfs/DBT/M4/MQX/lib/twrvf65gs10_m4.gcc_arm/release/bsp/bsp.a(spi.o)
 .text._io_spi_install
                0x3f012468       0xc4 /mnt/hgfs/DBT/M4/MQX/lib/twrvf65gs10_m4.gcc_arm/release/bsp/bsp.a(spi.o)
                0x3f012468                _io_spi_install
 .text._sema4_isr
                0x3f01252c       0x64 /mnt/hgfs/DBT/M4/MQX/lib/twrvf65gs10_m4.gcc_arm/release/bsp/bsp.a(core_mutex_sema4.o)
 .text._core_mutex_install
                0x3f012590       0xac /mnt/hgfs/DBT/M4/MQX/lib/twrvf65gs10_m4.gcc_arm/release/bsp/bsp.a(core_mutex_sema4.o)
                0x3f012590                _core_mutex_install
 .text._core_mutex_create_internal
                0x3f01263c       0xd0 /mnt/hgfs/DBT/M4/MQX/lib/twrvf65gs10_m4.gcc_arm/release/bsp/bsp.a(core_mutex_sema4.o)
                0x3f01263c                _core_mutex_create_internal
 .text._core_mutex_create
                0x3f01270c       0x3a /mnt/hgfs/DBT/M4/MQX/lib/twrvf65gs10_m4.gcc_arm/release/bsp/bsp.a(core_mutex_sema4.o)
                0x3f01270c                _core_mutex_create
 *fill*         0x3f012746        0x2 
 .text._core_mutex_lock
                0x3f012748       0x4c /mnt/hgfs/DBT/M4/MQX/lib/twrvf65gs10_m4.gcc_arm/release/bsp/bsp.a(core_mutex_sema4.o)
                0x3f012748                _core_mutex_lock
 .text._core_mutex_trylock
                0x3f012794       0x5c /mnt/hgfs/DBT/M4/MQX/lib/twrvf65gs10_m4.gcc_arm/release/bsp/bsp.a(core_mutex_sema4.o)
                0x3f012794                _core_mutex_trylock
 .text._core_mutex_unlock
                0x3f0127f0       0x58 /mnt/hgfs/DBT/M4/MQX/lib/twrvf65gs10_m4.gcc_arm/release/bsp/bsp.a(core_mutex_sema4.o)
                0x3f0127f0                _core_mutex_unlock
 .text.lwgpio_set_direction
                0x3f012848       0x2e /mnt/hgfs/DBT/M4/MQX/lib/twrvf65gs10_m4.gcc_arm/release/bsp/bsp.a(lwgpio_vgpio.o)
                0x3f012848                lwgpio_set_direction
 .text.lwgpio_set_value
                0x3f012876       0x16 /mnt/hgfs/DBT/M4/MQX/lib/twrvf65gs10_m4.gcc_arm/release/bsp/bsp.a(lwgpio_vgpio.o)
                0x3f012876                lwgpio_set_value
 .text.lwgpio_init
                0x3f01288c       0x64 /mnt/hgfs/DBT/M4/MQX/lib/twrvf65gs10_m4.gcc_arm/release/bsp/bsp.a(lwgpio_vgpio.o)
                0x3f01288c                lwgpio_init
 .text._bsp_serial_io_init
                0x3f0128f0       0x78 /mnt/hgfs/DBT/M4/MQX/lib/twrvf65gs10_m4.gcc_arm/release/bsp/bsp.a(init_gpio.o)
                0x3f0128f0                _bsp_serial_io_init
 .text._bsp_dspi_io_init
                0x3f012968       0x40 /mnt/hgfs/DBT/M4/MQX/lib/twrvf65gs10_m4.gcc_arm/release/bsp/bsp.a(init_gpio.o)
                0x3f012968                _bsp_dspi_io_init
 .text._bsp_esdhc_io_init
                0x3f0129a8       0x48 /mnt/hgfs/DBT/M4/MQX/lib/twrvf65gs10_m4.gcc_arm/release/bsp/bsp.a(init_gpio.o)
                0x3f0129a8                _bsp_esdhc_io_init
 .text._bsp_flexcan_io_init
                0x3f0129f0       0x60 /mnt/hgfs/DBT/M4/MQX/lib/twrvf65gs10_m4.gcc_arm/release/bsp/bsp.a(init_gpio.o)
                0x3f0129f0                _bsp_flexcan_io_init
 .text._bsp_i2c_io_init
                0x3f012a50       0x6c /mnt/hgfs/DBT/M4/MQX/lib/twrvf65gs10_m4.gcc_arm/release/bsp/bsp.a(init_gpio.o)
                0x3f012a50                _bsp_i2c_io_init
 .text._bsp_sai_io_init
                0x3f012abc       0x68 /mnt/hgfs/DBT/M4/MQX/lib/twrvf65gs10_m4.gcc_arm/release/bsp/bsp.a(init_gpio.o)
                0x3f012abc                _bsp_sai_io_init
 .text._bsp_gpio_io_init
                0x3f012b24        0x4 /mnt/hgfs/DBT/M4/MQX/lib/twrvf65gs10_m4.gcc_arm/release/bsp/bsp.a(init_gpio.o)
                0x3f012b24                _bsp_gpio_io_init
 .text._bsp_serial_rts_init
                0x3f012b28        0x4 /mnt/hgfs/DBT/M4/MQX/lib/twrvf65gs10_m4.gcc_arm/release/bsp/bsp.a(init_gpio.o)
                0x3f012b28                _bsp_serial_rts_init
 .text.dma_tcd_mem2reg
                0x3f012b2c       0x94 /mnt/hgfs/DBT/M4/MQX/lib/twrvf65gs10_m4.gcc_arm/release/bsp/bsp.a(dma.o)
                0x3f012b2c                dma_tcd_mem2reg
 .text.dma_tcd_reg2mem
                0x3f012bc0       0x90 /mnt/hgfs/DBT/M4/MQX/lib/twrvf65gs10_m4.gcc_arm/release/bsp/bsp.a(dma.o)
                0x3f012bc0                dma_tcd_reg2mem
 .text.dma_deinit
                0x3f012c50       0x44 /mnt/hgfs/DBT/M4/MQX/lib/twrvf65gs10_m4.gcc_arm/release/bsp/bsp.a(dma.o)
                0x3f012c50                dma_deinit
 .text.dma_init
                0x3f012c94       0x44 /mnt/hgfs/DBT/M4/MQX/lib/twrvf65gs10_m4.gcc_arm/release/bsp/bsp.a(dma.o)
                0x3f012c94                dma_init
 .text.dma_channel_claim
                0x3f012cd8       0x50 /mnt/hgfs/DBT/M4/MQX/lib/twrvf65gs10_m4.gcc_arm/release/bsp/bsp.a(dma.o)
                0x3f012cd8                dma_channel_claim
 .text.dma_channel_release
                0x3f012d28       0x18 /mnt/hgfs/DBT/M4/MQX/lib/twrvf65gs10_m4.gcc_arm/release/bsp/bsp.a(dma.o)
                0x3f012d28                dma_channel_release
 .text.dma_channel_setup
                0x3f012d40       0x18 /mnt/hgfs/DBT/M4/MQX/lib/twrvf65gs10_m4.gcc_arm/release/bsp/bsp.a(dma.o)
                0x3f012d40                dma_channel_setup
 .text.dma_channel_status
                0x3f012d58       0x18 /mnt/hgfs/DBT/M4/MQX/lib/twrvf65gs10_m4.gcc_arm/release/bsp/bsp.a(dma.o)
                0x3f012d58                dma_channel_status
 .text.dma_transfer_submit
                0x3f012d70       0x18 /mnt/hgfs/DBT/M4/MQX/lib/twrvf65gs10_m4.gcc_arm/release/bsp/bsp.a(dma.o)
                0x3f012d70                dma_transfer_submit
 .text.dma_request_source
                0x3f012d88       0x18 /mnt/hgfs/DBT/M4/MQX/lib/twrvf65gs10_m4.gcc_arm/release/bsp/bsp.a(dma.o)
                0x3f012d88                dma_request_source
 .text.dma_request_enable
                0x3f012da0       0x18 /mnt/hgfs/DBT/M4/MQX/lib/twrvf65gs10_m4.gcc_arm/release/bsp/bsp.a(dma.o)
                0x3f012da0                dma_request_enable
 .text.dma_request_disable
                0x3f012db8       0x18 /mnt/hgfs/DBT/M4/MQX/lib/twrvf65gs10_m4.gcc_arm/release/bsp/bsp.a(dma.o)
                0x3f012db8                dma_request_disable
 .text.dma_callback_reg
                0x3f012dd0       0x12 /mnt/hgfs/DBT/M4/MQX/lib/twrvf65gs10_m4.gcc_arm/release/bsp/bsp.a(dma.o)
                0x3f012dd0                dma_callback_reg
 .text.systick_get_vector
                0x3f012de2        0x4 /mnt/hgfs/DBT/M4/MQX/lib/twrvf65gs10_m4.gcc_arm/release/bsp/bsp.a(hwtimer_vybrid_m4.o)
                0x3f012de2                systick_get_vector
 .text._ksai_tx_fifoerr_irq_handler
                0x3f012de6       0x1a /mnt/hgfs/DBT/M4/MQX/lib/twrvf65gs10_m4.gcc_arm/release/bsp/bsp.a(sai_dma_ksai.o)
                0x3f012de6                _ksai_tx_fifoerr_irq_handler
 .text._ksai_rx_fifoerr_irq_handler
                0x3f012e00       0x22 /mnt/hgfs/DBT/M4/MQX/lib/twrvf65gs10_m4.gcc_arm/release/bsp/bsp.a(sai_dma_ksai.o)
                0x3f012e00                _ksai_rx_fifoerr_irq_handler
 *fill*         0x3f012e22        0x2 
 .text._vi2s_get_mclk_value
                0x3f012e24       0x5c /mnt/hgfs/DBT/M4/MQX/lib/twrvf65gs10_m4.gcc_arm/release/bsp/bsp.a(sai_dma_ksai.o)
 .text._ksai_tx_dma_irq_handler
                0x3f012e80       0x92 /mnt/hgfs/DBT/M4/MQX/lib/twrvf65gs10_m4.gcc_arm/release/bsp/bsp.a(sai_dma_ksai.o)
                0x3f012e80                _ksai_tx_dma_irq_handler
 .text._ksai_rx_dma_irq_handler
                0x3f012f12       0xa0 /mnt/hgfs/DBT/M4/MQX/lib/twrvf65gs10_m4.gcc_arm/release/bsp/bsp.a(sai_dma_ksai.o)
                0x3f012f12                _ksai_rx_dma_irq_handler
 *fill*         0x3f012fb2        0x2 
 .text._vi2s_set_clk_src_int
                0x3f012fb4       0x5c /mnt/hgfs/DBT/M4/MQX/lib/twrvf65gs10_m4.gcc_arm/release/bsp/bsp.a(sai_dma_ksai.o)
 .text._vi2s_set_sai_div
                0x3f013010       0x58 /mnt/hgfs/DBT/M4/MQX/lib/twrvf65gs10_m4.gcc_arm/release/bsp/bsp.a(sai_dma_ksai.o)
 .text._vi2s_set_clk_src_ext
                0x3f013068       0x40 /mnt/hgfs/DBT/M4/MQX/lib/twrvf65gs10_m4.gcc_arm/release/bsp/bsp.a(sai_dma_ksai.o)
 .text.unlikely._bsp_int_init.isra.2.constprop.5
                0x3f0130a8       0x22 /mnt/hgfs/DBT/M4/MQX/lib/twrvf65gs10_m4.gcc_arm/release/bsp/bsp.a(sai_dma_ksai.o)
 *fill*         0x3f0130ca        0x2 
 .text._ksai_dma_deinit
                0x3f0130cc       0xdc /mnt/hgfs/DBT/M4/MQX/lib/twrvf65gs10_m4.gcc_arm/release/bsp/bsp.a(sai_dma_ksai.o)
                0x3f0130cc                _ksai_dma_deinit
 .text._ki2s_set_master_mode
                0x3f0131a8      0x164 /mnt/hgfs/DBT/M4/MQX/lib/twrvf65gs10_m4.gcc_arm/release/bsp/bsp.a(sai_dma_ksai.o)
                0x3f0131a8                _ki2s_set_master_mode
 .text._ki2s_set_slave_mode
                0x3f01330c      0x138 /mnt/hgfs/DBT/M4/MQX/lib/twrvf65gs10_m4.gcc_arm/release/bsp/bsp.a(sai_dma_ksai.o)
                0x3f01330c                _ki2s_set_slave_mode
 .text._ki2s_set_bclk_mode
                0x3f013444       0xb8 /mnt/hgfs/DBT/M4/MQX/lib/twrvf65gs10_m4.gcc_arm/release/bsp/bsp.a(sai_dma_ksai.o)
                0x3f013444                _ki2s_set_bclk_mode
 .text._ksai_dma_ioctl
                0x3f0134fc      0xbf0 /mnt/hgfs/DBT/M4/MQX/lib/twrvf65gs10_m4.gcc_arm/release/bsp/bsp.a(sai_dma_ksai.o)
                0x3f0134fc                _ksai_dma_ioctl
 .text._ksai_hw_init
                0x3f0140ec      0x1c4 /mnt/hgfs/DBT/M4/MQX/lib/twrvf65gs10_m4.gcc_arm/release/bsp/bsp.a(sai_dma_ksai.o)
                0x3f0140ec                _ksai_hw_init
 .text._ksai_dma_init
                0x3f0142b0      0x2f4 /mnt/hgfs/DBT/M4/MQX/lib/twrvf65gs10_m4.gcc_arm/release/bsp/bsp.a(sai_dma_ksai.o)
                0x3f0142b0                _ksai_dma_init
 .text.flexcan_irq_handler
                0x3f0145a4       0x90 /mnt/hgfs/DBT/M4/MQX/lib/twrvf65gs10_m4.gcc_arm/release/bsp/bsp.a(fsl_flexcan_driver.o)
                0x3f0145a4                flexcan_irq_handler
 .text.flexcan_set_bitrate
                0x3f014634       0x70 /mnt/hgfs/DBT/M4/MQX/lib/twrvf65gs10_m4.gcc_arm/release/bsp/bsp.a(fsl_flexcan_driver.o)
                0x3f014634                flexcan_set_bitrate
 .text.flexcan_get_bitrate
                0x3f0146a4       0x48 /mnt/hgfs/DBT/M4/MQX/lib/twrvf65gs10_m4.gcc_arm/release/bsp/bsp.a(fsl_flexcan_driver.o)
                0x3f0146a4                flexcan_get_bitrate
 .text.flexcan_set_mask_type
                0x3f0146ec        0x4 /mnt/hgfs/DBT/M4/MQX/lib/twrvf65gs10_m4.gcc_arm/release/bsp/bsp.a(fsl_flexcan_driver.o)
                0x3f0146ec                flexcan_set_mask_type
 .text.flexcan_set_rx_mb_global_mask
                0x3f0146f0       0x1c /mnt/hgfs/DBT/M4/MQX/lib/twrvf65gs10_m4.gcc_arm/release/bsp/bsp.a(fsl_flexcan_driver.o)
                0x3f0146f0                flexcan_set_rx_mb_global_mask
 .text.flexcan_init
                0x3f01470c       0x80 /mnt/hgfs/DBT/M4/MQX/lib/twrvf65gs10_m4.gcc_arm/release/bsp/bsp.a(fsl_flexcan_driver.o)
                0x3f01470c                flexcan_init
 .text.flexcan_tx_mb_config
                0x3f01478c       0x3c /mnt/hgfs/DBT/M4/MQX/lib/twrvf65gs10_m4.gcc_arm/release/bsp/bsp.a(fsl_flexcan_driver.o)
                0x3f01478c                flexcan_tx_mb_config
 .text.flexcan_send
                0x3f0147c8       0x8c /mnt/hgfs/DBT/M4/MQX/lib/twrvf65gs10_m4.gcc_arm/release/bsp/bsp.a(fsl_flexcan_driver.o)
                0x3f0147c8                flexcan_send
 .text.flexcan_wait_receive
                0x3f014854       0x58 /mnt/hgfs/DBT/M4/MQX/lib/twrvf65gs10_m4.gcc_arm/release/bsp/bsp.a(fsl_flexcan_driver.o)
                0x3f014854                flexcan_wait_receive
 .text.flexcan_rx_mb_config
                0x3f0148ac       0x88 /mnt/hgfs/DBT/M4/MQX/lib/twrvf65gs10_m4.gcc_arm/release/bsp/bsp.a(fsl_flexcan_driver.o)
                0x3f0148ac                flexcan_rx_mb_config
 .text.flexcan_start_wait_errors
                0x3f014934       0x38 /mnt/hgfs/DBT/M4/MQX/lib/twrvf65gs10_m4.gcc_arm/release/bsp/bsp.a(fsl_flexcan_driver.o)
                0x3f014934                flexcan_start_wait_errors
 .text._io_serial_default_init
                0x3f01496c       0x28 /mnt/hgfs/DBT/M4/MQX/lib/twrvf65gs10_m4.gcc_arm/release/bsp/bsp.a(io_sinit.o)
                0x3f01496c                _io_serial_default_init
 .text._kuart_int_putc
                0x3f014994       0x1c /mnt/hgfs/DBT/M4/MQX/lib/twrvf65gs10_m4.gcc_arm/release/bsp/bsp.a(serl_int_kuart.o)
                0x3f014994                _kuart_int_putc
 .text._kuart_int_deinit
                0x3f0149b0       0x18 /mnt/hgfs/DBT/M4/MQX/lib/twrvf65gs10_m4.gcc_arm/release/bsp/bsp.a(serl_int_kuart.o)
                0x3f0149b0                _kuart_int_deinit
 .text._kuart_int_enable
                0x3f0149c8       0x18 /mnt/hgfs/DBT/M4/MQX/lib/twrvf65gs10_m4.gcc_arm/release/bsp/bsp.a(serl_int_kuart.o)
                0x3f0149c8                _kuart_int_enable
 .text._kuart_int_rx_tx_isr
                0x3f0149e0       0xa8 /mnt/hgfs/DBT/M4/MQX/lib/twrvf65gs10_m4.gcc_arm/release/bsp/bsp.a(serl_int_kuart.o)
                0x3f0149e0                _kuart_int_rx_tx_isr
 .text._kuart_int_init
                0x3f014a88       0x60 /mnt/hgfs/DBT/M4/MQX/lib/twrvf65gs10_m4.gcc_arm/release/bsp/bsp.a(serl_int_kuart.o)
                0x3f014a88                _kuart_int_init
 .text._kuart_int_install
                0x3f014ae8       0x34 /mnt/hgfs/DBT/M4/MQX/lib/twrvf65gs10_m4.gcc_arm/release/bsp/bsp.a(serl_int_kuart.o)
                0x3f014ae8                _kuart_int_install
 .text._core_mutext_get_component_ptr
                0x3f014b1c        0xc /mnt/hgfs/DBT/M4/MQX/lib/twrvf65gs10_m4.gcc_arm/release/bsp/bsp.a(core_mutex.o)
                0x3f014b1c                _core_mutext_get_component_ptr
 .text._core_mutext_set_component_ptr
                0x3f014b28        0xc /mnt/hgfs/DBT/M4/MQX/lib/twrvf65gs10_m4.gcc_arm/release/bsp/bsp.a(core_mutex.o)
                0x3f014b28                _core_mutext_set_component_ptr
 .text._kuart_polled_getc
                0x3f014b34       0x12 /mnt/hgfs/DBT/M4/MQX/lib/twrvf65gs10_m4.gcc_arm/release/bsp/bsp.a(serl_pol_kuart.o)
                0x3f014b34                _kuart_polled_getc
 .text._kuart_polled_putc
                0x3f014b46       0x12 /mnt/hgfs/DBT/M4/MQX/lib/twrvf65gs10_m4.gcc_arm/release/bsp/bsp.a(serl_pol_kuart.o)
                0x3f014b46                _kuart_polled_putc
 .text._kuart_polled_status
                0x3f014b58       0x58 /mnt/hgfs/DBT/M4/MQX/lib/twrvf65gs10_m4.gcc_arm/release/bsp/bsp.a(serl_pol_kuart.o)
                0x3f014b58                _kuart_polled_status
 .text._kuart_polled_deinit
                0x3f014bb0       0x1c /mnt/hgfs/DBT/M4/MQX/lib/twrvf65gs10_m4.gcc_arm/release/bsp/bsp.a(serl_pol_kuart.o)
                0x3f014bb0                _kuart_polled_deinit
 .text._kuart_change_baudrate
                0x3f014bcc       0x58 /mnt/hgfs/DBT/M4/MQX/lib/twrvf65gs10_m4.gcc_arm/release/bsp/bsp.a(serl_pol_kuart.o)
                0x3f014bcc                _kuart_change_baudrate
 .text._kuart_polled_init
                0x3f014c24       0xc4 /mnt/hgfs/DBT/M4/MQX/lib/twrvf65gs10_m4.gcc_arm/release/bsp/bsp.a(serl_pol_kuart.o)
                0x3f014c24                _kuart_polled_init
 .text._kuart_polled_ioctl
                0x3f014ce8      0x33c /mnt/hgfs/DBT/M4/MQX/lib/twrvf65gs10_m4.gcc_arm/release/bsp/bsp.a(serl_pol_kuart.o)
                0x3f014ce8                _kuart_polled_ioctl
 .text._kuart_polled_install
                0x3f015024       0x3c /mnt/hgfs/DBT/M4/MQX/lib/twrvf65gs10_m4.gcc_arm/release/bsp/bsp.a(serl_pol_kuart.o)
                0x3f015024                _kuart_polled_install
 .text._esdhc_get_baudrate
                0x3f015060       0x1e /mnt/hgfs/DBT/M4/MQX/lib/twrvf65gs10_m4.gcc_arm/release/bsp/bsp.a(esdhc.o)
 .text._esdhc_uninstall
                0x3f01507e       0x50 /mnt/hgfs/DBT/M4/MQX/lib/twrvf65gs10_m4.gcc_arm/release/bsp/bsp.a(esdhc.o)
                0x3f01507e                _esdhc_uninstall
 .text._esdhc_isr