Archive member included because of file (symbol)

/mnt/hgfs/DBT/M4/MQX/lib/twrvf65gs10_m4.gcc_arm/release/psp/psp.a(io_pntf.o)
                              ./gcc_arm/ram_release/obj/actuators.o (_io_printf)
/mnt/hgfs/DBT/M4/MQX/lib/twrvf65gs10_m4.gcc_arm/release/psp/psp.a(task.o)
                              ./gcc_arm/ram_release/obj/fault.o (_task_get_id)
/mnt/hgfs/DBT/M4/MQX/lib/twrvf65gs10_m4.gcc_arm/release/psp/psp.a(stack_de.o)
                              /mnt/hgfs/DBT/M4/MQX/lib/twrvf65gs10_m4.gcc_arm/release/psp/psp.a(task.o) (_psp_destroy_stack_frame)
/mnt/hgfs/DBT/M4/MQX/lib/twrvf65gs10_m4.gcc_arm/release/psp/psp.a(lwevent.o)
                              ./gcc_arm/ram_release/obj/main.o (_lwevent_create)
/mnt/hgfs/DBT/M4/MQX/lib/twrvf65gs10_m4.gcc_arm/release/psp/psp.a(io_ghand.o)
                              /mnt/hgfs/DBT/M4/MQX/lib/twrvf65gs10_m4.gcc_arm/release/psp/psp.a(io_pntf.o) (_io_get_handle)
/mnt/hgfs/DBT/M4/MQX/lib/twrvf65gs10_m4.gcc_arm/release/psp/psp.a(sched.o)
                              /mnt/hgfs/DBT/M4/MQX/lib/twrvf65gs10_m4.gcc_arm/release/psp/psp.a(task.o) (_sched_insert_priorityq_internal)
/mnt/hgfs/DBT/M4/MQX/lib/twrvf65gs10_m4.gcc_arm/release/psp/psp.a(io_fflsh.o)
                              ./gcc_arm/ram_release/obj/ser422.o (_io_fflush)
/mnt/hgfs/DBT/M4/MQX/lib/twrvf65gs10_m4.gcc_arm/release/psp/psp.a(io_dopr.o)
                              /mnt/hgfs/DBT/M4/MQX/lib/twrvf65gs10_m4.gcc_arm/release/psp/psp.a(io_pntf.o) (_io_doprint)
/mnt/hgfs/DBT/M4/MQX/lib/twrvf65gs10_m4.gcc_arm/release/psp/psp.a(dispatch.o)
                              /mnt/hgfs/DBT/M4/MQX/lib/twrvf65gs10_m4.gcc_arm/release/psp/psp.a(task.o) (_sched_run_internal)
/mnt/hgfs/DBT/M4/MQX/lib/twrvf65gs10_m4.gcc_arm/release/psp/psp.a(taskq.o)
                              ./gcc_arm/ram_release/obj/ser422.o (_taskq_create)
/mnt/hgfs/DBT/M4/MQX/lib/twrvf65gs10_m4.gcc_arm/release/psp/psp.a(mqx.o)
                              ./gcc_arm/ram_release/obj/biopsyStandard.o (_mqx_exit)
/mnt/hgfs/DBT/M4/MQX/lib/twrvf65gs10_m4.gcc_arm/release/psp/psp.a(lwsem.o)
                              /mnt/hgfs/DBT/M4/MQX/lib/twrvf65gs10_m4.gcc_arm/release/psp/psp.a(mqx.o) (_lwsem_create)
/mnt/hgfs/DBT/M4/MQX/lib/twrvf65gs10_m4.gcc_arm/release/psp/psp.a(queue.o)
                              /mnt/hgfs/DBT/M4/MQX/lib/twrvf65gs10_m4.gcc_arm/release/psp/psp.a(lwevent.o) (_queue_init)
/mnt/hgfs/DBT/M4/MQX/lib/twrvf65gs10_m4.gcc_arm/release/psp/psp.a(sc_irdyq.o)
                              /mnt/hgfs/DBT/M4/MQX/lib/twrvf65gs10_m4.gcc_arm/release/psp/psp.a(mqx.o) (_psp_set_kernel_disable_level)
/mnt/hgfs/DBT/M4/MQX/lib/twrvf65gs10_m4.gcc_arm/release/psp/psp.a(stack_st.o)
                              /mnt/hgfs/DBT/M4/MQX/lib/twrvf65gs10_m4.gcc_arm/release/psp/psp.a(task.o) (_psp_get_stack_start)
/mnt/hgfs/DBT/M4/MQX/lib/twrvf65gs10_m4.gcc_arm/release/psp/psp.a(io_ioctl.o)
                              ./gcc_arm/ram_release/obj/ser422.o (_io_ioctl)
/mnt/hgfs/DBT/M4/MQX/lib/twrvf65gs10_m4.gcc_arm/release/psp/psp.a(mem.o)
                              /mnt/hgfs/DBT/M4/MQX/lib/twrvf65gs10_m4.gcc_arm/release/psp/psp.a(task.o) (_mem_free)
/mnt/hgfs/DBT/M4/MQX/lib/twrvf65gs10_m4.gcc_arm/release/psp/psp.a(time.o)
                              ./gcc_arm/ram_release/obj/common.o (_time_add_msec_to_ticks)
/mnt/hgfs/DBT/M4/MQX/lib/twrvf65gs10_m4.gcc_arm/release/psp/psp.a(psp_tinm.o)
                              /mnt/hgfs/DBT/M4/MQX/lib/twrvf65gs10_m4.gcc_arm/release/psp/psp.a(time.o) (_psp_normalize_ticks)
/mnt/hgfs/DBT/M4/MQX/lib/twrvf65gs10_m4.gcc_arm/release/psp/psp.a(psp_tins.o)
                              /mnt/hgfs/DBT/M4/MQX/lib/twrvf65gs10_m4.gcc_arm/release/psp/psp.a(time.o) (_psp_ticks_to_nanoseconds)
/mnt/hgfs/DBT/M4/MQX/lib/twrvf65gs10_m4.gcc_arm/release/psp/psp.a(boot.o)
                              (__boot)
/mnt/hgfs/DBT/M4/MQX/lib/twrvf65gs10_m4.gcc_arm/release/psp/psp.a(io_read.o)
                              ./gcc_arm/ram_release/obj/ser422.o (_io_read)
/mnt/hgfs/DBT/M4/MQX/lib/twrvf65gs10_m4.gcc_arm/release/psp/psp.a(psp_mat3.o)
                              /mnt/hgfs/DBT/M4/MQX/lib/twrvf65gs10_m4.gcc_arm/release/psp/psp.a(psp_tins.o) (_psp_add_element_to_array)
/mnt/hgfs/DBT/M4/MQX/lib/twrvf65gs10_m4.gcc_arm/release/psp/psp.a(io_fopen.o)
                              ./gcc_arm/ram_release/obj/ser422.o (_io_fopen)
/mnt/hgfs/DBT/M4/MQX/lib/twrvf65gs10_m4.gcc_arm/release/psp/psp.a(int.o)
                              /mnt/hgfs/DBT/M4/MQX/lib/twrvf65gs10_m4.gcc_arm/release/psp/psp.a(task.o) (_int_disable)
/mnt/hgfs/DBT/M4/MQX/lib/twrvf65gs10_m4.gcc_arm/release/psp/psp.a(psp_tisu.o)
                              /mnt/hgfs/DBT/M4/MQX/lib/twrvf65gs10_m4.gcc_arm/release/psp/psp.a(time.o) (_psp_subtract_ticks)
/mnt/hgfs/DBT/M4/MQX/lib/twrvf65gs10_m4.gcc_arm/release/psp/psp.a(psp_mat1.o)
                              /mnt/hgfs/DBT/M4/MQX/lib/twrvf65gs10_m4.gcc_arm/release/psp/psp.a(psp_tins.o) (_psp_mul_128_by_32)
[...]
Memory Configuration

Name             Origin             Length             Attributes
text             0x3f000000         0x0003fff0         xr
data             0x3f800000         0x00007ff0         rw
tcml             0x1f800000         0x00007ff0         rw
*default*        0x00000000         0xffffffff

Linker script and memory map

LOAD ./gcc_arm/ram_release/obj/actuators.o
LOAD ./gcc_arm/ram_release/obj/biopsyExtended.o
LOAD ./gcc_arm/ram_release/obj/biopsyExtended_driver.o
LOAD ./gcc_arm/ram_release/obj/biopsyStandard.o
LOAD ./gcc_arm/ram_release/obj/biopsy_simulator.o
LOAD ./gcc_arm/ram_release/obj/biopsy_startup.o
LOAD ./gcc_arm/ram_release/obj/canopen.o
LOAD ./gcc_arm/ram_release/obj/common.o
LOAD ./gcc_arm/ram_release/obj/fault.o
LOAD ./gcc_arm/ram_release/obj/gui.o
LOAD ./gcc_arm/ram_release/obj/loader.o
LOAD ./gcc_arm/ram_release/obj/main.o
LOAD ./gcc_arm/ram_release/obj/master_can.o
LOAD ./gcc_arm/ram_release/obj/mccClass.o
LOAD ./gcc_arm/ram_release/obj/pcb190.o
LOAD ./gcc_arm/ram_release/obj/pcb215.o
LOAD ./gcc_arm/ram_release/obj/pcb244.o
LOAD ./gcc_arm/ram_release/obj/pcb249U1.o
LOAD ./gcc_arm/ram_release/obj/pcb249U2.o
LOAD ./gcc_arm/ram_release/obj/seqrx_ae.o
LOAD ./gcc_arm/ram_release/obj/seqrx_std.o
LOAD ./gcc_arm/ram_release/obj/seqrx_std_aec.o
LOAD ./gcc_arm/ram_release/obj/seqrx_tomo.o
LOAD ./gcc_arm/ram_release/obj/seqrx_tomo_aec.o
LOAD ./gcc_arm/ram_release/obj/sequences.o
LOAD ./gcc_arm/ram_release/obj/ser422.o
START GROUP
LOAD /mnt/hgfs/DBT/M4/MQX/lib/twrvf65gs10_m4.gcc_arm/release/psp/psp.a
LOAD /mnt/hgfs/DBT/M4/MQX/lib/twrvf65gs10_m4.gcc_arm/release/bsp/bsp.a
LOAD /mnt/hgfs/DBT/M4/MQX/lib/twrvf65gs10_m4.gcc_arm/release/mcc/mcc.a
LOAD /opt/arm-2017/lib/gcc/arm-none-eabi/4.8.3/armv7e-m/fpu/libgcc.a
LOAD /opt/arm-2017/arm-none-eabi/lib/armv7e-m/fpu/libc.a
LOAD /opt/arm-2017/arm-none-eabi/lib/armv7e-m/fpu/libsupc++.a
LOAD /opt/arm-2017/arm-none-eabi/lib/armv7e-m/fpu/libm.a
LOAD /opt/arm-2017/arm-none-eabi/lib/armv7e-m/fpu/libnosys.a
END GROUP
                0x3f000000                CODE_BASE_ADDR_START = ORIGIN (text)
                0x0003fff0                CODE_SIZE = 0x3fff0
                0x3f03fff0                CODE_BASE_ADDR_END = (CODE_BASE_ADDR_START + CODE_SIZE)
                0x3f800000                DATA_BASE_ADDR_START = ORIGIN (data)
                0x00007ff0                DATA_SIZE = 0x7ff0
                0x3f807ff0                DATA_BASE_ADDR_END = (DATA_BASE_ADDR_START + DATA_SIZE)
                0x1f800000                TCML_BASE_ADDR_START = ORIGIN (tcml)
                0x00007ff0                TCML_SIZE = 0x7ff0
                0x1f807ff0                TCML_END = (TCML_BASE_ADDR_START + TCML_SIZE)
                0x00000001                __DEFAULT_PROCESSOR_NUMBER = 0x1
                0x3f040000                __SHARED_RAM_START = 0x3f040000
                0x3f04fff0                __SHARED_RAM_END = 0x3f04fff0
                0x3f800000                __SRAM_POOL_START = DATA_BASE_ADDR_START
                0x3f807ff0                __SRAM_POOL_END = DATA_BASE_ADDR_END
                0x3f800000                __UNCACHED_DATA_START = DATA_BASE_ADDR_START
                0x3f807ff0                __UNCACHED_DATA_END = DATA_BASE_ADDR_END
                0x1f807ef0                __BOOT_STACK_ADDRESS = (TCML_END - 0x100)
                0x3f000000                __VECTOR_TABLE_ROM_START = CODE_BASE_ADDR_START
                0x3f800000                __VECTOR_TABLE_RAM_START = DATA_BASE_ADDR_START
                0x3f807ff0                __KERNEL_DATA_END = DATA_BASE_ADDR_END

.vectors        0x3f000000      0x460
 *(.vectors_rom)
 .vectors_rom   0x3f000000      0x400 /mnt/hgfs/DBT/M4/MQX/lib/twrvf65gs10_m4.gcc_arm/release/bsp/bsp.a(vectors.o)
                0x3f000000                __vector_table
 *(.cfmconfig)
 *(.boot*)
 .bootseg       0x3f000400       0x60 /mnt/hgfs/DBT/M4/MQX/lib/twrvf65gs10_m4.gcc_arm/release/psp/psp.a(boot.o)
                0x3f000400                __boot

.text           0x3f000460    0x22820
 *(KERNEL)
 KERNEL         0x3f000460      0x2f8 /mnt/hgfs/DBT/M4/MQX/lib/twrvf65gs10_m4.gcc_arm/release/psp/psp.a(dispatch.o)
                0x3f000460                _sched_start_internal
                0x3f000464                _sched_run_internal
                0x3f00046a                _sched_check_scheduler_internal
                0x3f000488                _sched_execute_scheduler_internal
                0x3f00048c                _mqx_api_call
                0x3f000490                _task_block
                0x3f000494                _svc_handler
                0x3f000516                _pend_svc
                0x3f0005dc                _int_kernel_isr
                0x3f000680                _psp_exception_return
                0x3f0006b8                _psp_save_fp_context_internal
                0x3f0006ec                _mem_test_and_set
                0x3f00070a                __get_PSP
                0x3f000710                __get_MSP
                0x3f000716                __set_MSP
                0x3f00071c                __get_PSR
                0x3f000722                __enable_interrupt
                0x3f000726                __disable_interrupt
                0x3f00072a                __get_LR
                0x3f00072e                __get_PC
                0x3f000732                __get_CONTROL
 *(.text*)
 .text.actuatorsStartProcess
                0x3f000758       0x5c ./gcc_arm/ram_release/obj/actuators.o
                0x3f000758                actuatorsStartProcess
 .text.actuatorsMoveTomoTrxHome
                0x3f0007b4       0x8c ./gcc_arm/ram_release/obj/actuators.o
                0x3f0007b4                actuatorsMoveTomoTrxHome
 .text.actuatorsMoveTomoTrxEnd
                0x3f000840       0x9c ./gcc_arm/ram_release/obj/actuators.o
                0x3f000840                actuatorsMoveTomoTrxEnd
 .text.actuatorsTrxMove
                0x3f0008dc       0x58 ./gcc_arm/ram_release/obj/actuators.o
                0x3f0008dc                actuatorsTrxMove
 .text.actuatorsTrxWaitReady
                0x3f000934       0x44 ./gcc_arm/ram_release/obj/actuators.o
                0x3f000934                actuatorsTrxWaitReady
 .text.actuatorsTrxActivateZeroSetting
                0x3f000978       0x44 ./gcc_arm/ram_release/obj/actuators.o
                0x3f000978                actuatorsTrxActivateZeroSetting
 .text.actuatorsTrxStop
                0x3f0009bc       0x70 ./gcc_arm/ram_release/obj/actuators.o
                0x3f0009bc                actuatorsTrxStop
 .text.actuatorsArmMove
                0x3f000a2c       0x90 ./gcc_arm/ram_release/obj/actuators.o
                0x3f000a2c                actuatorsArmMove
 .text.actuatorsManualArmMove
                0x3f000abc      0x10c ./gcc_arm/ram_release/obj/actuators.o
                0x3f000abc                actuatorsManualArmMove
 .text.actuatorsManualTrxMove
                0x3f000bc8       0xa8 ./gcc_arm/ram_release/obj/actuators.o
                0x3f000bc8                actuatorsManualTrxMove
 .text.actuatorsLenzeUnpark
                0x3f000c70       0x34 ./gcc_arm/ram_release/obj/actuators.o
                0x3f000c70                actuatorsLenzeUnpark
 .text.actuatorsLenzPark
                0x3f000ca4       0x34 ./gcc_arm/ram_release/obj/actuators.o
                0x3f000ca4                actuatorsLenzPark
 .text.config_trx
                0x3f000cd8       0x88 ./gcc_arm/ram_release/obj/actuators.o
                0x3f000cd8                config_trx
 .text.config_arm
                0x3f000d60       0xa0 ./gcc_arm/ram_release/obj/actuators.o
                0x3f000d60                config_arm
 .text.config_lenze
                0x3f000e00       0xa4 ./gcc_arm/ram_release/obj/actuators.o
                0x3f000e00                config_lenze
 .text.actuatorsRxFromActuators
                0x3f000ea4       0xb4 ./gcc_arm/ram_release/obj/actuators.o
                0x3f000ea4                actuatorsRxFromActuators
 .text.actuatorsGetStatus
                0x3f000f58       0x16 ./gcc_arm/ram_release/obj/actuators.o
                0x3f000f58                actuatorsGetStatus
 *fill*         0x3f000f6e        0x2 
 .text.actuatorsUpdateAngles
                0x3f000f70      0x138 ./gcc_arm/ram_release/obj/actuators.o
                0x3f000f70                actuatorsUpdateAngles
 .text.actuatorsManageEnables
                0x3f0010a8      0x128 ./gcc_arm/ram_release/obj/actuators.o
                0x3f0010a8                actuatorsManageEnables
 .text.actuatorsRxFromArm
                0x3f0011d0      0x24c ./gcc_arm/ram_release/obj/actuators.o
                0x3f0011d0                actuatorsRxFromArm
 .text.actuatorsRxFromTrx
                0x3f00141c      0x30c ./gcc_arm/ram_release/obj/actuators.o
                0x3f00141c                actuatorsRxFromTrx
 .text.actuatorsRxFromLenze
                0x3f001728       0xf8 ./gcc_arm/ram_release/obj/actuators.o
                0x3f001728                actuatorsRxFromLenze
 .text.BIOPSY_manageActivationLoop
                0x3f001820       0xcc ./gcc_arm/ram_release/obj/biopsyExtended.o
 .text.biopsyExtendedLoop
                0x3f0018ec      0x3dc ./gcc_arm/ram_release/obj/biopsyExtended.o
                0x3f0018ec                biopsyExtendedLoop
 .text.biopsyExtendedMoveXYZ
                0x3f001cc8       0x4c ./gcc_arm/ram_release/obj/biopsyExtended.o
                0x3f001cc8                biopsyExtendedMoveXYZ
 .text.BiopsyExtendedIsPresent
                0x3f001d14       0x24 ./gcc_arm/ram_release/obj/biopsyExtended_driver.o
                0x3f001d14                BiopsyExtendedIsPresent
 .text.BiopsyDriverGetStat
                0x3f001d38       0x34 ./gcc_arm/ram_release/obj/biopsyExtended_driver.o
                0x3f001d38                BiopsyDriverGetStat
 .text.BiopsyDriverGetRevision
                0x3f001d6c       0x2a ./gcc_arm/ram_release/obj/biopsyExtended_driver.o
                0x3f001d6c                BiopsyDriverGetRevision
 .text.BiopsyDriverGetChecksum
                0x3f001d96       0x36 ./gcc_arm/ram_release/obj/biopsyExtended_driver.o
                0x3f001d96                BiopsyDriverGetChecksum
 .text.BiopsyDriverGetNeedle
                0x3f001dcc       0x32 ./gcc_arm/ram_release/obj/biopsyExtended_driver.o
                0x3f001dcc                BiopsyDriverGetNeedle
 .text.BiopsyDriverGetX
                0x3f001dfe       0x34 ./gcc_arm/ram_release/obj/biopsyExtended_driver.o
                0x3f001dfe                BiopsyDriverGetX
 .text.BiopsyDriverGetY
                0x3f001e32       0x34 ./gcc_arm/ram_release/obj/biopsyExtended_driver.o
                0x3f001e32                BiopsyDriverGetY
 .text.BiopsyDriverGetZ
                0x3f001e66       0x34 ./gcc_arm/ram_release/obj/biopsyExtended_driver.o
                0x3f001e66                BiopsyDriverGetZ
 .text.BiopsyDriverGetSH
                0x3f001e9a       0x34 ./gcc_arm/ram_release/obj/biopsyExtended_driver.o
                0x3f001e9a                BiopsyDriverGetSH
 .text.BiopsyDriverSetTGX
                0x3f001ece       0x26 ./gcc_arm/ram_release/obj/biopsyExtended_driver.o
                0x3f001ece                BiopsyDriverSetTGX
 .text.BiopsyDriverSetTGY
                0x3f001ef4       0x26 ./gcc_arm/ram_release/obj/biopsyExtended_driver.o
                0x3f001ef4                BiopsyDriverSetTGY
 .text.BiopsyDriverSetTGZ
                0x3f001f1a       0x26 ./gcc_arm/ram_release/obj/biopsyExtended_driver.o
                0x3f001f1a                BiopsyDriverSetTGZ
 .text.BiopsyDriverMoveXYZ
                0x3f001f40       0x40 ./gcc_arm/ram_release/obj/biopsyExtended_driver.o
                0x3f001f40                BiopsyDriverMoveXYZ
 .text.BiopsyDriverMoveHOME
                0x3f001f80       0x40 ./gcc_arm/ram_release/obj/biopsyExtended_driver.o
                0x3f001f80                BiopsyDriverMoveHOME
 .text.BiopsyDriverMoveDecZ
                0x3f001fc0       0x40 ./gcc_arm/ram_release/obj/biopsyExtended_driver.o
                0x3f001fc0                BiopsyDriverMoveDecZ
 .text.BiopsyDriverMoveIncZ
                0x3f002000       0x40 ./gcc_arm/ram_release/obj/biopsyExtended_driver.o
                0x3f002000                BiopsyDriverMoveIncZ
 .text.BiopsyDriverMoveDecX
                0x3f002040       0x40 ./gcc_arm/ram_release/obj/biopsyExtended_driver.o
                0x3f002040                BiopsyDriverMoveDecX
 .text.BiopsyDriverMoveIncX
                0x3f002080       0x40 ./gcc_arm/ram_release/obj/biopsyExtended_driver.o
                0x3f002080                BiopsyDriverMoveIncX
 .text.BiopsyDriverMoveDecY
                0x3f0020c0       0x40 ./gcc_arm/ram_release/obj/biopsyExtended_driver.o
                0x3f0020c0                BiopsyDriverMoveDecY
 .text.BiopsyDriverMoveIncY
                0x3f002100       0x40 ./gcc_arm/ram_release/obj/biopsyExtended_driver.o
                0x3f002100                BiopsyDriverMoveIncY
 .text.BiopsyDriverSetStepVal
                0x3f002140       0x32 ./gcc_arm/ram_release/obj/biopsyExtended_driver.o
                0x3f002140                BiopsyDriverSetStepVal
 .text.BiopsyDriverSetBuzzer
                0x3f002172       0x18 ./gcc_arm/ram_release/obj/biopsyExtended_driver.o
                0x3f002172                BiopsyDriverSetBuzzer
 *fill*         0x3f00218a        0x2 
 .text.biopsyGetZ
                0x3f00218c       0x38 ./gcc_arm/ram_release/obj/biopsyStandard.o
 .text.moveX    0x3f0021c4       0x60 ./gcc_arm/ram_release/obj/biopsyStandard.o
 .text.moveY    0x3f002224       0x60 ./gcc_arm/ram_release/obj/biopsyStandard.o
 .text.moveZ    0x3f002284       0x60 ./gcc_arm/ram_release/obj/biopsyStandard.o
 .text.biopsyStandardLoop
                0x3f0022e4      0x5b8 ./gcc_arm/ram_release/obj/biopsyStandard.o
                0x3f0022e4                biopsyStandardLoop
 .text.biopsyStandardIsPresent
                0x3f00289c       0x24 ./gcc_arm/ram_release/obj/biopsyStandard.o
                0x3f00289c                biopsyStandardIsPresent
 .text.biopsyStandardSetXYZ
                0x3f0028c0       0xa4 ./gcc_arm/ram_release/obj/biopsyStandard.o
                0x3f0028c0                biopsyStandardSetXYZ
 .text.biopsyStandardSetZLimit
                0x3f002964       0x40 ./gcc_arm/ram_release/obj/biopsyStandard.o
                0x3f002964                biopsyStandardSetZLimit
 .text.biopsyStandardSetZLesione
                0x3f0029a4       0x40 ./gcc_arm/ram_release/obj/biopsyStandard.o
                0x3f0029a4                biopsyStandardSetZLesione
 .text.biopsyStandardSetLago
                0x3f0029e4       0x40 ./gcc_arm/ram_release/obj/biopsyStandard.o
                0x3f0029e4                biopsyStandardSetLago
 .text.biopsyStandardStepZ
                0x3f002a24       0x20 ./gcc_arm/ram_release/obj/biopsyStandard.o
                0x3f002a24                biopsyStandardStepZ
 .text.BIOPSY_driver
                0x3f002a44       0x8c ./gcc_arm/ram_release/obj/biopsy_startup.o
                0x3f002a44                BIOPSY_driver
 .text.config_biopsy
                0x3f002ad0       0x78 ./gcc_arm/ram_release/obj/biopsy_startup.o
                0x3f002ad0                config_biopsy
 .text.msEventWaitAll
                0x3f002b48       0x30 ./gcc_arm/ram_release/obj/common.o
                0x3f002b48                msEventWaitAll
 .text.msEventWaitAny
                0x3f002b78       0x30 ./gcc_arm/ram_release/obj/common.o
                0x3f002b78                msEventWaitAny
 .text.setOutputs
                0x3f002ba8       0x5c ./gcc_arm/ram_release/obj/common.o
                0x3f002ba8                setOutputs
 .text.nearest  0x3f002c04       0x22 ./gcc_arm/ram_release/obj/common.o
                0x3f002c04                nearest
 *fill*         0x3f002c26        0x2 
 .text.loader_activation
                0x3f002c28       0x3c ./gcc_arm/ram_release/obj/gui.o
                0x3f002c28                loader_activation
 .text.loader_chip_erase
                0x3f002c64       0x38 ./gcc_arm/ram_release/obj/gui.o
                0x3f002c64                loader_chip_erase
 .text.loader_write_block
                0x3f002c9c       0x9c ./gcc_arm/ram_release/obj/gui.o
                0x3f002c9c                loader_write_block
 .text.loader_write_config
                0x3f002d38       0x3c ./gcc_arm/ram_release/obj/gui.o
                0x3f002d38                loader_write_config
 .text.loader_read_config
                0x3f002d74       0x98 ./gcc_arm/ram_release/obj/gui.o
                0x3f002d74                loader_read_config
 .text.manageMccLoader
                0x3f002e0c       0x60 ./gcc_arm/ram_release/obj/gui.o
                0x3f002e0c                manageMccLoader
 .text.manageMccConfig
                0x3f002e6c      0x334 ./gcc_arm/ram_release/obj/gui.o
                0x3f002e6c                manageMccConfig
 .text.mcc_cmd_trx
                0x3f0031a0      0x118 ./gcc_arm/ram_release/obj/gui.o
                0x3f0031a0                mcc_cmd_trx
 .text.mcc_cmd_arm
                0x3f0032b8       0xb4 ./gcc_arm/ram_release/obj/gui.o
                0x3f0032b8                mcc_cmd_arm
 .text.mcc_raggi_std
                0x3f00336c       0xe8 ./gcc_arm/ram_release/obj/gui.o
                0x3f00336c                mcc_raggi_std
 .text.mcc_raggi_aec_std
                0x3f003454       0xf4 ./gcc_arm/ram_release/obj/gui.o
                0x3f003454                mcc_raggi_aec_std
 .text.mcc_raggi_bassa_energia
                0x3f003548       0xd0 ./gcc_arm/ram_release/obj/gui.o
                0x3f003548                mcc_raggi_bassa_energia
 .text.mcc_raggi_alta_energia
                0x3f003618       0xc0 ./gcc_arm/ram_release/obj/gui.o
                0x3f003618                mcc_raggi_alta_energia
 .text.mcc_exp_aec_std
                0x3f0036d8       0xf8 ./gcc_arm/ram_release/obj/gui.o
                0x3f0036d8                mcc_exp_aec_std
 .text.mcc_raggi_tomo
                0x3f0037d0      0x100 ./gcc_arm/ram_release/obj/gui.o
                0x3f0037d0                mcc_raggi_tomo
 .text.mcc_raggi_aec_tomo
                0x3f0038d0       0xfc ./gcc_arm/ram_release/obj/gui.o
                0x3f0038d0                mcc_raggi_aec_tomo
 .text.mccSetRotationToolConfig
                0x3f0039cc        0xc ./gcc_arm/ram_release/obj/gui.o
                0x3f0039cc                mccSetRotationToolConfig
 .text.mccGetGonio
                0x3f0039d8       0x60 ./gcc_arm/ram_release/obj/gui.o
                0x3f0039d8                mccGetGonio
 .text.mcc_set_mirror
                0x3f003a38       0x80 ./gcc_arm/ram_release/obj/gui.o
                0x3f003a38                mcc_set_mirror
 .text.mcc_set_lamp
                0x3f003ab8       0xcc ./gcc_arm/ram_release/obj/gui.o
                0x3f003ab8                mcc_set_lamp
 .text.mccSetFuoco
                0x3f003b84       0x5c ./gcc_arm/ram_release/obj/gui.o
                0x3f003b84                mccSetFuoco
 .text.mccSetFiltro
                0x3f003be0       0x24 ./gcc_arm/ram_release/obj/gui.o
                0x3f003be0                mccSetFiltro
 .text.mccSetCalibFiltro
                0x3f003c04       0x2c ./gcc_arm/ram_release/obj/gui.o
                0x3f003c04                mccSetCalibFiltro
 .text.mccSetColli
                0x3f003c30       0xdc ./gcc_arm/ram_release/obj/gui.o
                0x3f003c30                mccSetColli
 .text.mcc_manual_rx_shot
                0x3f003d0c       0xfc ./gcc_arm/ram_release/obj/gui.o
                0x3f003d0c                mcc_manual_rx_shot
 .text.mcc_set_starter
                0x3f003e08       0x4c ./gcc_arm/ram_release/obj/gui.o
                0x3f003e08                mcc_set_starter
 .text.srv_send
                0x3f003e54       0x38 ./gcc_arm/ram_release/obj/gui.o
                0x3f003e54                srv_send
 .text.mcc_service_commands
                0x3f003e8c       0xf4 ./gcc_arm/ram_release/obj/gui.o
                0x3f003e8c                mcc_service_commands
 .text.mcc_pcb215_calibration
                0x3f003f80       0xdc ./gcc_arm/ram_release/obj/gui.o
                0x3f003f80                mcc_pcb215_calibration
 .text.mccBiopsyCmd
                0x3f00405c       0x50 ./gcc_arm/ram_release/obj/gui.o
                0x3f00405c                mccBiopsyCmd
 .text.mcc_pcb215_get_trolley
                0x3f0040ac       0x28 ./gcc_arm/ram_release/obj/gui.o
                0x3f0040ac                mcc_pcb215_get_trolley
 .text.mcc_canopen
                0x3f0040d4       0x30 ./gcc_arm/ram_release/obj/gui.o
                0x3f0040d4                mcc_canopen
 .text.mcc_calib_zero
                0x3f004104       0xd4 ./gcc_arm/ram_release/obj/gui.o
                0x3f004104                mcc_calib_zero
 .text.mccResetGonio
                0x3f0041d8       0x68 ./gcc_arm/ram_release/obj/gui.o
                0x3f0041d8                mccResetGonio
 .text.mcc_parking_mode
                0x3f004240      0x170 ./gcc_arm/ram_release/obj/gui.o
                0x3f004240                mcc_parking_mode
 .text.mcc_unparking_mode
                0x3f0043b0       0xdc ./gcc_arm/ram_release/obj/gui.o
                0x3f0043b0                mcc_unparking_mode
 .text.mccBiopsyStdXYZ
                0x3f00448c       0x9c ./gcc_arm/ram_release/obj/gui.o
                0x3f00448c                mccBiopsyStdXYZ
 .text.digitalManageMccOperativo
                0x3f004528      0x270 ./gcc_arm/ram_release/obj/gui.o
                0x3f004528                digitalManageMccOperativo
 .text.gui_interface_task
                0x3f004798       0x6c ./gcc_arm/ram_release/obj/gui.o
                0x3f004798                gui_interface_task
 .text.loaderCommand
                0x3f004804       0x54 ./gcc_arm/ram_release/obj/loader.o
                0x3f004804                loaderCommand
 .text.loaderRead
                0x3f004858       0xa0 ./gcc_arm/ram_release/obj/loader.o
                0x3f004858                loaderRead
 .text.loaderWrite
                0x3f0048f8       0x90 ./gcc_arm/ram_release/obj/loader.o
                0x3f0048f8                loaderWrite
 .text.loaderWriteBlk
                0x3f004988       0xcc ./gcc_arm/ram_release/obj/loader.o
                0x3f004988                loaderWriteBlk
 .text.loaderExit
                0x3f004a54       0x42 ./gcc_arm/ram_release/obj/loader.o
                0x3f004a54                loaderExit
 *fill*         0x3f004a96        0x2 
 .text.loaderActivation
                0x3f004a98      0x200 ./gcc_arm/ram_release/obj/loader.o
                0x3f004a98                loaderActivation
 .text.loaderChipErase
                0x3f004c98       0x34 ./gcc_arm/ram_release/obj/loader.o
                0x3f004c98                loaderChipErase
 .text.loaderLoadSegment
                0x3f004ccc       0xf0 ./gcc_arm/ram_release/obj/loader.o
                0x3f004ccc                loaderLoadSegment
 .text.loaderWriteConfig
                0x3f004dbc       0xf6 ./gcc_arm/ram_release/obj/loader.o
                0x3f004dbc                loaderWriteConfig
 *fill*         0x3f004eb2        0x2 
 .text.startupDigitalGantry
                0x3f004eb4      0x114 ./gcc_arm/ram_release/obj/main.o
                0x3f004eb4                startupDigitalGantry
 .text.main_task
                0x3f004fc8      0x218 ./gcc_arm/ram_release/obj/main.o
                0x3f004fc8                main_task
 .text.mainPrintHardwareConfig
                0x3f0051e0       0xe4 ./gcc_arm/ram_release/obj/main.o
                0x3f0051e0                mainPrintHardwareConfig
 .text.canOpenMasterInit
                0x3f0052c4      0x1d4 ./gcc_arm/ram_release/obj/master_can.o
                0x3f0052c4                canOpenMasterInit
 .text.Can_RxErrors_Task
                0x3f005498       0xf4 ./gcc_arm/ram_release/obj/master_can.o
                0x3f005498                Can_RxErrors_Task
 .text.CanSendToActuatorsSlave
                0x3f00558c       0x2c ./gcc_arm/ram_release/obj/master_can.o
                0x3f00558c                CanSendToActuatorsSlave
 .text.Can_Tx_Task
                0x3f0055b8       0x98 ./gcc_arm/ram_release/obj/master_can.o
                0x3f0055b8                Can_Tx_Task
 .text.Can_Rx_Task
                0x3f005650      0x168 ./gcc_arm/ram_release/obj/master_can.o
                0x3f005650                Can_Rx_Task
 .text.Can_RxActuators_Task
                0x3f0057b8       0x68 ./gcc_arm/ram_release/obj/master_can.o
                0x3f0057b8                Can_RxActuators_Task
 .text.mccOpenPort
                0x3f005820       0x12 ./gcc_arm/ram_release/obj/mccClass.o
                0x3f005820                mccOpenPort
 .text.mccSetChecksum
                0x3f005832       0x1e ./gcc_arm/ram_release/obj/mccClass.o
                0x3f005832                mccSetChecksum
 .text.mccSendBuffer
                0x3f005850       0x8c ./gcc_arm/ram_release/obj/mccClass.o
                0x3f005850                mccSendBuffer
 .text.mccLibNotify
                0x3f0058dc       0x5c ./gcc_arm/ram_release/obj/mccClass.o
 .text.mccIsFrameCorrect
                0x3f005938       0x28 ./gcc_arm/ram_release/obj/mccClass.o
                0x3f005938                mccIsFrameCorrect
 .text.mccRxFrame
                0x3f005960       0x32 ./gcc_arm/ram_release/obj/mccClass.o
                0x3f005960                mccRxFrame
 .text.mccGuiNotify
                0x3f005992       0x1a ./gcc_arm/ram_release/obj/mccClass.o
                0x3f005992                mccGuiNotify
 .text.mccServiceNotify
                0x3f0059ac       0x1a ./gcc_arm/ram_release/obj/mccClass.o
                0x3f0059ac                mccServiceNotify
 .text.mccLoaderNotify
                0x3f0059c6       0x1a ./gcc_arm/ram_release/obj/mccClass.o
                0x3f0059c6                mccLoaderNotify
 .text.mccPCB215Notify
                0x3f0059e0       0x1a ./gcc_arm/ram_release/obj/mccClass.o
                0x3f0059e0                mccPCB215Notify
 .text.mccPCB249U1Notify
                0x3f0059fa       0x1a ./gcc_arm/ram_release/obj/mccClass.o
                0x3f0059fa                mccPCB249U1Notify
 .text.mccPCB190Notify
                0x3f005a14       0x1a ./gcc_arm/ram_release/obj/mccClass.o
                0x3f005a14                mccPCB190Notify
 .text.mccBiopsyStandardNotify
                0x3f005a2e       0x1a ./gcc_arm/ram_release/obj/mccClass.o
                0x3f005a2e                mccBiopsyStandardNotify
 .text.mccBiopsyExtendedNotify
                0x3f005a48       0x1a ./gcc_arm/ram_release/obj/mccClass.o
                0x3f005a48                mccBiopsyExtendedNotify
 .text.mccConfigNotify
                0x3f005a62       0x1a ./gcc_arm/ram_release/obj/mccClass.o
                0x3f005a62                mccConfigNotify
 .text.GetFwRevision
                0x3f005a7c       0x60 ./gcc_arm/ram_release/obj/pcb190.o
 .text.pcb190DriverCommunicationError
                0x3f005adc       0x84 ./gcc_arm/ram_release/obj/pcb190.o
 .text.pcb190StartRxStd
                0x3f005b60       0x44 ./gcc_arm/ram_release/obj/pcb190.o
                0x3f005b60                pcb190StartRxStd
 .text.pcb190StartRxAecStd
                0x3f005ba4       0x50 ./gcc_arm/ram_release/obj/pcb190.o
                0x3f005ba4                pcb190StartRxAecStd
 .text.pcb190StartRxTomoAec
                0x3f005bf4       0x50 ./gcc_arm/ram_release/obj/pcb190.o
                0x3f005bf4                pcb190StartRxTomoAec
 .text.pcb190StartRxTomo
                0x3f005c44       0x50 ./gcc_arm/ram_release/obj/pcb190.o
                0x3f005c44                pcb190StartRxTomo
 .text.pcb190ResetFault
                0x3f005c94       0x60 ./gcc_arm/ram_release/obj/pcb190.o
                0x3f005c94                pcb190ResetFault
 .text.pcb190SetFuoco
                0x3f005cf4       0x74 ./gcc_arm/ram_release/obj/pcb190.o
                0x3f005cf4                pcb190SetFuoco
 .text.pcb190StarterH
                0x3f005d68       0x4c ./gcc_arm/ram_release/obj/pcb190.o
                0x3f005d68                pcb190StarterH
 .text.pcb190StarterL
                0x3f005db4       0x48 ./gcc_arm/ram_release/obj/pcb190.o
                0x3f005db4                pcb190StarterL
 .text.pcb190StopStarter
                0x3f005dfc       0x78 ./gcc_arm/ram_release/obj/pcb190.o
                0x3f005dfc                pcb190StopStarter
 .text.pcb190OffStarter
                0x3f005e74       0x80 ./gcc_arm/ram_release/obj/pcb190.o
                0x3f005e74                pcb190OffStarter
 .text.waitPcb190Ready
                0x3f005ef4       0x40 ./gcc_arm/ram_release/obj/pcb190.o
                0x3f005ef4                waitPcb190Ready
 .text.pcb190GetPostRxRegisters
                0x3f005f34       0x48 ./gcc_arm/ram_release/obj/pcb190.o
                0x3f005f34                pcb190GetPostRxRegisters
 .text.pcb190UpdateRegisters
                0x3f005f7c      0x2b4 ./gcc_arm/ram_release/obj/pcb190.o
                0x3f005f7c                pcb190UpdateRegisters
 .text.pcb190UploadExpose
                0x3f006230      0x194 ./gcc_arm/ram_release/obj/pcb190.o
                0x3f006230                pcb190UploadExpose
 .text.pcb190UploadTomoExpose
                0x3f0063c4      0x180 ./gcc_arm/ram_release/obj/pcb190.o
                0x3f0063c4                pcb190UploadTomoExpose
 .text.pcb190ConfigLSStarter
                0x3f006544       0xfc ./gcc_arm/ram_release/obj/pcb190.o
                0x3f006544                pcb190ConfigLSStarter
 .text.pcb190DisableLSStarterDiagnostic
                0x3f006640       0xb0 ./gcc_arm/ram_release/obj/pcb190.o
                0x3f006640                pcb190DisableLSStarterDiagnostic
 .text.pcb190_driver
                0x3f0066f0      0x2e0 ./gcc_arm/ram_release/obj/pcb190.o
                0x3f0066f0                pcb190_driver
 .text.pcb190PrintParametri
                0x3f0069d0      0x288 ./gcc_arm/ram_release/obj/pcb190.o
                0x3f0069d0                pcb190PrintParametri
 .text.config_pcb190
                0x3f006c58       0x94 ./gcc_arm/ram_release/obj/pcb190.o
                0x3f006c58                config_pcb190
 .text.pcb190ConvertKvRead
                0x3f006cec       0x3c ./gcc_arm/ram_release/obj/pcb190.o
                0x3f006cec                pcb190ConvertKvRead
 .text.pcb190TestLSStarter
                0x3f006d28       0x18 ./gcc_arm/ram_release/obj/pcb190.o
                0x3f006d28                pcb190TestLSStarter
 .text.classifyPad
                0x3f006d40      0x100 ./gcc_arm/ram_release/obj/pcb215.o
 .text.GetFwRevision
                0x3f006e40       0x60 ./gcc_arm/ram_release/obj/pcb215.o
 .text.pcb215ResetFault
                0x3f006ea0       0x60 ./gcc_arm/ram_release/obj/pcb215.o
 .text.pcb215DriverCommunicationError
                0x3f006f00       0x9c ./gcc_arm/ram_release/obj/pcb215.o
 .text.pcb215SetSblocco
                0x3f006f9c       0x9c ./gcc_arm/ram_release/obj/pcb215.o
                0x3f006f9c                pcb215SetSblocco
 .text.pcb215SetXRaySblocco
                0x3f007038       0x34 ./gcc_arm/ram_release/obj/pcb215.o
                0x3f007038                pcb215SetXRaySblocco
 .text.pcb215MovePadUpward
                0x3f00706c       0x9c ./gcc_arm/ram_release/obj/pcb215.o
                0x3f00706c                pcb215MovePadUpward
 .text.pcb215MovePadDownward
                0x3f007108      0x100 ./gcc_arm/ram_release/obj/pcb215.o
                0x3f007108                pcb215MovePadDownward
 .text.pcb215SetIdle
                0x3f007208       0xac ./gcc_arm/ram_release/obj/pcb215.o
                0x3f007208                pcb215SetIdle
 .text.pcb215ConfigNacchera
                0x3f0072b4       0x60 ./gcc_arm/ram_release/obj/pcb215.o
                0x3f0072b4                pcb215ConfigNacchera
 .text.pcb215ConfigForza
                0x3f007314       0x7c ./gcc_arm/ram_release/obj/pcb215.o
                0x3f007314                pcb215ConfigForza
 .text.pcb215ActivateCalibMode
                0x3f007390       0x28 ./gcc_arm/ram_release/obj/pcb215.o
                0x3f007390                pcb215ActivateCalibMode
 .text.pcb215ForceUpdateData
                0x3f0073b8       0x14 ./gcc_arm/ram_release/obj/pcb215.o
                0x3f0073b8                pcb215ForceUpdateData
 .text.pcb215PrintConfig
                0x3f0073cc      0x11c ./gcc_arm/ram_release/obj/pcb215.o
                0x3f0073cc                pcb215PrintConfig
 .text.config_pcb215
                0x3f0074e8      0x108 ./gcc_arm/ram_release/obj/pcb215.o
                0x3f0074e8                config_pcb215
 .text.pcb215_driver
                0x3f0075f0      0xbd0 ./gcc_arm/ram_release/obj/pcb215.o
                0x3f0075f0                pcb215_driver
 .text.pcb215GetSpessoreNonCompresso
                0x3f0081c0       0xac ./gcc_arm/ram_release/obj/pcb215.o
                0x3f0081c0                pcb215GetSpessoreNonCompresso
 .text.pcb244_driver
                0x3f00826c      0x250 ./gcc_arm/ram_release/obj/pcb244.o
                0x3f00826c                pcb244_driver
 .text.pcb244StartVoiceCoil
                0x3f0084bc       0x28 ./gcc_arm/ram_release/obj/pcb244.o
                0x3f0084bc                pcb244StartVoiceCoil
 .text.pcb244StopVoiceCoil
                0x3f0084e4       0x1c ./gcc_arm/ram_release/obj/pcb244.o
                0x3f0084e4                pcb244StopVoiceCoil
 .text.pcb244SetFreqVoiceCoil
                0x3f008500       0x2c ./gcc_arm/ram_release/obj/pcb244.o
                0x3f008500                pcb244SetFreqVoiceCoil
 .text.pcb244SetAmplVoiceCoil
                0x3f00852c       0x2c ./gcc_arm/ram_release/obj/pcb244.o
                0x3f00852c                pcb244SetAmplVoiceCoil
 .text.pcb244Start2d
                0x3f008558       0x70 ./gcc_arm/ram_release/obj/pcb244.o
                0x3f008558                pcb244Start2d
 .text.pcb244Stop2d
                0x3f0085c8       0x70 ./gcc_arm/ram_release/obj/pcb244.o
                0x3f0085c8                pcb244Stop2d
 .text.pcb244ResetFaults
                0x3f008638       0x70 ./gcc_arm/ram_release/obj/pcb244.o
                0x3f008638                pcb244ResetFaults
 .text.pcb244ResetBoard
                0x3f0086a8       0x6c ./gcc_arm/ram_release/obj/pcb244.o
                0x3f0086a8                pcb244ResetBoard
 .text.config_pcb244
                0x3f008714        0x4 ./gcc_arm/ram_release/obj/pcb244.o
                0x3f008714                config_pcb244
 .text.GetFwRevision
                0x3f008718       0x60 ./gcc_arm/ram_release/obj/pcb249U1.o
 .text.pcb249U1DriverCommunicationError
                0x3f008778       0x90 ./gcc_arm/ram_release/obj/pcb249U1.o
 .text.pcb249U1WaitBusy.constprop.0
                0x3f008808       0x34 ./gcc_arm/ram_release/obj/pcb249U1.o
 .text.getAccessorioCodice
                0x3f00883c       0x70 ./gcc_arm/ram_release/obj/pcb249U1.o
                0x3f00883c                getAccessorioCodice
 .text.pcb249U1SetColliCmd
                0x3f0088ac       0xa4 ./gcc_arm/ram_release/obj/pcb249U1.o
                0x3f0088ac                pcb249U1SetColliCmd
 .text.pcb249U1ResetGonio
                0x3f008950       0x8c ./gcc_arm/ram_release/obj/pcb249U1.o
                0x3f008950                pcb249U1ResetGonio
 .text.pcb249U1ResetFaults
                0x3f0089dc       0x40 ./gcc_arm/ram_release/obj/pcb249U1.o
                0x3f0089dc                pcb249U1ResetFaults
 .text.pcb249U1SetColli
                0x3f008a1c       0x48 ./gcc_arm/ram_release/obj/pcb249U1.o
                0x3f008a1c                pcb249U1SetColli
 .text.pcb249U1initCollimator
                0x3f008a64       0xa4 ./gcc_arm/ram_release/obj/pcb249U1.o
                0x3f008a64                pcb249U1initCollimator
 .text.pcb249U1_driver
                0x3f008b08      0x7e0 ./gcc_arm/ram_release/obj/pcb249U1.o
                0x3f008b08                pcb249U1_driver
 .text.colliArrayPrint
                0x3f0092e8       0xe4 ./gcc_arm/ram_release/obj/pcb249U1.o
                0x3f0092e8                colliArrayPrint
 .text.pcb249U1SetTubeTemperatureThresholds
                0x3f0093cc       0x48 ./gcc_arm/ram_release/obj/pcb249U1.o
                0x3f0093cc                pcb249U1SetTubeTemperatureThresholds
 .text.pcb249U1SetWriteMode01
                0x3f009414       0x40 ./gcc_arm/ram_release/obj/pcb249U1.o
                0x3f009414                pcb249U1SetWriteMode01
 .text.pcb249U1SetWriteMode23
                0x3f009454       0x40 ./gcc_arm/ram_release/obj/pcb249U1.o
                0x3f009454                pcb249U1SetWriteMode23
 .text.setColliArray
                0x3f009494       0xfc ./gcc_arm/ram_release/obj/pcb249U1.o
                0x3f009494                setColliArray
 .text.config_pcb249U1
                0x3f009590       0xcc ./gcc_arm/ram_release/obj/pcb249U1.o
                0x3f009590                config_pcb249U1
 .text.pcb249U1_readGonio
                0x3f00965c       0x38 ./gcc_arm/ram_release/obj/pcb249U1.o
                0x3f00965c                pcb249U1_readGonio
 .text.wait2DLeftRightTrapCompletion
                0x3f009694       0x84 ./gcc_arm/ram_release/obj/pcb249U1.o
                0x3f009694                wait2DLeftRightTrapCompletion
 .text.pcb249U1_GetFreeze
                0x3f009718       0x10 ./gcc_arm/ram_release/obj/pcb249U1.o
                0x3f009718                pcb249U1_GetFreeze
 .text.pcb249U2getFilterCurrentPosition
                0x3f009728       0x2c ./gcc_arm/ram_release/obj/pcb249U2.o
 .text.GetFwRevision
                0x3f009754       0x60 ./gcc_arm/ram_release/obj/pcb249U2.o
 .text.pcb249U2ResetFaults
                0x3f0097b4       0x40 ./gcc_arm/ram_release/obj/pcb249U2.o
 .text.pcb249U2MirrorHomeCmd
                0x3f0097f4       0x4c ./gcc_arm/ram_release/obj/pcb249U2.o
 .text.pcb249U2MirrorOutCmd
                0x3f009840       0x4c ./gcc_arm/ram_release/obj/pcb249U2.o
 .text.pcb249U2ColliCmd
                0x3f00988c       0x68 ./gcc_arm/ram_release/obj/pcb249U2.o
                0x3f00988c                pcb249U2ColliCmd
 .text.pcb249U2RxSetFiltroCmd
                0x3f0098f4       0x58 ./gcc_arm/ram_release/obj/pcb249U2.o
                0x3f0098f4                pcb249U2RxSetFiltroCmd
 .text.pcb249U2StoreCmd
                0x3f00994c       0x3c ./gcc_arm/ram_release/obj/pcb249U2.o
                0x3f00994c                pcb249U2StoreCmd
 .text.pcb249U2ResetCalibFilterFlag
                0x3f009988       0x30 ./gcc_arm/ram_release/obj/pcb249U2.o
                0x3f009988                pcb249U2ResetCalibFilterFlag
 .text.pcb249U2LampCmd
                0x3f0099b8       0x54 ./gcc_arm/ram_release/obj/pcb249U2.o
                0x3f0099b8                pcb249U2LampCmd
 .text.pcb249U2SetColli
                0x3f009a0c       0x4c ./gcc_arm/ram_release/obj/pcb249U2.o
                0x3f009a0c                pcb249U2SetColli
 .text.pcb249U2SetFiltro
                0x3f009a58       0x40 ./gcc_arm/ram_release/obj/pcb249U2.o
                0x3f009a58                pcb249U2SetFiltro
 .text.pcb249WaitBusy
                0x3f009a98       0x40 ./gcc_arm/ram_release/obj/pcb249U2.o
                0x3f009a98                pcb249WaitBusy
 .text.pcb249U2_driver
                0x3f009ad8      0x5e4 ./gcc_arm/ram_release/obj/pcb249U2.o
                0x3f009ad8                pcb249U2_driver
 .text.pcb249U2Mirror
                0x3f00a0bc       0x70 ./gcc_arm/ram_release/obj/pcb249U2.o
                0x3f00a0bc                pcb249U2Mirror
 .text.pcb249U2Lamp
                0x3f00a12c       0x60 ./gcc_arm/ram_release/obj/pcb249U2.o
                0x3f00a12c                pcb249U2Lamp
 .text.config_pcb249U2
                0x3f00a18c       0x94 ./gcc_arm/ram_release/obj/pcb249U2.o
                0x3f00a18c                config_pcb249U2
 .text.pcb249U2SetFiltroRaw
                0x3f00a220       0x4c ./gcc_arm/ram_release/obj/pcb249U2.o
                0x3f00a220                pcb249U2SetFiltroRaw
 .text.getTomoDeltaFilter
                0x3f00a26c       0x50 ./gcc_arm/ram_release/obj/pcb249U2.o
                0x3f00a26c                getTomoDeltaFilter
 .text.waitRxFilterCompletion
                0x3f00a2bc       0x64 ./gcc_arm/ram_release/obj/pcb249U2.o
                0x3f00a2bc                waitRxFilterCompletion
 .text.wait2DBackFrontCompletion
                0x3f00a320       0x98 ./gcc_arm/ram_release/obj/pcb249U2.o
                0x3f00a320                wait2DBackFrontCompletion
 .text.pcb249U2_GetFreeze
                0x3f00a3b8       0x10 ./gcc_arm/ram_release/obj/pcb249U2.o
                0x3f00a3b8                pcb249U2_GetFreeze
 .text.RxAeSeqError
                0x3f00a3c8      0x140 ./gcc_arm/ram_release/obj/seqrx_ae.o
 .text.std_ae_rx_task
                0x3f00a508      0x520 ./gcc_arm/ram_release/obj/seqrx_ae.o
                0x3f00a508                std_ae_rx_task
 .text.RxStdSeqError
                0x3f00aa28      0x120 ./gcc_arm/ram_release/obj/seqrx_std.o
 .text.std_rx_task
                0x3f00ab48      0x414 ./gcc_arm/ram_release/obj/seqrx_std.o
                0x3f00ab48                std_rx_task
 .text.RxStdAecSeqError
                0x3f00af5c      0x108 ./gcc_arm/ram_release/obj/seqrx_std_aec.o
 .text.std_aec_rx_task
                0x3f00b064      0x500 ./gcc_arm/ram_release/obj/seqrx_std_aec.o
                0x3f00b064                std_aec_rx_task
 .text.RxTomoSeqError
                0x3f00b564      0x168 ./gcc_arm/ram_release/obj/seqrx_tomo.o
 .text.tomo_rx_task
                0x3f00b6cc      0x77c ./gcc_arm/ram_release/obj/seqrx_tomo.o
                0x3f00b6cc                tomo_rx_task
 .text.RxTomoSeqAecError
                0x3f00be48      0x168 ./gcc_arm/ram_release/obj/seqrx_tomo_aec.o
 .text.tomo_aec_rx_task
                0x3f00bfb0      0x874 ./gcc_arm/ram_release/obj/seqrx_tomo_aec.o
                0x3f00bfb0                tomo_aec_rx_task
 *fill*         0x3f00c824        0x4 
 .text.rxNotifyData
                0x3f00c828      0x620 ./gcc_arm/ram_release/obj/sequences.o
                0x3f00c828                rxNotifyData
 .text.ser422SetBaud
                0x3f00ce48       0x20 ./gcc_arm/ram_release/obj/ser422.o
                0x3f00ce48                ser422SetBaud
 .text.ser422_driver
                0x3f00ce68      0x4b4 ./gcc_arm/ram_release/obj/ser422.o
                0x3f00ce68                ser422_driver
 .text.Ser422Send
                0x3f00d31c       0x74 ./gcc_arm/ram_release/obj/ser422.o
                0x3f00d31c                Ser422Send
 .text.Ser422LoaderSend
                0x3f00d390       0x6c ./gcc_arm/ram_release/obj/ser422.o
                0x3f00d390                Ser422LoaderSend
 .text.Ser422WriteRegister
                0x3f00d3fc       0xc2 ./gcc_arm/ram_release/obj/ser422.o
                0x3f00d3fc                Ser422WriteRegister
 .text.Ser422UploadRegisters
                0x3f00d4be       0x7e ./gcc_arm/ram_release/obj/ser422.o
                0x3f00d4be                Ser422UploadRegisters
 .text.Ser422ReadRegister
                0x3f00d53c       0x9e ./gcc_arm/ram_release/obj/ser422.o
                0x3f00d53c                Ser422ReadRegister
 .text.Ser422SendRaw
                0x3f00d5da       0x5e ./gcc_arm/ram_release/obj/ser422.o
                0x3f00d5da                Ser422SendRaw
 .text.Ser422WriteRaw
                0x3f00d638       0x38 ./gcc_arm/ram_release/obj/ser422.o
                0x3f00d638                Ser422WriteRaw
 .text.Ser422ReadAddrRegister
                0x3f00d670       0x40 ./gcc_arm/ram_release/obj/ser422.o
                0x3f00d670                Ser422ReadAddrRegister
 .text.Ser422Read16BitRegister
                0x3f00d6b0       0x68 ./gcc_arm/ram_release/obj/ser422.o
                0x3f00d6b0                Ser422Read16BitRegister
 .text.Ser422FormatRegListCrc
                0x3f00d718       0x40 ./gcc_arm/ram_release/obj/ser422.o
                0x3f00d718                Ser422FormatRegListCrc
 .text.Ser422SetConfigList
                0x3f00d758       0xf8 ./gcc_arm/ram_release/obj/ser422.o
                0x3f00d758                Ser422SetConfigList
 .text.Ser422DriverFreezeAll
                0x3f00d850       0x80 ./gcc_arm/ram_release/obj/ser422.o
                0x3f00d850                Ser422DriverFreezeAll
 .text.Ser422DriverSetReadyAll
                0x3f00d8d0       0x4c ./gcc_arm/ram_release/obj/ser422.o
                0x3f00d8d0                Ser422DriverSetReadyAll
 .text._io_printf
                0x3f00d91c       0x30 /mnt/hgfs/DBT/M4/MQX/lib/twrvf65gs10_m4.gcc_arm/release/psp/psp.a(io_pntf.o)
                0x3f00d91c                _io_printf
 .text._task_stop_preemption
                0x3f00d94c       0x20 /mnt/hgfs/DBT/M4/MQX/lib/twrvf65gs10_m4.gcc_arm/release/psp/psp.a(task.o)
                0x3f00d94c                _task_stop_preemption
 .text._task_get_error
                0x3f00d96c       0x18 /mnt/hgfs/DBT/M4/MQX/lib/twrvf65gs10_m4.gcc_arm/release/psp/psp.a(task.o)
                0x3f00d96c                _task_get_error
 .text._task_get_id
                0x3f00d984       0x10 /mnt/hgfs/DBT/M4/MQX/lib/twrvf65gs10_m4.gcc_arm/release/psp/psp.a(task.o)
                0x3f00d984                _task_get_id
 .text._task_get_td
                0x3f00d994       0x50 /mnt/hgfs/DBT/M4/MQX/lib/twrvf65gs10_m4.gcc_arm/release/psp/psp.a(task.o)
                0x3f00d994                _task_get_td
 .text._task_destroy_internal
                0x3f00d9e4      0x20c /mnt/hgfs/DBT/M4/MQX/lib/twrvf65gs10_m4.gcc_arm/release/psp/psp.a(task.o)
                0x3f00d9e4                _task_destroy_internal
 .text._task_destroy
                0x3f00dbf0        0x6 /mnt/hgfs/DBT/M4/MQX/lib/twrvf65gs10_m4.gcc_arm/release/psp/psp.a(task.o)
                0x3f00dbf0                _task_destroy
 *fill*         0x3f00dbf6        0x2 
 .text._task_exit_function_internal
                0x3f00dbf8       0x20 /mnt/hgfs/DBT/M4/MQX/lib/twrvf65gs10_m4.gcc_arm/release/psp/psp.a(task.o)
                0x3f00dbf8                _task_exit_function_internal
 .text._task_set_error
                0x3f00dc18       0x2c /mnt/hgfs/DBT/M4/MQX/lib/twrvf65gs10_m4.gcc_arm/release/psp/psp.a(task.o)
                0x3f00dc18                _task_set_error
 .text._task_fill_stack_internal
                0x3f00dc44       0x18 /mnt/hgfs/DBT/M4/MQX/lib/twrvf65gs10_m4.gcc_arm/release/psp/psp.a(task.o)
                0x3f00dc44                _task_fill_stack_internal
 .text._task_ready_internal
                0x3f00dc5c       0x28 /mnt/hgfs/DBT/M4/MQX/lib/twrvf65gs10_m4.gcc_arm/release/psp/psp.a(task.o)
                0x3f00dc5c                _task_ready_internal
 .text._task_sync_priority_internal
                0x3f00dc84        0x2 /mnt/hgfs/DBT/M4/MQX/lib/twrvf65gs10_m4.gcc_arm/release/psp/psp.a(task.o)
                0x3f00dc84                _task_sync_priority_internal
 *fill*         0x3f00dc86        0x2 
 .text._task_alloc_td_internal
                0x3f00dc88       0xb8 /mnt/hgfs/DBT/M4/MQX/lib/twrvf65gs10_m4.gcc_arm/release/psp/psp.a(task.o)
                0x3f00dc88                _task_alloc_td_internal
 .text._task_init_internal
                0x3f00dd40      0x15c /mnt/hgfs/DBT/M4/MQX/lib/twrvf65gs10_m4.gcc_arm/release/psp/psp.a(task.o)
                0x3f00dd40                _task_init_internal
 .text._task_build_internal
                0x3f00de9c       0x64 /mnt/hgfs/DBT/M4/MQX/lib/twrvf65gs10_m4.gcc_arm/release/psp/psp.a(task.o)
                0x3f00de9c                _task_build_internal
 .text._task_create_internal
                0x3f00df00       0xb4 /mnt/hgfs/DBT/M4/MQX/lib/twrvf65gs10_m4.gcc_arm/release/psp/psp.a(task.o)
                0x3f00df00                _task_create_internal
 .text._task_create
                0x3f00dfb4        0x6 /mnt/hgfs/DBT/M4/MQX/lib/twrvf65gs10_m4.gcc_arm/release/psp/psp.a(task.o)
                0x3f00dfb4                _task_create
 .text._task_set_error_td_internal
                0x3f00dfba        0xc /mnt/hgfs/DBT/M4/MQX/lib/twrvf65gs10_m4.gcc_arm/release/psp/psp.a(task.o)
                0x3f00dfba                _task_set_error_td_internal
 .text._psp_destroy_stack_frame
                0x3f00dfc6        0x2 /mnt/hgfs/DBT/M4/MQX/lib/twrvf65gs10_m4.gcc_arm/release/psp/psp.a(stack_de.o)
                0x3f00dfc6                _psp_destroy_stack_frame
 .text._lwevent_create_internal
                0x3f00dfc8       0x70 /mnt/hgfs/DBT/M4/MQX/lib/twrvf65gs10_m4.gcc_arm/release/psp/psp.a(lwevent.o)
                0x3f00dfc8                _lwevent_create_internal
 .text._lwevent_create
                0x3f00e038        0x6 /mnt/hgfs/DBT/M4/MQX/lib/twrvf65gs10_m4.gcc_arm/release/psp/psp.a(lwevent.o)
                0x3f00e038                _lwevent_create
 *fill*         0x3f00e03e        0x2 
 .text._lwevent_destroy_internal
                0x3f00e040       0x94 /mnt/hgfs/DBT/M4/MQX/lib/twrvf65gs10_m4.gcc_arm/release/psp/psp.a(lwevent.o)
                0x3f00e040                _lwevent_destroy_internal
 .text._lwevent_destroy
                0x3f00e0d4        0x6 /mnt/hgfs/DBT/M4/MQX/lib/twrvf65gs10_m4.gcc_arm/release/psp/psp.a(lwevent.o)
                0x3f00e0d4                _lwevent_destroy
 *fill*         0x3f00e0da        0x2 
 .text._lwevent_clear
                0x3f00e0dc       0x30 /mnt/hgfs/DBT/M4/MQX/lib/twrvf65gs10_m4.gcc_arm/release/psp/psp.a(lwevent.o)
                0x3f00e0dc                _lwevent_clear
 .text._lwevent_get_signalled
                0x3f00e10c       0x10 /mnt/hgfs/DBT/M4/MQX/lib/twrvf65gs10_m4.gcc_arm/release/psp/psp.a(lwevent.o)
                0x3f00e10c                _lwevent_get_signalled
 .text._lwevent_set
                0x3f00e11c       0xc8 /mnt/hgfs/DBT/M4/MQX/lib/twrvf65gs10_m4.gcc_arm/release/psp/psp.a(lwevent.o)
                0x3f00e11c                _lwevent_set
 .text._lwevent_wait_internal
                0x3f00e1e4       0xd4 /mnt/hgfs/DBT/M4/MQX/lib/twrvf65gs10_m4.gcc_arm/release/psp/psp.a(lwevent.o)
                0x3f00e1e4                _lwevent_wait_internal
 .text._lwevent_wait_for
                0x3f00e2b8        0xe /mnt/hgfs/DBT/M4/MQX/lib/twrvf65gs10_m4.gcc_arm/release/psp/psp.a(lwevent.o)
                0x3f00e2b8                _lwevent_wait_for
 .text._lwevent_wait_until
                0x3f00e2c6        0xe /mnt/hgfs/DBT/M4/MQX/lib/twrvf65gs10_m4.gcc_arm/release/psp/psp.a(lwevent.o)
                0x3f00e2c6                _lwevent_wait_until
 .text._lwevent_wait_ticks
                0x3f00e2d4       0x44 /mnt/hgfs/DBT/M4/MQX/lib/twrvf65gs10_m4.gcc_arm/release/psp/psp.a(lwevent.o)
                0x3f00e2d4                _lwevent_wait_ticks
 .text._io_get_handle
                0x3f00e318       0x40 /mnt/hgfs/DBT/M4/MQX/lib/twrvf65gs10_m4.gcc_arm/release/psp/psp.a(io_ghand.o)
                0x3f00e318                _io_get_handle
 .text._sched_yield
                0x3f00e358       0x2c /mnt/hgfs/DBT/M4/MQX/lib/twrvf65gs10_m4.gcc_arm/release/psp/psp.a(sched.o)
                0x3f00e358                _sched_yield
 .text._sched_insert_priorityq_internal
                0x3f00e384       0x2e /mnt/hgfs/DBT/M4/MQX/lib/twrvf65gs10_m4.gcc_arm/release/psp/psp.a(sched.o)
                0x3f00e384                _sched_insert_priorityq_internal
 .text._sched_get_max_priority_on_q_internal
                0x3f00e3b2       0x1e /mnt/hgfs/DBT/M4/MQX/lib/twrvf65gs10_m4.gcc_arm/release/psp/psp.a(sched.o)
                0x3f00e3b2                _sched_get_max_priority_on_q_internal
 .text._sched_set_priority_internal
                0x3f00e3d0       0x58 /mnt/hgfs/DBT/M4/MQX/lib/twrvf65gs10_m4.gcc_arm/release/psp/psp.a(sched.o)
                0x3f00e3d0                _sched_set_priority_internal
 .text._sched_boost_priority_internal
                0x3f00e428       0x1c /mnt/hgfs/DBT/M4/MQX/lib/twrvf65gs10_m4.gcc_arm/release/psp/psp.a(sched.o)
                0x3f00e428                _sched_boost_priority_internal
 .text._sched_unboost_priority_internal
                0x3f00e444       0x30 /mnt/hgfs/DBT/M4/MQX/lib/twrvf65gs10_m4.gcc_arm/release/psp/psp.a(sched.o)
                0x3f00e444                _sched_unboost_priority_internal
 .text._io_fflush
                0x3f00e474       0x2e /mnt/hgfs/DBT/M4/MQX/lib/twrvf65gs10_m4.gcc_arm/release/psp/psp.a(io_fflsh.o)
                0x3f00e474                _io_fflush
 .text._io_mputc
                0x3f00e4a2       0x32 /mnt/hgfs/DBT/M4/MQX/lib/twrvf65gs10_m4.gcc_arm/release/psp/psp.a(io_dopr.o)
 .text._io_putstr
                0x3f00e4d4       0x34 /mnt/hgfs/DBT/M4/MQX/lib/twrvf65gs10_m4.gcc_arm/release/psp/psp.a(io_dopr.o)
 .text._io_doprint_prt
                0x3f00e508       0x98 /mnt/hgfs/DBT/M4/MQX/lib/twrvf65gs10_m4.gcc_arm/release/psp/psp.a(io_dopr.o)
                0x3f00e508                _io_doprint_prt
 .text._io_doprint_prt64
                0x3f00e5a0       0xf4 /mnt/hgfs/DBT/M4/MQX/lib/twrvf65gs10_m4.gcc_arm/release/psp/psp.a(io_dopr.o)
                0x3f00e5a0                _io_doprint_prt64
 *fill*         0x3f00e694        0x4 
 .text._io_doprint
                0x3f00e698      0x9c8 /mnt/hgfs/DBT/M4/MQX/lib/twrvf65gs10_m4.gcc_arm/release/psp/psp.a(io_dopr.o)
                0x3f00e698                _io_doprint
 .text._taskq_create
                0x3f00f060       0x70 /mnt/hgfs/DBT/M4/MQX/lib/twrvf65gs10_m4.gcc_arm/release/psp/psp.a(taskq.o)
                0x3f00f060                _taskq_create
 .text._taskq_destroy
                0x3f00f0d0       0x78 /mnt/hgfs/DBT/M4/MQX/lib/twrvf65gs10_m4.gcc_arm/release/psp/psp.a(taskq.o)
                0x3f00f0d0                _taskq_destroy
 .text._taskq_suspend
                0x3f00f148       0x68 /mnt/hgfs/DBT/M4/MQX/lib/twrvf65gs10_m4.gcc_arm/release/psp/psp.a(taskq.o)
                0x3f00f148                _taskq_suspend
 .text._taskq_resume
                0x3f00f1b0       0x5c /mnt/hgfs/DBT/M4/MQX/lib/twrvf65gs10_m4.gcc_arm/release/psp/psp.a(taskq.o)
                0x3f00f1b0                _taskq_resume
 .text._taskq_get_value
                0x3f00f20c       0x24 /mnt/hgfs/DBT/M4/MQX/lib/twrvf65gs10_m4.gcc_arm/release/psp/psp.a(taskq.o)
                0x3f00f20c                _taskq_get_value
 .text._mqx_exit
                0x3f00f230        0x8 /mnt/hgfs/DBT/M4/MQX/lib/twrvf65gs10_m4.gcc_arm/release/psp/psp.a(mqx.o)
                0x3f00f230                _mqx_exit
 .text._mqx_set_cpu_type
                0x3f00f238        0xc /mnt/hgfs/DBT/M4/MQX/lib/twrvf65gs10_m4.gcc_arm/release/psp/psp.a(mqx.o)
                0x3f00f238                _mqx_set_cpu_type
 .text._mqx_init_kernel_data_internal
                0x3f00f244      0x110 /mnt/hgfs/DBT/M4/MQX/lib/twrvf65gs10_m4.gcc_arm/release/psp/psp.a(mqx.o)
                0x3f00f244                _mqx_init_kernel_data_internal
 .text._mqx     0x3f00f354      0x14c /mnt/hgfs/DBT/M4/MQX/lib/twrvf65gs10_m4.gcc_arm/release/psp/psp.a(mqx.o)
                0x3f00f354                _mqx
 .text._lwsem_create_internal
                0x3f00f4a0       0x54 /mnt/hgfs/DBT/M4/MQX/lib/twrvf65gs10_m4.gcc_arm/release/psp/psp.a(lwsem.o)
                0x3f00f4a0                _lwsem_create_internal
 .text._lwsem_create
                0x3f00f4f4        0x8 /mnt/hgfs/DBT/M4/MQX/lib/twrvf65gs10_m4.gcc_arm/release/psp/psp.a(lwsem.o)
                0x3f00f4f4                _lwsem_create
 .text._lwsem_destroy_internal
                0x3f00f4fc       0xa0 /mnt/hgfs/DBT/M4/MQX/lib/twrvf65gs10_m4.gcc_arm/release/psp/psp.a(lwsem.o)
                0x3f00f4fc                _lwsem_destroy_internal
 .text._lwsem_destroy
                0x3f00f59c        0x6 /mnt/hgfs/DBT/M4/MQX/lib/twrvf65gs10_m4.gcc_arm/release/psp/psp.a(lwsem.o)
                0x3f00f59c                _lwsem_destroy
 *fill*         0x3f00f5a2        0x2 
 .text._lwsem_poll
                0x3f00f5a4       0x30 /mnt/hgfs/DBT/M4/MQX/lib/twrvf65gs10_m4.gcc_arm/release/psp/psp.a(lwsem.o)
                0x3f00f5a4                _lwsem_poll
 .text._lwsem_post
                0x3f00f5d4       0x80 /mnt/hgfs/DBT/M4/MQX/lib/twrvf65gs10_m4.gcc_arm/release/psp/psp.a(lwsem.o)
                0x3f00f5d4                _lwsem_post
 .text._lwsem_wait
                0x3f00f654       0x6c /mnt/hgfs/DBT/M4/MQX/lib/twrvf65gs10_m4.gcc_arm/release/psp/psp.a(lwsem.o)
                0x3f00f654                _lwsem_wait
 .text._queue_init
                0x3f00f6c0        0xc /mnt/hgfs/DBT/M4/MQX/lib/twrvf65gs10_m4.gcc_arm/release/psp/psp.a(queue.o)
                0x3f00f6c0                _queue_init
 .text._queue_enqueue
                0x3f00f6cc       0x3a /mnt/hgfs/DBT/M4/MQX/lib/twrvf65gs10_m4.gcc_arm/release/psp/psp.a(queue.o)
                0x3f00f6cc                _queue_enqueue
 .text._queue_dequeue
                0x3f00f706       0x24 /mnt/hgfs/DBT/M4/MQX/lib/twrvf65gs10_m4.gcc_arm/release/psp/psp.a(queue.o)
                0x3f00f706                _queue_dequeue
 .text._queue_insert
                0x3f00f72a       0x3c /mnt/hgfs/DBT/M4/MQX/lib/twrvf65gs10_m4.gcc_arm/release/psp/psp.a(queue.o)
                0x3f00f72a                _queue_insert
 *fill*         0x3f00f766        0x2 
 .text._psp_set_kernel_disable_level
                0x3f00f768       0x4c /mnt/hgfs/DBT/M4/MQX/lib/twrvf65gs10_m4.gcc_arm/release/psp/psp.a(sc_irdyq.o)
                0x3f00f768                _psp_set_kernel_disable_level
 .text._psp_init_readyqs
                0x3f00f7b4       0x70 /mnt/hgfs/DBT/M4/MQX/lib/twrvf65gs10_m4.gcc_arm/release/psp/psp.a(sc_irdyq.o)
                0x3f00f7b4                _psp_init_readyqs
 .text._io_ioctl
                0x3f00f824       0x30 /mnt/hgfs/DBT/M4/MQX/lib/twrvf65gs10_m4.gcc_arm/release/psp/psp.a(io_ioctl.o)
                0x3f00f824                _io_ioctl
 .text._mem_create_pool_internal
                0x3f00f854       0xbc /mnt/hgfs/DBT/M4/MQX/lib/twrvf65gs10_m4.gcc_arm/release/psp/psp.a(mem.o)
                0x3f00f854                _mem_create_pool_internal
 .text._mem_create_pool
                0x3f00f910       0x3a /mnt/hgfs/DBT/M4/MQX/lib/twrvf65gs10_m4.gcc_arm/release/psp/psp.a(mem.o)
                0x3f00f910                _mem_create_pool
 *fill*         0x3f00f94a        0x2 
 .text._mem_extend_pool_internal
                0x3f00f94c       0xc4 /mnt/hgfs/DBT/M4/MQX/lib/twrvf65gs10_m4.gcc_arm/release/psp/psp.a(mem.o)
                0x3f00f94c                _mem_extend_pool_internal
 .text._mem_extend
                0x3f00fa10       0x10 /mnt/hgfs/DBT/M4/MQX/lib/twrvf65gs10_m4.gcc_arm/release/psp/psp.a(mem.o)
                0x3f00fa10                _mem_extend
 .text._mem_check_coalesce_internal
                0x3f00fa20       0xdc /mnt/hgfs/DBT/M4/MQX/lib/twrvf65gs10_m4.gcc_arm/release/psp/psp.a(mem.o)
                0x3f00fa20                _mem_check_coalesce_internal
 .text._mem_free
                0x3f00fafc      0x174 /mnt/hgfs/DBT/M4/MQX/lib/twrvf65gs10_m4.gcc_arm/release/psp/psp.a(mem.o)
                0x3f00fafc                _mem_free
 .text._mem_init_internal
                0x3f00fc70       0x6c /mnt/hgfs/DBT/M4/MQX/lib/twrvf65gs10_m4.gcc_arm/release/psp/psp.a(mem.o)
                0x3f00fc70                _mem_init_internal
 .text._mem_get_next_block_internal
                0x3f00fcdc        0xc /mnt/hgfs/DBT/M4/MQX/lib/twrvf65gs10_m4.gcc_arm/release/psp/psp.a(mem.o)
                0x3f00fcdc                _mem_get_next_block_internal
 .text._mem_set_type
                0x3f00fce8       0x30 /mnt/hgfs/DBT/M4/MQX/lib/twrvf65gs10_m4.gcc_arm/release/psp/psp.a(mem.o)
                0x3f00fce8                _mem_set_type
 .text._mem_transfer_internal
                0x3f00fd18       0x28 /mnt/hgfs/DBT/M4/MQX/lib/twrvf65gs10_m4.gcc_arm/release/psp/psp.a(mem.o)
                0x3f00fd18                _mem_transfer_internal
 .text._mem_alloc_internal
                0x3f00fd40      0x18c /mnt/hgfs/DBT/M4/MQX/lib/twrvf65gs10_m4.gcc_arm/release/psp/psp.a(mem.o)
                0x3f00fd40                _mem_alloc_internal
 .text._mem_alloc
                0x3f00fecc       0x3c /mnt/hgfs/DBT/M4/MQX/lib/twrvf65gs10_m4.gcc_arm/release/psp/psp.a(mem.o)
                0x3f00fecc                _mem_alloc
 .text._mem_alloc_zero
                0x3f00ff08       0x48 /mnt/hgfs/DBT/M4/MQX/lib/twrvf65gs10_m4.gcc_arm/release/psp/psp.a(mem.o)
                0x3f00ff08                _mem_alloc_zero
 .text._mem_alloc_system
                0x3f00ff50       0x3c /mnt/hgfs/DBT/M4/MQX/lib/twrvf65gs10_m4.gcc_arm/release/psp/psp.a(mem.o)
                0x3f00ff50                _mem_alloc_system
 .text._mem_alloc_system_zero
                0x3f00ff8c       0x48 /mnt/hgfs/DBT/M4/MQX/lib/twrvf65gs10_m4.gcc_arm/release/psp/psp.a(mem.o)
                0x3f00ff8c                _mem_alloc_system_zero
 .text._mem_alloc_system_zero_uncached
                0x3f00ffd4       0x48 /mnt/hgfs/DBT/M4/MQX/lib/twrvf65gs10_m4.gcc_arm/release/psp/psp.a(mem.o)
                0x3f00ffd4                _mem_alloc_system_zero_uncached
 .text._mem_alloc_internal_align
                0x3f01001c      0x1ba /mnt/hgfs/DBT/M4/MQX/lib/twrvf65gs10_m4.gcc_arm/release/psp/psp.a(mem.o)
                0x3f01001c                _mem_alloc_internal_align
 *fill*         0x3f0101d6        0x2 
 .text._mem_alloc_system_align
                0x3f0101d8       0x44 /mnt/hgfs/DBT/M4/MQX/lib/twrvf65gs10_m4.gcc_arm/release/psp/psp.a(mem.o)
                0x3f0101d8                _mem_alloc_system_align
 .text._time_add_msec_to_ticks
                0x3f01021c       0x1e /mnt/hgfs/DBT/M4/MQX/lib/twrvf65gs10_m4.gcc_arm/release/psp/psp.a(time.o)
                0x3f01021c                _time_add_msec_to_ticks
 .text._time_add_usec_to_ticks
                0x3f01023a       0x1e /mnt/hgfs/DBT/M4/MQX/lib/twrvf65gs10_m4.gcc_arm/release/psp/psp.a(time.o)
                0x3f01023a                _time_add_usec_to_ticks
 .text._time_delay_internal
                0x3f010258       0x7c /mnt/hgfs/DBT/M4/MQX/lib/twrvf65gs10_m4.gcc_arm/release/psp/psp.a(time.o)
                0x3f010258                _time_delay_internal
 .text._time_delay
                0x3f0102d4       0x50 /mnt/hgfs/DBT/M4/MQX/lib/twrvf65gs10_m4.gcc_arm/release/psp/psp.a(time.o)
                0x3f0102d4                _time_delay
 .text._time_delay_for
                0x3f010324       0x3c /mnt/hgfs/DBT/M4/MQX/lib/twrvf65gs10_m4.gcc_arm/release/psp/psp.a(time.o)
                0x3f010324                _time_delay_for
 .text._time_delay_until
                0x3f010360       0x34 /mnt/hgfs/DBT/M4/MQX/lib/twrvf65gs10_m4.gcc_arm/release/psp/psp.a(time.o)
                0x3f010360                _time_delay_until
 .text._time_diff_ticks
                0x3f010394       0x14 /mnt/hgfs/DBT/M4/MQX/lib/twrvf65gs10_m4.gcc_arm/release/psp/psp.a(time.o)
                0x3f010394                _time_diff_ticks
 .text._time_diff_milliseconds
                0x3f0103a8       0x16 /mnt/hgfs/DBT/M4/MQX/lib/twrvf65gs10_m4.gcc_arm/release/psp/psp.a(time.o)
                0x3f0103a8                _time_diff_milliseconds
 *fill*         0x3f0103be        0x2 
 .text._time_get_ticks
                0x3f0103c0       0x48 /mnt/hgfs/DBT/M4/MQX/lib/twrvf65gs10_m4.gcc_arm/release/psp/psp.a(time.o)
                0x3f0103c0                _time_get_ticks
 .text._time_init_ticks
                0x3f010408       0x38 /mnt/hgfs/DBT/M4/MQX/lib/twrvf65gs10_m4.gcc_arm/release/psp/psp.a(time.o)
                0x3f010408                _time_init_ticks
 .text._time_notify_kernel
                0x3f010440       0xbc /mnt/hgfs/DBT/M4/MQX/lib/twrvf65gs10_m4.gcc_arm/release/psp/psp.a(time.o)
                0x3f010440                _time_notify_kernel
 .text._time_set_ticks_per_sec
                0x3f0104fc       0x10 /mnt/hgfs/DBT/M4/MQX/lib/twrvf65gs10_m4.gcc_arm/release/psp/psp.a(time.o)
                0x3f0104fc                _time_set_ticks_per_sec
 .text._time_set_hwtick_function
                0x3f01050c       0x14 /mnt/hgfs/DBT/M4/MQX/lib/twrvf65gs10_m4.gcc_arm/release/psp/psp.a(time.o)
                0x3f01050c                _time_set_hwtick_function
 .text._time_set_hwticks_per_tick
                0x3f010520       0x10 /mnt/hgfs/DBT/M4/MQX/lib/twrvf65gs10_m4.gcc_arm/release/psp/psp.a(time.o)
                0x3f010520                _time_set_hwticks_per_tick
 .text._psp_normalize_ticks
                0x3f010530       0x30 /mnt/hgfs/DBT/M4/MQX/lib/twrvf65gs10_m4.gcc_arm/release/psp/psp.a(psp_tinm.o)
                0x3f010530                _psp_normalize_ticks
 .text._io_read
                0x3f010560       0x56 /mnt/hgfs/DBT/M4/MQX/lib/twrvf65gs10_m4.gcc_arm/release/psp/psp.a(io_read.o)
                0x3f010560                _io_read
 .text._psp_add_element_to_array
                0x3f0105b6       0x30 /mnt/hgfs/DBT/M4/MQX/lib/twrvf65gs10_m4.gcc_arm/release/psp/psp.a(psp_mat3.o)
                0x3f0105b6                _psp_add_element_to_array
 *fill*         0x3f0105e6        0x2 
 .text._io_fopen
                0x3f0105e8       0x94 /mnt/hgfs/DBT/M4/MQX/lib/twrvf65gs10_m4.gcc_arm/release/psp/psp.a(io_fopen.o)
                0x3f0105e8                _io_fopen
 .text._int_disable
                0x3f01067c       0x1c /mnt/hgfs/DBT/M4/MQX/lib/twrvf65gs10_m4.gcc_arm/release/psp/psp.a(int.o)
                0x3f01067c                _int_disable
 .text._int_enable
                0x3f010698       0x2c /mnt/hgfs/DBT/M4/MQX/lib/twrvf65gs10_m4.gcc_arm/release/psp/psp.a(int.o)
                0x3f010698                _int_enable
 .text._int_default_isr
                0x3f0106c4       0x38 /mnt/hgfs/DBT/M4/MQX/lib/twrvf65gs10_m4.gcc_arm/release/psp/psp.a(int.o)
                0x3f0106c4                _int_default_isr
 .text._int_get_default_isr
                0x3f0106fc        0xc /mnt/hgfs/DBT/M4/MQX/lib/twrvf65gs10_m4.gcc_arm/release/psp/psp.a(int.o)
                0x3f0106fc                _int_get_default_isr
 .text._int_get_exception_handler
                0x3f010708        0x4 /mnt/hgfs/DBT/M4/MQX/lib/twrvf65gs10_m4.gcc_arm/release/psp/psp.a(int.o)
                0x3f010708                _int_get_exception_handler
 .text._int_get_isr_data
                0x3f01070c       0x50 /mnt/hgfs/DBT/M4/MQX/lib/twrvf65gs10_m4.gcc_arm/release/psp/psp.a(int.o)
                0x3f01070c                _int_get_isr_data
 .text._int_install_isr
                0x3f01075c       0x9c /mnt/hgfs/DBT/M4/MQX/lib/twrvf65gs10_m4.gcc_arm/release/psp/psp.a(int.o)
                0x3f01075c                _int_install_isr
 .text._int_init
                0x3f0107f8       0x78 /mnt/hgfs/DBT/M4/MQX/lib/twrvf65gs10_m4.gcc_arm/release/psp/psp.a(int.o)
                0x3f0107f8                _int_init
 .text._psp_subtract_ticks
                0x3f010870       0x3c /mnt/hgfs/DBT/M4/MQX/lib/twrvf65gs10_m4.gcc_arm/release/psp/psp.a(psp_tisu.o)
                0x3f010870                _psp_subtract_ticks
 .text._psp_mul_128_by_32
                0x3f0108ac       0x98 /mnt/hgfs/DBT/M4/MQX/lib/twrvf65gs10_m4.gcc_arm/release/psp/psp.a(psp_mat1.o)
                0x3f0108ac                _psp_mul_128_by_32
 .text._io_fputc
                0x3f010944       0x2c /mnt/hgfs/DBT/M4/MQX/lib/twrvf65gs10_m4.gcc_arm/release/psp/psp.a(io_fputc.o)
                0x3f010944                _io_fputc
 .text._psp_build_float_context
                0x3f010970       0x32 /mnt/hgfs/DBT/M4/MQX/lib/twrvf65gs10_m4.gcc_arm/release/psp/psp.a(stack_bu.o)
                0x3f010970                _psp_build_float_context
 *fill*         0x3f0109a2        0x2 
 .text._psp_build_stack_frame
                0x3f0109a4       0x7c /mnt/hgfs/DBT/M4/MQX/lib/twrvf65gs10_m4.gcc_arm/release/psp/psp.a(stack_bu.o)
                0x3f0109a4                _psp_build_stack_frame
 .text._io_write
                0x3f010a20       0x1a /mnt/hgfs/DBT/M4/MQX/lib/twrvf65gs10_m4.gcc_arm/release/psp/psp.a(io_write.o)
                0x3f010a20                _io_write
 .text._init    0x3f010a3a        0x2 /mnt/hgfs/DBT/M4/MQX/lib/twrvf65gs10_m4.gcc_arm/release/psp/psp.a(comp.o)
                0x3f010a3a                _init
 .text._fini    0x3f010a3c        0x2 /mnt/hgfs/DBT/M4/MQX/lib/twrvf65gs10_m4.gcc_arm/release/psp/psp.a(comp.o)
                0x3f010a3c                _fini
 .text.malloc   0x3f010a3e        0x4 /mnt/hgfs/DBT/M4/MQX/lib/twrvf65gs10_m4.gcc_arm/release/psp/psp.a(comp.o)
                0x3f010a3e                malloc
 .text.free     0x3f010a42        0x4 /mnt/hgfs/DBT/M4/MQX/lib/twrvf65gs10_m4.gcc_arm/release/psp/psp.a(comp.o)
                0x3f010a42                free
 *fill*         0x3f010a46        0x2 
 .text.data_startup
                0x3f010a48       0x58 /mnt/hgfs/DBT/M4/MQX/lib/twrvf65gs10_m4.gcc_arm/release/psp/psp.a(comp.o)
                0x3f010a48                data_startup
 .text.toolchain_startup
                0x3f010aa0       0x20 /mnt/hgfs/DBT/M4/MQX/lib/twrvf65gs10_m4.gcc_arm/release/psp/psp.a(comp.o)
                0x3f010aa0                toolchain_startup
 .text._exit    0x3f010ac0        0x4 /mnt/hgfs/DBT/M4/MQX/lib/twrvf65gs10_m4.gcc_arm/release/psp/psp.a(comp.o)
                0x3f010ac0                _exit
 .text._psp_usecs_to_ticks
                0x3f010ac4       0x5c /mnt/hgfs/DBT/M4/MQX/lib/twrvf65gs10_m4.gcc_arm/release/psp/psp.a(psp_usti.o)
                0x3f010ac4                _psp_usecs_to_ticks
 .text._mutatr_init
                0x3f010b20       0x20 /mnt/hgfs/DBT/M4/MQX/lib/twrvf65gs10_m4.gcc_arm/release/psp/psp.a(mutex.o)
                0x3f010b20                _mutatr_init
 .text._mutex_create_component
                0x3f010b40       0x60 /mnt/hgfs/DBT/M4/MQX/lib/twrvf65gs10_m4.gcc_arm/release/psp/psp.a(mutex.o)
                0x3f010b40                _mutex_create_component
 .text._mutex_init
                0x3f010ba0       0xa0 /mnt/hgfs/DBT/M4/MQX/lib/twrvf65gs10_m4.gcc_arm/release/psp/psp.a(mutex.o)
                0x3f010ba0                _mutex_init
 .text._mutex_lock
                0x3f010c40      0x114 /mnt/hgfs/DBT/M4/MQX/lib/twrvf65gs10_m4.gcc_arm/release/psp/psp.a(mutex.o)
                0x3f010c40                _mutex_lock
 .text._mutex_unlock
                0x3f010d54       0x9c /mnt/hgfs/DBT/M4/MQX/lib/twrvf65gs10_m4.gcc_arm/release/psp/psp.a(mutex.o)
                0x3f010d54                _mutex_unlock
 .text._mutex_cleanup
                0x3f010df0       0x4c /mnt/hgfs/DBT/M4/MQX/lib/twrvf65gs10_m4.gcc_arm/release/psp/psp.a(mutex.o)
                0x3f010df0                _mutex_cleanup
 .text._io_fseek
                0x3f010e3c       0x66 /mnt/hgfs/DBT/M4/MQX/lib/twrvf65gs10_m4.gcc_arm/release/psp/psp.a(io_fseek.o)
                0x3f010e3c                _io_fseek
 .text._bsp_post_init
                0x3f010ea2        0x4 /mnt/hgfs/DBT/M4/MQX/lib/twrvf65gs10_m4.gcc_arm/release/psp/psp.a(inittask.o)
                0x3f010ea2                _bsp_post_init
 *fill*         0x3f010ea6        0x2 
 .text._mqx_init_task
                0x3f010ea8       0x60 /mnt/hgfs/DBT/M4/MQX/lib/twrvf65gs10_m4.gcc_arm/release/psp/psp.a(inittask.o)
                0x3f010ea8                _mqx_init_task
 .text.__psp_ticks_to_milliseconds
                0x3f010f08       0xa0 /mnt/hgfs/DBT/M4/MQX/lib/twrvf65gs10_m4.gcc_arm/release/psp/psp.a(psp_tims.o)
 .text._psp_ticks_to_milliseconds
                0x3f010fa8        0x6 /mnt/hgfs/DBT/M4/MQX/lib/twrvf65gs10_m4.gcc_arm/release/psp/psp.a(psp_tims.o)
                0x3f010fa8                _psp_ticks_to_milliseconds
 *fill*         0x3f010fae        0x2 
 .text._mqx_idle_task
                0x3f010fb0       0x4c /mnt/hgfs/DBT/M4/MQX/lib/twrvf65gs10_m4.gcc_arm/release/psp/psp.a(idletask.o)
                0x3f010fb0                _mqx_idle_task
 .text._io_inf_or_nan
                0x3f010ffc       0x5c /mnt/hgfs/DBT/M4/MQX/lib/twrvf65gs10_m4.gcc_arm/release/psp/psp.a(io_fp.o)
 .text._io_cvt  0x3f011058      0x260 /mnt/hgfs/DBT/M4/MQX/lib/twrvf65gs10_m4.gcc_arm/release/psp/psp.a(io_fp.o)
                0x3f011058                _io_cvt
 .text._io_dtoa
                0x3f0112b8       0x32 /mnt/hgfs/DBT/M4/MQX/lib/twrvf65gs10_m4.gcc_arm/release/psp/psp.a(io_fp.o)
                0x3f0112b8                _io_dtoa
 .text._io_dtoe
                0x3f0112ea       0xbc /mnt/hgfs/DBT/M4/MQX/lib/twrvf65gs10_m4.gcc_arm/release/psp/psp.a(io_fp.o)
                0x3f0112ea                _io_dtoe
 .text._io_dtof
                0x3f0113a6      0x102 /mnt/hgfs/DBT/M4/MQX/lib/twrvf65gs10_m4.gcc_arm/release/psp/psp.a(io_fp.o)
                0x3f0113a6                _io_dtof
 .text._io_dtog
                0x3f0114a8      0x216 /mnt/hgfs/DBT/M4/MQX/lib/twrvf65gs10_m4.gcc_arm/release/psp/psp.a(io_fp.o)
                0x3f0114a8                _io_dtog
 *fill*         0x3f0116be        0x2 
 .text._psp_msecs_to_ticks_quick
                0x3f0116c0       0x68 /mnt/hgfs/DBT/M4/MQX/lib/twrvf65gs10_m4.gcc_arm/release/psp/psp.a(psp_mstiq.o)
                0x3f0116c0                _psp_msecs_to_ticks_quick
 .text._psp_div_128_by_32
                0x3f011728       0xc4 /mnt/hgfs/DBT/M4/MQX/lib/twrvf65gs10_m4.gcc_arm/release/psp/psp.a(psp_mat2.o)
                0x3f011728                _psp_div_128_by_32
 .text._psp_msecs_to_ticks
                0x3f0117ec       0x58 /mnt/hgfs/DBT/M4/MQX/lib/twrvf65gs10_m4.gcc_arm/release/psp/psp.a(psp_msti.o)
                0x3f0117ec                _psp_msecs_to_ticks
 .text._psp_add_ticks
                0x3f011844       0x3c /mnt/hgfs/DBT/M4/MQX/lib/twrvf65gs10_m4.gcc_arm/release/psp/psp.a(psp_tiad.o)
                0x3f011844                _psp_add_ticks
 .text.startup.main
                0x3f011880       0x10 /mnt/hgfs/DBT/M4/MQX/lib/twrvf65gs10_m4.gcc_arm/release/bsp/bsp.a(mqx_main.o)
                0x3f011880                main
 .text.init_hardware
                0x3f011890      0x3ac /mnt/hgfs/DBT/M4/MQX/lib/twrvf65gs10_m4.gcc_arm/release/bsp/bsp.a(init_hw.o)
                0x3f011890                init_hardware
 .text._bsp_systimer_callback
                0x3f011c3c        0x4 /mnt/hgfs/DBT/M4/MQX/lib/twrvf65gs10_m4.gcc_arm/release/bsp/bsp.a(init_bsp.o)
                0x3f011c3c                _bsp_systimer_callback
 .text._bsp_get_hwticks
                0x3f011c40       0x18 /mnt/hgfs/DBT/M4/MQX/lib/twrvf65gs10_m4.gcc_arm/release/bsp/bsp.a(init_bsp.o)
                0x3f011c40                _bsp_get_hwticks
 .text._bsp_pre_init
                0x3f011c58       0xa0 /mnt/hgfs/DBT/M4/MQX/lib/twrvf65gs10_m4.gcc_arm/release/bsp/bsp.a(init_bsp.o)
                0x3f011c58                _bsp_pre_init
 .text._bsp_init
                0x3f011cf8       0xd8 /mnt/hgfs/DBT/M4/MQX/lib/twrvf65gs10_m4.gcc_arm/release/bsp/bsp.a(init_bsp.o)
                0x3f011cf8                _bsp_init
 .text.hwtimer_systick_set_div
                0x3f011dd0       0x1c /mnt/hgfs/DBT/M4/MQX/lib/twrvf65gs10_m4.gcc_arm/release/bsp/bsp.a(hwtimer_systick.o)
 .text.hwtimer_systick_start
                0x3f011dec        0xc /mnt/hgfs/DBT/M4/MQX/lib/twrvf65gs10_m4.gcc_arm/release/bsp/bsp.a(hwtimer_systick.o)
 .text.hwtimer_systick_stop
                0x3f011df8        0xa /mnt/hgfs/DBT/M4/MQX/lib/twrvf65gs10_m4.gcc_arm/release/bsp/bsp.a(hwtimer_systick.o)
 .text.hwtimer_systick_get_time
                0x3f011e02       0x3e /mnt/hgfs/DBT/M4/MQX/lib/twrvf65gs10_m4.gcc_arm/release/bsp/bsp.a(hwtimer_systick.o)
 .text.hwtimer_systick_deinit
                0x3f011e40       0x1e /mnt/hgfs/DBT/M4/MQX/lib/twrvf65gs10_m4.gcc_arm/release/bsp/bsp.a(hwtimer_systick.o)
 .text.hwtimer_systick_isr
                0x3f011e5e       0x2c /mnt/hgfs/DBT/M4/MQX/lib/twrvf65gs10_m4.gcc_arm/release/bsp/bsp.a(hwtimer_systick.o)
 *fill*         0x3f011e8a        0x2 
 .text.hwtimer_systick_init
                0x3f011e8c       0x58 /mnt/hgfs/DBT/M4/MQX/lib/twrvf65gs10_m4.gcc_arm/release/bsp/bsp.a(hwtimer_systick.o)
 .text._bsp_get_clock_configuration
                0x3f011ee4        0xc /mnt/hgfs/DBT/M4/MQX/lib/twrvf65gs10_m4.gcc_arm/release/bsp/bsp.a(bsp_cm.o)
                0x3f011ee4                _bsp_get_clock_configuration
 .text._bsp_clock_manager_init
                0x3f011ef0        0xc /mnt/hgfs/DBT/M4/MQX/lib/twrvf65gs10_m4.gcc_arm/release/bsp/bsp.a(bsp_cm.o)
                0x3f011ef0                _bsp_clock_manager_init
 .text._bsp_get_clock
                0x3f011efc      0x138 /mnt/hgfs/DBT/M4/MQX/lib/twrvf65gs10_m4.gcc_arm/release/bsp/bsp.a(bsp_cm.o)
                0x3f011efc                _bsp_get_clock
 .text._bsp_set_clock
                0x3f012034      0x134 /mnt/hgfs/DBT/M4/MQX/lib/twrvf65gs10_m4.gcc_arm/release/bsp/bsp.a(bsp_cm.o)
                0x3f012034                _bsp_set_clock
 .text._io_spi_uninstall
                0x3f012168       0x24 /mnt/hgfs/DBT/M4/MQX/lib/twrvf65gs10_m4.gcc_arm/release/bsp/bsp.a(spi.o)
 .text._io_spi_flush
                0x3f01218c       0x46 /mnt/hgfs/DBT/M4/MQX/lib/twrvf65gs10_m4.gcc_arm/release/bsp/bsp.a(spi.o)
 .text._io_spi_close
                0x3f0121d2       0x14 /mnt/hgfs/DBT/M4/MQX/lib/twrvf65gs10_m4.gcc_arm/release/bsp/bsp.a(spi.o)
 .text._io_spi_read_write
                0x3f0121e6       0x76 /mnt/hgfs/DBT/M4/MQX/lib/twrvf65gs10_m4.gcc_arm/release/bsp/bsp.a(spi.o)
 .text._io_spi_ioctl
                0x3f01225c      0x300 /mnt/hgfs/DBT/M4/MQX/lib/twrvf65gs10_m4.gcc_arm/release/bsp/bsp.a(spi.o)
 .text._io_spi_write
                0x3f01255c        0x8 /mnt/hgfs/DBT/M4/MQX/lib/twrvf65gs10_m4.gcc_arm/release/bsp/bsp.a(spi.o)
 .text._io_spi_read
                0x3f012564       0x12 /mnt/hgfs/DBT/M4/MQX/lib/twrvf65gs10_m4.gcc_arm/release/bsp/bsp.a(spi.o)
 .text._io_spi_open
                0x3f012576       0x72 /mnt/hgfs/DBT/M4/MQX/lib/twrvf65gs10_m4.gcc_arm/release/bsp/bsp.a(spi.o)
 .text._io_spi_install
                0x3f0125e8       0xc4 /mnt/hgfs/DBT/M4/MQX/lib/twrvf65gs10_m4.gcc_arm/release/bsp/bsp.a(spi.o)
                0x3f0125e8                _io_spi_install
 .text._sema4_isr
                0x3f0126ac       0x64 /mnt/hgfs/DBT/M4/MQX/lib/twrvf65gs10_m4.gcc_arm/release/bsp/bsp.a(core_mutex_sema4.o)
 .text._core_mutex_install
                0x3f012710       0xac /mnt/hgfs/DBT/M4/MQX/lib/twrvf65gs10_m4.gcc_arm/release/bsp/bsp.a(core_mutex_sema4.o)
                0x3f012710                _core_mutex_install
 .text._core_mutex_create_internal
                0x3f0127bc       0xd0 /mnt/hgfs/DBT/M4/MQX/lib/twrvf65gs10_m4.gcc_arm/release/bsp/bsp.a(core_mutex_sema4.o)
                0x3f0127bc                _core_mutex_create_internal
 .text._core_mutex_create
                0x3f01288c       0x3a /mnt/hgfs/DBT/M4/MQX/lib/twrvf65gs10_m4.gcc_arm/release/bsp/bsp.a(core_mutex_sema4.o)
                0x3f01288c                _core_mutex_create
 *fill*         0x3f0128c6        0x2 
 .text._core_mutex_lock
                0x3f0128c8       0x4c /mnt/hgfs/DBT/M4/MQX/lib/twrvf65gs10_m4.gcc_arm/release/bsp/bsp.a(core_mutex_sema4.o)
                0x3f0128c8                _core_mutex_lock
 .text._core_mutex_trylock
                0x3f012914       0x5c /mnt/hgfs/DBT/M4/MQX/lib/twrvf65gs10_m4.gcc_arm/release/bsp/bsp.a(core_mutex_sema4.o)
                0x3f012914                _core_mutex_trylock
 .text._core_mutex_unlock
                0x3f012970       0x58 /mnt/hgfs/DBT/M4/MQX/lib/twrvf65gs10_m4.gcc_arm/release/bsp/bsp.a(core_mutex_sema4.o)
                0x3f012970                _core_mutex_unlock
 .text.lwgpio_set_direction
                0x3f0129c8       0x2e /mnt/hgfs/DBT/M4/MQX/lib/twrvf65gs10_m4.gcc_arm/release/bsp/bsp.a(lwgpio_vgpio.o)
                0x3f0129c8                lwgpio_set_direction
 .text.lwgpio_set_value
                0x3f0129f6       0x16 /mnt/hgfs/DBT/M4/MQX/lib/twrvf65gs10_m4.gcc_arm/release/bsp/bsp.a(lwgpio_vgpio.o)
                0x3f0129f6                lwgpio_set_value
 .text.lwgpio_init
                0x3f012a0c       0x64 /mnt/hgfs/DBT/M4/MQX/lib/twrvf65gs10_m4.gcc_arm/release/bsp/bsp.a(lwgpio_vgpio.o)
                0x3f012a0c                lwgpio_init
 .text._bsp_serial_io_init
                0x3f012a70       0x78 /mnt/hgfs/DBT/M4/MQX/lib/twrvf65gs10_m4.gcc_arm/release/bsp/bsp.a(init_gpio.o)
                0x3f012a70                _bsp_serial_io_init
 .text._bsp_dspi_io_init
                0x3f012ae8       0x40 /mnt/hgfs/DBT/M4/MQX/lib/twrvf65gs10_m4.gcc_arm/release/bsp/bsp.a(init_gpio.o)
                0x3f012ae8                _bsp_dspi_io_init
 .text._bsp_esdhc_io_init
                0x3f012b28       0x48 /mnt/hgfs/DBT/M4/MQX/lib/twrvf65gs10_m4.gcc_arm/release/bsp/bsp.a(init_gpio.o)
                0x3f012b28                _bsp_esdhc_io_init
 .text._bsp_flexcan_io_init
                0x3f012b70       0x60 /mnt/hgfs/DBT/M4/MQX/lib/twrvf65gs10_m4.gcc_arm/release/bsp/bsp.a(init_gpio.o)
                0x3f012b70                _bsp_flexcan_io_init
 .text._bsp_i2c_io_init
                0x3f012bd0       0x6c /mnt/hgfs/DBT/M4/MQX/lib/twrvf65gs10_m4.gcc_arm/release/bsp/bsp.a(init_gpio.o)
                0x3f012bd0                _bsp_i2c_io_init
 .text._bsp_sai_io_init
                0x3f012c3c       0x68 /mnt/hgfs/DBT/M4/MQX/lib/twrvf65gs10_m4.gcc_arm/release/bsp/bsp.a(init_gpio.o)
                0x3f012c3c                _bsp_sai_io_init
 .text._bsp_gpio_io_init
                0x3f012ca4        0x4 /mnt/hgfs/DBT/M4/MQX/lib/twrvf65gs10_m4.gcc_arm/release/bsp/bsp.a(init_gpio.o)
                0x3f012ca4                _bsp_gpio_io_init
 .text._bsp_serial_rts_init
                0x3f012ca8        0x4 /mnt/hgfs/DBT/M4/MQX/lib/twrvf65gs10_m4.gcc_arm/release/bsp/bsp.a(init_gpio.o)
                0x3f012ca8                _bsp_serial_rts_init
 .text.dma_tcd_mem2reg
                0x3f012cac       0x94 /mnt/hgfs/DBT/M4/MQX/lib/twrvf65gs10_m4.gcc_arm/release/bsp/bsp.a(dma.o)
                0x3f012cac                dma_tcd_mem2reg
 .text.dma_tcd_reg2mem
                0x3f012d40       0x90 /mnt/hgfs/DBT/M4/MQX/lib/twrvf65gs10_m4.gcc_arm/release/bsp/bsp.a(dma.o)
                0x3f012d40                dma_tcd_reg2mem
 .text.dma_deinit
                0x3f012dd0       0x44 /mnt/hgfs/DBT/M4/MQX/lib/twrvf65gs10_m4.gcc_arm/release/bsp/bsp.a(dma.o)
                0x3f012dd0                dma_deinit
 .text.dma_init
                0x3f012e14       0x44 /mnt/hgfs/DBT/M4/MQX/lib/twrvf65gs10_m4.gcc_arm/release/bsp/bsp.a(dma.o)
                0x3f012e14                dma_init
 .text.dma_channel_claim
                0x3f012e58       0x50 /mnt/hgfs/DBT/M4/MQX/lib/twrvf65gs10_m4.gcc_arm/release/bsp/bsp.a(dma.o)
                0x3f012e58                dma_channel_claim
 .text.dma_channel_release
                0x3f012ea8       0x18 /mnt/hgfs/DBT/M4/MQX/lib/twrvf65gs10_m4.gcc_arm/release/bsp/bsp.a(dma.o)
                0x3f012ea8                dma_channel_release
 .text.dma_channel_setup
                0x3f012ec0       0x18 /mnt/hgfs/DBT/M4/MQX/lib/twrvf65gs10_m4.gcc_arm/release/bsp/bsp.a(dma.o)
                0x3f012ec0                dma_channel_setup
 .text.dma_channel_status
                0x3f012ed8       0x18 /mnt/hgfs/DBT/M4/MQX/lib/twrvf65gs10_m4.gcc_arm/release/bsp/bsp.a(dma.o)
                0x3f012ed8                dma_channel_status
 .text.dma_transfer_submit
                0x3f012ef0       0x18 /mnt/hgfs/DBT/M4/MQX/lib/twrvf65gs10_m4.gcc_arm/release/bsp/bsp.a(dma.o)
                0x3f012ef0                dma_transfer_submit
 .text.dma_request_source
                0x3f012f08       0x18 /mnt/hgfs/DBT/M4/MQX/lib/twrvf65gs10_m4.gcc_arm/release/bsp/bsp.a(dma.o)
                0x3f012f08                dma_request_source
 .text.dma_request_enable
                0x3f012f20       0x18 /mnt/hgfs/DBT/M4/MQX/lib/twrvf65gs10_m4.gcc_arm/release/bsp/bsp.a(dma.o)
                0x3f012f20                dma_request_enable
 .text.dma_request_disable
                0x3f012f38       0x18 /mnt/hgfs/DBT/M4/MQX/lib/twrvf65gs10_m4.gcc_arm/release/bsp/bsp.a(dma.o)
                0x3f012f38                dma_request_disable
 .text.dma_callback_reg
                0x3f012f50       0x12 /mnt/hgfs/DBT/M4/MQX/lib/twrvf65gs10_m4.gcc_arm/release/bsp/bsp.a(dma.o)
                0x3f012f50                dma_callback_reg
 .text.systick_get_vector
                0x3f012f62        0x4 /mnt/hgfs/DBT/M4/MQX/lib/twrvf65gs10_m4.gcc_arm/release/bsp/bsp.a(hwtimer_vybrid_m4.o)
                0x3f012f62                systick_get_vector
 .text._ksai_tx_fifoerr_irq_handler
                0x3f012f66       0x1a /mnt/hgfs/DBT/M4/MQX/lib/twrvf65gs10_m4.gcc_arm/release/bsp/bsp.a(sai_dma_ksai.o)
                0x3f012f66                _ksai_tx_fifoerr_irq_handler
 .text._ksai_rx_fifoerr_irq_handler
                0x3f012f80       0x22 /mnt/hgfs/DBT/M4/MQX/lib/twrvf65gs10_m4.gcc_arm/release/bsp/bsp.a(sai_dma_ksai.o)
                0x3f012f80                _ksai_rx_fifoerr_irq_handler
 *fill*         0x3f012fa2        0x2 
 .text._vi2s_get_mclk_value
                0x3f012fa4       0x5c /mnt/hgfs/DBT/M4/MQX/lib/twrvf65gs10_m4.gcc_arm/release/bsp/bsp.a(sai_dma_ksai.o)
 .text._ksai_tx_dma_irq_handler
                0x3f013000       0x92 /mnt/hgfs/DBT/M4/MQX/lib/twrvf65gs10_m4.gcc_arm/release/bsp/bsp.a(sai_dma_ksai.o)
                0x3f013000                _ksai_tx_dma_irq_handler
 .text._ksai_rx_dma_irq_handler
                0x3f013092       0xa0 /mnt/hgfs/DBT/M4/MQX/lib/twrvf65gs10_m4.gcc_arm/release/bsp/bsp.a(sai_dma_ksai.o)
                0x3f013092                _ksai_rx_dma_irq_handler
 *fill*         0x3f013132        0x2 
 .text._vi2s_set_clk_src_int
                0x3f013134       0x5c /mnt/hgfs/DBT/M4/MQX/lib/twrvf65gs10_m4.gcc_arm/release/bsp/bsp.a(sai_dma_ksai.o)
 .text._vi2s_set_sai_div
                0x3f013190       0x58 /mnt/hgfs/DBT/M4/MQX/lib/twrvf65gs10_m4.gcc_arm/release/bsp/bsp.a(sai_dma_ksai.o)
 .text._vi2s_set_clk_src_ext
                0x3f0131e8       0x40 /mnt/hgfs/DBT/M4/MQX/lib/twrvf65gs10_m4.gcc_arm/release/bsp/bsp.a(sai_dma_ksai.o)
 .text.unlikely._bsp_int_init.isra.2.constprop.5
                0x3f013228       0x22 /mnt/hgfs/DBT/M4/MQX/lib/twrvf65gs10_m4.gcc_arm/release/bsp/bsp.a(sai_dma_ksai.o)
 *fill*         0x3f01324a        0x2 
 .text._ksai_dma_deinit
                0x3f01324c       0xdc /mnt/hgfs/DBT/M4/MQX/lib/twrvf65gs10_m4.gcc_arm/release/bsp/bsp.a(sai_dma_ksai.o)
                0x3f01324c                _ksai_dma_deinit
 .text._ki2s_set_master_mode
                0x3f013328      0x164 /mnt/hgfs/DBT/M4/MQX/lib/twrvf65gs10_m4.gcc_arm/release/bsp/bsp.a(sai_dma_ksai.o)
                0x3f013328                _ki2s_set_master_mode
 .text._ki2s_set_slave_mode
                0x3f01348c      0x138 /mnt/hgfs/DBT/M4/MQX/lib/twrvf65gs10_m4.gcc_arm/release/bsp/bsp.a(sai_dma_ksai.o)
                0x3f01348c                _ki2s_set_slave_mode
 .text._ki2s_set_bclk_mode
                0x3f0135c4       0xb8 /mnt/hgfs/DBT/M4/MQX/lib/twrvf65gs10_m4.gcc_arm/release/bsp/bsp.a(sai_dma_ksai.o)
                0x3f0135c4                _ki2s_set_bclk_mode
 .text._ksai_dma_ioctl
                0x3f01367c      0xbf0 /mnt/hgfs/DBT/M4/MQX/lib/twrvf65gs10_m4.gcc_arm/release/bsp/bsp.a(sai_dma_ksai.o)
                0x3f01367c                _ksai_dma_ioctl
 .text._ksai_hw_init
                0x3f01426c      0x1c4 /mnt/hgfs/DBT/M4/MQX/lib/twrvf65gs10_m4.gcc_arm/release/bsp/bsp.a(sai_dma_ksai.o)
                0x3f01426c                _ksai_hw_init
 .text._ksai_dma_init
                0x3f014430      0x2f4 /mnt/hgfs/DBT/M4/MQX/lib/twrvf65gs10_m4.gcc_arm/release/bsp/bsp.a(sai_dma_ksai.o)
                0x3f014430                _ksai_dma_init
 .text.flexcan_irq_handler
                0x3f014724       0x90 /mnt/hgfs/DBT/M4/MQX/lib/twrvf65gs10_m4.gcc_arm/release/bsp/bsp.a(fsl_flexcan_driver.o)
                0x3f014724                flexcan_irq_handler
 .text.flexcan_set_bitrate
                0x3f0147b4       0x70 /mnt/hgfs/DBT/M4/MQX/lib/twrvf65gs10_m4.gcc_arm/release/bsp/bsp.a(fsl_flexcan_driver.o)
                0x3f0147b4                flexcan_set_bitrate
 .text.flexcan_get_bitrate
                0x3f014824       0x48 /mnt/hgfs/DBT/M4/MQX/lib/twrvf65gs10_m4.gcc_arm/release/bsp/bsp.a(fsl_flexcan_driver.o)
                0x3f014824                flexcan_get_bitrate
 .text.flexcan_set_mask_type
                0x3f01486c        0x4 /mnt/hgfs/DBT/M4/MQX/lib/twrvf65gs10_m4.gcc_arm/release/bsp/bsp.a(fsl_flexcan_driver.o)
                0x3f01486c                flexcan_set_mask_type
 .text.flexcan_set_rx_mb_global_mask
                0x3f014870       0x1c /mnt/hgfs/DBT/M4/MQX/lib/twrvf65gs10_m4.gcc_arm/release/bsp/bsp.a(fsl_flexcan_driver.o)
                0x3f014870                flexcan_set_rx_mb_global_mask
 .text.flexcan_init
                0x3f01488c       0x80 /mnt/hgfs/DBT/M4/MQX/lib/twrvf65gs10_m4.gcc_arm/release/bsp/bsp.a(fsl_flexcan_driver.o)
                0x3f01488c                flexcan_init
 .text.flexcan_tx_mb_config
                0x3f01490c       0x3c /mnt/hgfs/DBT/M4/MQX/lib/twrvf65gs10_m4.gcc_arm/release/bsp/bsp.a(fsl_flexcan_driver.o)
                0x3f01490c                flexcan_tx_mb_config
 .text.flexcan_send
                0x3f014948       0x8c /mnt/hgfs/DBT/M4/MQX/lib/twrvf65gs10_m4.gcc_arm/release/bsp/bsp.a(fsl_flexcan_driver.o)
                0x3f014948                flexcan_send
 .text.flexcan_wait_receive
                0x3f0149d4       0x58 /mnt/hgfs/DBT/M4/MQX/lib/twrvf65gs10_m4.gcc_arm/release/bsp/bsp.a(fsl_flexcan_driver.o)
                0x3f0149d4                flexcan_wait_receive
 .text.flexcan_rx_mb_config
                0x3f014a2c       0x88 /mnt/hgfs/DBT/M4/MQX/lib/twrvf65gs10_m4.gcc_arm/release/bsp/bsp.a(fsl_flexcan_driver.o)
                0x3f014a2c                flexcan_rx_mb_config
 .text.flexcan_start_wait_errors
                0x3f014ab4       0x38 /mnt/hgfs/DBT/M4/MQX/lib/twrvf65gs10_m4.gcc_arm/release/bsp/bsp.a(fsl_flexcan_driver.o)
                0x3f014ab4                flexcan_start_wait_errors
 .text._io_serial_default_init
                0x3f014aec       0x28 /mnt/hgfs/DBT/M4/MQX/lib/twrvf65gs10_m4.gcc_arm/release/bsp/bsp.a(io_sinit.o)
                0x3f014aec                _io_serial_default_init
 .text._kuart_int_putc
                0x3f014b14       0x1c /mnt/hgfs/DBT/M4/MQX/lib/twrvf65gs10_m4.gcc_arm/release/bsp/bsp.a(serl_int_kuart.o)
                0x3f014b14                _kuart_int_putc
 .text._kuart_int_deinit
                0x3f014b30       0x18 /mnt/hgfs/DBT/M4/MQX/lib/twrvf65gs10_m4.gcc_arm/release/bsp/bsp.a(serl_int_kuart.o)
                0x3f014b30                _kuart_int_deinit
 .text._kuart_int_enable
                0x3f014b48       0x18 /mnt/hgfs/DBT/M4/MQX/lib/twrvf65gs10_m4.gcc_arm/release/bsp/bsp.a(serl_int_kuart.o)
                0x3f014b48                _kuart_int_enable
 .text._kuart_int_rx_tx_isr
                0x3f014b60       0xa8 /mnt/hgfs/DBT/M4/MQX/lib/twrvf65gs10_m4.gcc_arm/release/bsp/bsp.a(serl_int_kuart.o)
                0x3f014b60                _kuart_int_rx_tx_isr
 .text._kuart_int_init
                0x3f014c08       0x60 /mnt/hgfs/DBT/M4/MQX/lib/twrvf65gs10_m4.gcc_arm/release/bsp/bsp.a(serl_int_kuart.o)
                0x3f014c08                _kuart_int_init
 .text._kuart_int_install
                0x3f014c68       0x34 /mnt/hgfs/DBT/M4/MQX/lib/twrvf65gs10_m4.gcc_arm/release/bsp/bsp.a(serl_int_kuart.o)
                0x3f014c68                _kuart_int_install
 .text._core_mutext_get_component_ptr
                0x3f014c9c        0xc /mnt/hgfs/DBT/M4/MQX/lib/twrvf65gs10_m4.gcc_arm/release/bsp/bsp.a(core_mutex.o)
                0x3f014c9c                _core_mutext_get_component_ptr
 .text._core_mutext_set_component_ptr
                0x3f014ca8        0xc /mnt/hgfs/DBT/M4/MQX/lib/twrvf65gs10_m4.gcc_arm/release/bsp/bsp.a(core_mutex.o)
                0x3f014ca8                _core_mutext_set_component_ptr
 .text._kuart_polled_getc
                0x3f014cb4       0x12 /mnt/hgfs/DBT/M4/MQX/lib/twrvf65gs10_m4.gcc_arm/release/bsp/bsp.a(serl_pol_kuart.o)
                0x3f014cb4                _kuart_polled_getc
 .text._kuart_polled_putc
                0x3f014cc6       0x12 /mnt/hgfs/DBT/M4/MQX/lib/twrvf65gs10_m4.gcc_arm/release/bsp/bsp.a(serl_pol_kuart.o)
                0x3f014cc6                _kuart_polled_putc
 .text._kuart_polled_status
                0x3f014cd8       0x58 /mnt/hgfs/DBT/M4/MQX/lib/twrvf65gs10_m4.gcc_arm/release/bsp/bsp.a(serl_pol_kuart.o)
                0x3f014cd8                _kuart_polled_status
 .text._kuart_polled_deinit
                0x3f014d30       0x1c /mnt/hgfs/DBT/M4/MQX/lib/twrvf65gs10_m4.gcc_arm/release/bsp/bsp.a(serl_pol_kuart.o)
                0x3f014d30                _kuart_polled_deinit
 .text._kuart_change_baudrate
                0x3f014d4c       0x58 /mnt/hgfs/DBT/M4/MQX/lib/twrvf65gs10_m4.gcc_arm/release/bsp/bsp.a(serl_pol_kuart.o)
                0x3f014d4c                _kuart_change_baudrate
 .text._kuart_polled_init
                0x3f014da4       0xc4 /mnt/hgfs/DBT/M4/MQX/lib/twrvf65gs10_m4.gcc_arm/release/bsp/bsp.a(serl_pol_kuart.o)
                0x3f014da4                _kuart_polled_init
 .text._kuart_polled_ioctl
                0x3f014e68      0x33c /mnt/hgfs/DBT/M4/MQX/lib/twrvf65gs10_m4.gcc_arm/release/bsp/bsp.a(serl_pol_kuart.o)
                0x3f014e68                _kuart_polled_ioctl
 .text._kuart_polled_install
                0x3f0151a4       0x3c /mnt/hgfs/DBT/M4/MQX/lib/twrvf65gs10_m4.gcc_arm/release/bsp/bsp.a(serl_pol_kuart.o)
                0x3f0151a4                _kuart_polled_install
 .text._esdhc_get_baudrate
                0x3f0151e0       0x1e /mnt/hgfs/DBT/M4/MQX/lib/twrvf65gs10_m4.gcc_arm/release/bsp/bsp.a(esdhc.o)
 .text._esdhc_uninstall
                0x3f0151fe       0x50 /mnt/hgfs/DBT/M4/MQX/lib/twrvf65gs10_m4.gcc_arm/release/bsp/bsp.a(esdhc.o)
                0x3f0151fe                _esdhc_uninstall
 .text._esdhc_isr
                0x3f01524e      0x106 /mnt/hgfs/DBT/M4/MQX/lib/twrvf65gs10_m4.gcc_arm/release/bsp/bsp.a(esdhc.o)
 .text._esdhc_close
                0x3f015354       0x2c /mnt/hgfs/DBT/M4/MQX/lib/twrvf65gs10_m4.gcc_arm/release/bsp/bsp.a(esdhc.o)
                0x3f015354                _esdhc_close
 .text._esdhc_set_baudrate_low