Archive member included because of file (symbol)

/mnt/hgfs/DBT/M4/MQX/lib/twrvf65gs10_m4.gcc_arm/release/bsp/bsp.a(mqx_main.o)
                              (main)
/mnt/hgfs/DBT/M4/MQX/lib/twrvf65gs10_m4.gcc_arm/release/bsp/bsp.a(mqx_init.o)
                              /mnt/hgfs/DBT/M4/MQX/lib/twrvf65gs10_m4.gcc_arm/release/bsp/bsp.a(mqx_main.o) (MQX_init_struct)
/mnt/hgfs/DBT/M4/MQX/lib/twrvf65gs10_m4.gcc_arm/release/bsp/bsp.a(lwgpio_vgpio.o)
                              ./gcc_arm/ram_release/obj/ser240.o (lwgpio_set_value)
/mnt/hgfs/DBT/M4/MQX/lib/twrvf65gs10_m4.gcc_arm/release/bsp/bsp.a(vectors.o)
                              (__vector_table)
/mnt/hgfs/DBT/M4/MQX/lib/twrvf65gs10_m4.gcc_arm/release/bsp/bsp.a(fsl_flexcan_driver.o)
                              ./gcc_arm/ram_release/obj/slave_can.o (flexcan_set_bitrate)
/mnt/hgfs/DBT/M4/MQX/lib/twrvf65gs10_m4.gcc_arm/release/bsp/bsp.a(fsl_flexcan_int.o)
                              /mnt/hgfs/DBT/M4/MQX/lib/twrvf65gs10_m4.gcc_arm/release/bsp/bsp.a(fsl_flexcan_driver.o) (flexcan_int_enable)
/mnt/hgfs/DBT/M4/MQX/lib/twrvf65gs10_m4.gcc_arm/release/bsp/bsp.a(fsl_flexcan_hal.o)
                              /mnt/hgfs/DBT/M4/MQX/lib/twrvf65gs10_m4.gcc_arm/release/bsp/bsp.a(fsl_flexcan_driver.o) (flexcan_hal_disable)
/mnt/hgfs/DBT/M4/MQX/lib/twrvf65gs10_m4.gcc_arm/release/bsp/bsp.a(init_gpio.o)
                              /mnt/hgfs/DBT/M4/MQX/lib/twrvf65gs10_m4.gcc_arm/release/bsp/bsp.a(fsl_flexcan_driver.o) (_bsp_flexcan_io_init)
/mnt/hgfs/DBT/M4/MQX/lib/twrvf65gs10_m4.gcc_arm/release/bsp/bsp.a(init_usb.o)
                              /mnt/hgfs/DBT/M4/MQX/lib/twrvf65gs10_m4.gcc_arm/release/bsp/bsp.a(init_gpio.o) (_ehci1_host_init_param)
/mnt/hgfs/DBT/M4/MQX/lib/twrvf65gs10_m4.gcc_arm/release/psp/psp.a(io_pntf.o)
                              ./gcc_arm/ram_release/obj/actuators.o (_io_printf)
/mnt/hgfs/DBT/M4/MQX/lib/twrvf65gs10_m4.gcc_arm/release/psp/psp.a(task.o)
                              /mnt/hgfs/DBT/M4/MQX/lib/twrvf65gs10_m4.gcc_arm/release/bsp/bsp.a(fsl_flexcan_int.o) (_task_get_error)
/mnt/hgfs/DBT/M4/MQX/lib/twrvf65gs10_m4.gcc_arm/release/psp/psp.a(stack_de.o)
                              /mnt/hgfs/DBT/M4/MQX/lib/twrvf65gs10_m4.gcc_arm/release/psp/psp.a(task.o) (_psp_destroy_stack_frame)
/mnt/hgfs/DBT/M4/MQX/lib/twrvf65gs10_m4.gcc_arm/release/psp/psp.a(lwevent.o)
                              ./gcc_arm/ram_release/obj/main.o (_lwevent_create)
/mnt/hgfs/DBT/M4/MQX/lib/twrvf65gs10_m4.gcc_arm/release/psp/psp.a(io_ghand.o)
                              /mnt/hgfs/DBT/M4/MQX/lib/twrvf65gs10_m4.gcc_arm/release/psp/psp.a(io_pntf.o) (_io_get_handle)
/mnt/hgfs/DBT/M4/MQX/lib/twrvf65gs10_m4.gcc_arm/release/psp/psp.a(sched.o)
                              /mnt/hgfs/DBT/M4/MQX/lib/twrvf65gs10_m4.gcc_arm/release/psp/psp.a(task.o) (_sched_insert_priorityq_internal)
/mnt/hgfs/DBT/M4/MQX/lib/twrvf65gs10_m4.gcc_arm/release/psp/psp.a(io_fflsh.o)
                              ./gcc_arm/ram_release/obj/ser240.o (_io_fflush)
/mnt/hgfs/DBT/M4/MQX/lib/twrvf65gs10_m4.gcc_arm/release/psp/psp.a(io_dopr.o)
                              /mnt/hgfs/DBT/M4/MQX/lib/twrvf65gs10_m4.gcc_arm/release/psp/psp.a(io_pntf.o) (_io_doprint)
/mnt/hgfs/DBT/M4/MQX/lib/twrvf65gs10_m4.gcc_arm/release/psp/psp.a(dispatch.o)
                              /mnt/hgfs/DBT/M4/MQX/lib/twrvf65gs10_m4.gcc_arm/release/psp/psp.a(task.o) (_sched_run_internal)
/mnt/hgfs/DBT/M4/MQX/lib/twrvf65gs10_m4.gcc_arm/release/psp/psp.a(cortex.o)
                              /mnt/hgfs/DBT/M4/MQX/lib/twrvf65gs10_m4.gcc_arm/release/bsp/bsp.a(fsl_flexcan_int.o) (_psp_core_num)
/mnt/hgfs/DBT/M4/MQX/lib/twrvf65gs10_m4.gcc_arm/release/psp/psp.a(taskq.o)
                              ./gcc_arm/ram_release/obj/ser240.o (_taskq_create)
/mnt/hgfs/DBT/M4/MQX/lib/twrvf65gs10_m4.gcc_arm/release/psp/psp.a(mqx.o)
                              ./gcc_arm/ram_release/obj/actuators.o (_mqx_exit)
/mnt/hgfs/DBT/M4/MQX/lib/twrvf65gs10_m4.gcc_arm/release/psp/psp.a(lwsem.o)
                              /mnt/hgfs/DBT/M4/MQX/lib/twrvf65gs10_m4.gcc_arm/release/psp/psp.a(mqx.o) (_lwsem_create)
/mnt/hgfs/DBT/M4/MQX/lib/twrvf65gs10_m4.gcc_arm/release/psp/psp.a(queue.o)
                              /mnt/hgfs/DBT/M4/MQX/lib/twrvf65gs10_m4.gcc_arm/release/psp/psp.a(lwevent.o) (_queue_init)
/mnt/hgfs/DBT/M4/MQX/lib/twrvf65gs10_m4.gcc_arm/release/psp/psp.a(sc_irdyq.o)
                              /mnt/hgfs/DBT/M4/MQX/lib/twrvf65gs10_m4.gcc_arm/release/psp/psp.a(mqx.o) (_psp_set_kernel_disable_level)
/mnt/hgfs/DBT/M4/MQX/lib/twrvf65gs10_m4.gcc_arm/release/psp/psp.a(stack_st.o)
                              /mnt/hgfs/DBT/M4/MQX/lib/twrvf65gs10_m4.gcc_arm/release/psp/psp.a(task.o) (_psp_get_stack_start)
/mnt/hgfs/DBT/M4/MQX/lib/twrvf65gs10_m4.gcc_arm/release/psp/psp.a(io_ioctl.o)
                              ./gcc_arm/ram_release/obj/ser240.o (_io_ioctl)
/mnt/hgfs/DBT/M4/MQX/lib/twrvf65gs10_m4.gcc_arm/release/psp/psp.a(mem.o)
[...]
Memory Configuration

Name             Origin             Length             Attributes
text             0x3f000000         0x0003fff0         xr
data             0x3f800000         0x00007ff0         rw
tcml             0x1f800000         0x00007ff0         rw
*default*        0x00000000         0xffffffff

Linker script and memory map

LOAD ./gcc_arm/ram_release/obj/actuators.o
LOAD ./gcc_arm/ram_release/obj/arm.o
LOAD ./gcc_arm/ram_release/obj/canopen.o
LOAD ./gcc_arm/ram_release/obj/common.o
LOAD ./gcc_arm/ram_release/obj/fault.o
LOAD ./gcc_arm/ram_release/obj/i510.o
LOAD ./gcc_arm/ram_release/obj/lenze.o
LOAD ./gcc_arm/ram_release/obj/main.o
LOAD ./gcc_arm/ram_release/obj/mccClass.o
LOAD ./gcc_arm/ram_release/obj/pd4.o
LOAD ./gcc_arm/ram_release/obj/ser240.o
LOAD ./gcc_arm/ram_release/obj/slave_can.o
LOAD ./gcc_arm/ram_release/obj/trx.o
START GROUP
LOAD /mnt/hgfs/DBT/M4/MQX/lib/twrvf65gs10_m4.gcc_arm/release/bsp/bsp.a
LOAD /mnt/hgfs/DBT/M4/MQX/lib/twrvf65gs10_m4.gcc_arm/release/psp/psp.a
LOAD /mnt/hgfs/DBT/M4/MQX/lib/twrvf65gs10_m4.gcc_arm/release/mcc/mcc.a
LOAD /opt/arm-2017/lib/gcc/arm-none-eabi/4.8.3/armv7e-m/fpu/libgcc.a
LOAD /opt/arm-2017/arm-none-eabi/lib/armv7e-m/fpu/libc.a
LOAD /opt/arm-2017/arm-none-eabi/lib/armv7e-m/fpu/libsupc++.a
LOAD /opt/arm-2017/arm-none-eabi/lib/armv7e-m/fpu/libm.a
LOAD /opt/arm-2017/arm-none-eabi/lib/armv7e-m/fpu/libnosys.a
END GROUP
                0x3f000000                CODE_BASE_ADDR_START = ORIGIN (text)
                0x0003fff0                CODE_SIZE = 0x3fff0
                0x3f03fff0                CODE_BASE_ADDR_END = (CODE_BASE_ADDR_START + CODE_SIZE)
                0x3f800000                DATA_BASE_ADDR_START = ORIGIN (data)
                0x00007ff0                DATA_SIZE = 0x7ff0
                0x3f807ff0                DATA_BASE_ADDR_END = (DATA_BASE_ADDR_START + DATA_SIZE)
                0x1f800000                TCML_BASE_ADDR_START = ORIGIN (tcml)
                0x00007ff0                TCML_SIZE = 0x7ff0
                0x1f807ff0                TCML_END = (TCML_BASE_ADDR_START + TCML_SIZE)
                0x00000001                __DEFAULT_PROCESSOR_NUMBER = 0x1
                0x3f040000                __SHARED_RAM_START = 0x3f040000
                0x3f04fff0                __SHARED_RAM_END = 0x3f04fff0
                0x3f800000                __SRAM_POOL_START = DATA_BASE_ADDR_START
                0x3f807ff0                __SRAM_POOL_END = DATA_BASE_ADDR_END
                0x3f800000                __UNCACHED_DATA_START = DATA_BASE_ADDR_START
                0x3f807ff0                __UNCACHED_DATA_END = DATA_BASE_ADDR_END
                0x1f807ef0                __BOOT_STACK_ADDRESS = (TCML_END - 0x100)
                0x3f000000                __VECTOR_TABLE_ROM_START = CODE_BASE_ADDR_START
                0x3f800000                __VECTOR_TABLE_RAM_START = DATA_BASE_ADDR_START
                0x3f807ff0                __KERNEL_DATA_END = DATA_BASE_ADDR_END

.vectors        0x3f000000      0x460
 *(.vectors_rom)
 .vectors_rom   0x3f000000      0x400 /mnt/hgfs/DBT/M4/MQX/lib/twrvf65gs10_m4.gcc_arm/release/bsp/bsp.a(vectors.o)
                0x3f000000                __vector_table
 *(.cfmconfig)
 *(.boot*)
 .bootseg       0x3f000400       0x60 /mnt/hgfs/DBT/M4/MQX/lib/twrvf65gs10_m4.gcc_arm/release/psp/psp.a(boot.o)
                0x3f000400                __boot

.text           0x3f000460    0x1c370
 *(KERNEL)
 KERNEL         0x3f000460      0x2f8 /mnt/hgfs/DBT/M4/MQX/lib/twrvf65gs10_m4.gcc_arm/release/psp/psp.a(dispatch.o)
                0x3f000460                _sched_start_internal
                0x3f000464                _sched_run_internal
                0x3f00046a                _sched_check_scheduler_internal
                0x3f000488                _sched_execute_scheduler_internal
                0x3f00048c                _mqx_api_call
                0x3f000490                _task_block
                0x3f000494                _svc_handler
                0x3f000516                _pend_svc
                0x3f0005dc                _int_kernel_isr
                0x3f000680                _psp_exception_return
                0x3f0006b8                _psp_save_fp_context_internal
                0x3f0006ec                _mem_test_and_set
                0x3f00070a                __get_PSP
                0x3f000710                __get_MSP
                0x3f000716                __set_MSP
                0x3f00071c                __get_PSR
                0x3f000722                __enable_interrupt
                0x3f000726                __disable_interrupt
                0x3f00072a                __get_LR
                0x3f00072e                __get_PC
                0x3f000732                __get_CONTROL
 *(.text*)
 .text.actuators_rx_devices
                0x3f000758      0x4d8 ./gcc_arm/ram_release/obj/actuators.o
                0x3f000758                actuators_rx_devices
 .text.actuatorTestCommands
                0x3f000c30      0x140 ./gcc_arm/ram_release/obj/actuators.o
                0x3f000c30                actuatorTestCommands
 .text.masterCommandExecution
                0x3f000d70      0x360 ./gcc_arm/ram_release/obj/actuators.o
                0x3f000d70                masterCommandExecution
 .text.actuators_rx_master
                0x3f0010d0       0x74 ./gcc_arm/ram_release/obj/actuators.o
                0x3f0010d0                actuators_rx_master
 .text.funcCiA402_FaultReactionActive
                0x3f001144       0x14 ./gcc_arm/ram_release/obj/arm.o
 .text.funcCiA402_QuickStopActive
                0x3f001158       0x14 ./gcc_arm/ram_release/obj/arm.o
 .text.funcCiA402_NotReadyToSwitch
                0x3f00116c       0x14 ./gcc_arm/ram_release/obj/arm.o
 .text.funcCiA402_UndefinedStat
                0x3f001180       0x14 ./gcc_arm/ram_release/obj/arm.o
 .text.funcCiA402_Fault
                0x3f001194      0x120 ./gcc_arm/ram_release/obj/arm.o
 .text.funcCiA402_SwitchOnDisabled
                0x3f0012b4       0x50 ./gcc_arm/ram_release/obj/arm.o
 .text.funcCiA402_SwitchedOn
                0x3f001304      0x58c ./gcc_arm/ram_release/obj/arm.o
 .text.funcCiA402_ReadyToSwitchOn
                0x3f001890       0x5c ./gcc_arm/ram_release/obj/arm.o
 .text.CiA402_Arm_Stat
                0x3f0018ec      0x338 ./gcc_arm/ram_release/obj/arm.o
                0x3f0018ec                CiA402_Arm_Stat
 .text.armSetCommand
                0x3f001c24      0x12c ./gcc_arm/ram_release/obj/arm.o
                0x3f001c24                armSetCommand
 .text.armGetStatus
                0x3f001d50        0x8 ./gcc_arm/ram_release/obj/arm.o
                0x3f001d50                armGetStatus
 .text.printArmConfig
                0x3f001d58       0x6c ./gcc_arm/ram_release/obj/arm.o
                0x3f001d58                printArmConfig
 .text.armUpdateConfiguration
                0x3f001dc4       0x28 ./gcc_arm/ram_release/obj/arm.o
                0x3f001dc4                armUpdateConfiguration
 .text.getArmInputs
                0x3f001dec        0xc ./gcc_arm/ram_release/obj/arm.o
                0x3f001dec                getArmInputs
 .text.getArmVbus
                0x3f001df8       0x40 ./gcc_arm/ram_release/obj/arm.o
                0x3f001df8                getArmVbus
 .text.getArmVlogic
                0x3f001e38       0x40 ./gcc_arm/ram_release/obj/arm.o
                0x3f001e38                getArmVlogic
 .text.getArmTemp
                0x3f001e78       0x40 ./gcc_arm/ram_release/obj/arm.o
                0x3f001e78                getArmTemp
 .text.getArmFault
                0x3f001eb8        0xc ./gcc_arm/ram_release/obj/arm.o
                0x3f001eb8                getArmFault
 .text.armGetObstacleStat
                0x3f001ec4       0x2c ./gcc_arm/ram_release/obj/arm.o
                0x3f001ec4                armGetObstacleStat
 .text.armGetPositionActivationStatus
                0x3f001ef0       0x50 ./gcc_arm/ram_release/obj/arm.o
                0x3f001ef0                armGetPositionActivationStatus
 .text.funcCiA402_OperationEnabled
                0x3f001f40      0x468 ./gcc_arm/ram_release/obj/arm.o
 .text.canopenPrintSDOErrors
                0x3f0023a8      0x10c ./gcc_arm/ram_release/obj/canopen.o
                0x3f0023a8                canopenPrintSDOErrors
 .text.canopenGetValFromBuffer
                0x3f0024b4       0x3e ./gcc_arm/ram_release/obj/canopen.o
                0x3f0024b4                canopenGetValFromBuffer
 *fill*         0x3f0024f2        0x2 
 .text.canopenResetNode
                0x3f0024f4       0x74 ./gcc_arm/ram_release/obj/canopen.o
                0x3f0024f4                canopenResetNode
 .text.canopenSetNetworkPreOperation
                0x3f002568       0x58 ./gcc_arm/ram_release/obj/canopen.o
                0x3f002568                canopenSetNetworkPreOperation
 .text.canopenReadSDO
                0x3f0025c0      0x118 ./gcc_arm/ram_release/obj/canopen.o
                0x3f0025c0                canopenReadSDO
 .text.canopenWriteSDO
                0x3f0026d8      0x100 ./gcc_arm/ram_release/obj/canopen.o
                0x3f0026d8                canopenWriteSDO
 .text.canopenWriteDomainSDO
                0x3f0027d8      0x23c ./gcc_arm/ram_release/obj/canopen.o
                0x3f0027d8                canopenWriteDomainSDO
 .text.msEventWaitAll
                0x3f002a14       0x30 ./gcc_arm/ram_release/obj/common.o
                0x3f002a14                msEventWaitAll
 .text.msEventWaitAny
                0x3f002a44       0x30 ./gcc_arm/ram_release/obj/common.o
                0x3f002a44                msEventWaitAny
 .text.debugPrintEna
                0x3f002a74       0x18 ./gcc_arm/ram_release/obj/common.o
                0x3f002a74                debugPrintEna
 .text.printEna
                0x3f002a8c        0xc ./gcc_arm/ram_release/obj/common.o
                0x3f002a8c                printEna
 .text.debugPrint
                0x3f002a98       0x54 ./gcc_arm/ram_release/obj/common.o
                0x3f002a98                debugPrint
 .text.debugPrintIBuffer
                0x3f002aec       0x60 ./gcc_arm/ram_release/obj/common.o
                0x3f002aec                debugPrintIBuffer
 .text.debugPrintXBuffer
                0x3f002b4c       0x74 ./gcc_arm/ram_release/obj/common.o
                0x3f002b4c                debugPrintXBuffer
 .text.debugPrintI
                0x3f002bc0       0x50 ./gcc_arm/ram_release/obj/common.o
                0x3f002bc0                debugPrintI
 .text.debugPrintI2
                0x3f002c10       0x78 ./gcc_arm/ram_release/obj/common.o
                0x3f002c10                debugPrintI2
 .text.debugPrintI3
                0x3f002c88       0xa4 ./gcc_arm/ram_release/obj/common.o
                0x3f002c88                debugPrintI3
 .text.debugPrintX
                0x3f002d2c       0x50 ./gcc_arm/ram_release/obj/common.o
                0x3f002d2c                debugPrintX
 .text.fault_task
                0x3f002d7c       0x6c ./gcc_arm/ram_release/obj/fault.o
                0x3f002d7c                fault_task
 .text.getI510NetworkStatus
                0x3f002de8       0xcc ./gcc_arm/ram_release/obj/i510.o
                0x3f002de8                getI510NetworkStatus
 .text.setI510WriteSDO
                0x3f002eb4       0x3c ./gcc_arm/ram_release/obj/i510.o
                0x3f002eb4                setI510WriteSDO
 .text.getI510ErrorRegister
                0x3f002ef0       0x38 ./gcc_arm/ram_release/obj/i510.o
                0x3f002ef0                getI510ErrorRegister
 .text.getI510BusVoltage
                0x3f002f28       0x3c ./gcc_arm/ram_release/obj/i510.o
                0x3f002f28                getI510BusVoltage
 .text.i510ErrorString
                0x3f002f64      0x5d0 ./gcc_arm/ram_release/obj/i510.o
                0x3f002f64                i510ErrorString
 .text.lenzeStartupConfiguration
                0x3f003534      0x1dc ./gcc_arm/ram_release/obj/lenze.o
 .text.lenzeReadMotorFreq
                0x3f003710       0x40 ./gcc_arm/ram_release/obj/lenze.o
 .text.lenzeGetStatus
                0x3f003750        0x8 ./gcc_arm/ram_release/obj/lenze.o
                0x3f003750                lenzeGetStatus
 .text.printLenzeConfig
                0x3f003758       0x84 ./gcc_arm/ram_release/obj/lenze.o
                0x3f003758                printLenzeConfig
 .text.lenzeReadPosition
                0x3f0037dc       0x6c ./gcc_arm/ram_release/obj/lenze.o
                0x3f0037dc                lenzeReadPosition
 .text.lenzeSetSpeedManual
                0x3f003848      0x190 ./gcc_arm/ram_release/obj/lenze.o
                0x3f003848                lenzeSetSpeedManual
 .text.lenze_manage_soglie
                0x3f0039d8      0x1e0 ./gcc_arm/ram_release/obj/lenze.o
 .text.lenzeRunConfiguration
                0x3f003bb8      0x15c ./gcc_arm/ram_release/obj/lenze.o
 .text.lenzeUpdateConfiguration
                0x3f003d14       0x1c ./gcc_arm/ram_release/obj/lenze.o
                0x3f003d14                lenzeUpdateConfiguration
 .text.lenzeSetSpeedManualPark
                0x3f003d30       0x84 ./gcc_arm/ram_release/obj/lenze.o
                0x3f003d30                lenzeSetSpeedManualPark
 .text.lenzeSetSpeedAuto
                0x3f003db4      0x154 ./gcc_arm/ram_release/obj/lenze.o
                0x3f003db4                lenzeSetSpeedAuto
 .text.lenzeActivateAuto
                0x3f003f08       0x90 ./gcc_arm/ram_release/obj/lenze.o
                0x3f003f08                lenzeActivateAuto
 .text.lenzeActivatePositionCompensation
                0x3f003f98      0x170 ./gcc_arm/ram_release/obj/lenze.o
                0x3f003f98                lenzeActivatePositionCompensation
 .text.lenzeActivateUnpark
                0x3f004108       0x98 ./gcc_arm/ram_release/obj/lenze.o
                0x3f004108                lenzeActivateUnpark
 .text.lenzeActivatePark
                0x3f0041a0       0x98 ./gcc_arm/ram_release/obj/lenze.o
                0x3f0041a0                lenzeActivatePark
 .text.lenzeGetVBUS
                0x3f004238        0xc ./gcc_arm/ram_release/obj/lenze.o
                0x3f004238                lenzeGetVBUS
 .text.lenzeGetAn1
                0x3f004244        0xc ./gcc_arm/ram_release/obj/lenze.o
                0x3f004244                lenzeGetAn1
 .text.lenzeGetAn2
                0x3f004250        0xc ./gcc_arm/ram_release/obj/lenze.o
                0x3f004250                lenzeGetAn2
 .text.lenzeGetInternalErrors
                0x3f00425c        0xc ./gcc_arm/ram_release/obj/lenze.o
                0x3f00425c                lenzeGetInternalErrors
 .text.lenzeGetDiagnosticErrors
                0x3f004268        0xc ./gcc_arm/ram_release/obj/lenze.o
                0x3f004268                lenzeGetDiagnosticErrors
 .text.lenzeGetHighThreshold
                0x3f004274       0x38 ./gcc_arm/ram_release/obj/lenze.o
                0x3f004274                lenzeGetHighThreshold
 .text.lenzeGetLowThreshold
                0x3f0042ac       0x38 ./gcc_arm/ram_release/obj/lenze.o
                0x3f0042ac                lenzeGetLowThreshold
 .text.lenzeGetIO
                0x3f0042e4       0x88 ./gcc_arm/ram_release/obj/lenze.o
                0x3f0042e4                lenzeGetIO
 .text.lenzeGetTemp
                0x3f00436c       0x38 ./gcc_arm/ram_release/obj/lenze.o
                0x3f00436c                lenzeGetTemp
 .text.lenzeGetObstacleStat
                0x3f0043a4       0x28 ./gcc_arm/ram_release/obj/lenze.o
                0x3f0043a4                lenzeGetObstacleStat
 .text.driver_Lenze_Stat
                0x3f0043cc      0x4ec ./gcc_arm/ram_release/obj/lenze.o
                0x3f0043cc                driver_Lenze_Stat
 .text.lenzeSetCommand
                0x3f0048b8       0x12 ./gcc_arm/ram_release/obj/lenze.o
                0x3f0048b8                lenzeSetCommand
 *fill*         0x3f0048ca        0x2 
 .text.device_startup_Task
                0x3f0048cc       0xe0 ./gcc_arm/ram_release/obj/main.o
                0x3f0048cc                device_startup_Task
 .text.main_task
                0x3f0049ac      0x5bc ./gcc_arm/ram_release/obj/main.o
                0x3f0049ac                main_task
 .text.mainStartProcesses
                0x3f004f68       0x34 ./gcc_arm/ram_release/obj/main.o
                0x3f004f68                mainStartProcesses
 .text.mccOpenPort
                0x3f004f9c       0x12 ./gcc_arm/ram_release/obj/mccClass.o
                0x3f004f9c                mccOpenPort
 .text.mccSetChecksum
                0x3f004fae       0x1e ./gcc_arm/ram_release/obj/mccClass.o
                0x3f004fae                mccSetChecksum
 .text.mccSendBuffer
                0x3f004fcc       0x8c ./gcc_arm/ram_release/obj/mccClass.o
                0x3f004fcc                mccSendBuffer
 .text.mccLibNotify
                0x3f005058       0x5c ./gcc_arm/ram_release/obj/mccClass.o
 .text.mccIsFrameCorrect
                0x3f0050b4       0x28 ./gcc_arm/ram_release/obj/mccClass.o
                0x3f0050b4                mccIsFrameCorrect
 .text.mccRxFrame
                0x3f0050dc       0x32 ./gcc_arm/ram_release/obj/mccClass.o
                0x3f0050dc                mccRxFrame
 .text.mccDebugPrint
                0x3f00510e       0x3e ./gcc_arm/ram_release/obj/mccClass.o
                0x3f00510e                mccDebugPrint
 .text.mccGuiNotify
                0x3f00514c       0x1a ./gcc_arm/ram_release/obj/mccClass.o
                0x3f00514c                mccGuiNotify
 .text.getPd4CiA402Status
                0x3f005166       0xa2 ./gcc_arm/ram_release/obj/pd4.o
                0x3f005166                getPd4CiA402Status
 .text.Pd4CiA402ShutdownCommand
                0x3f005208       0x5a ./gcc_arm/ram_release/obj/pd4.o
                0x3f005208                Pd4CiA402ShutdownCommand
 .text.Pd4CiA402SwitchOnCommand
                0x3f005262       0x5a ./gcc_arm/ram_release/obj/pd4.o
                0x3f005262                Pd4CiA402SwitchOnCommand
 .text.Pd4CiA402DisableVoltageCommand
                0x3f0052bc       0x56 ./gcc_arm/ram_release/obj/pd4.o
                0x3f0052bc                Pd4CiA402DisableVoltageCommand
 .text.Pd4CiA402EnableOperationCommand
                0x3f005312       0x62 ./gcc_arm/ram_release/obj/pd4.o
                0x3f005312                Pd4CiA402EnableOperationCommand
 .text.Pd4CiA402DisableOperationCommand
                0x3f005374       0x62 ./gcc_arm/ram_release/obj/pd4.o
                0x3f005374                Pd4CiA402DisableOperationCommand
 .text.Pd4CiA402SetControlOD
                0x3f0053d6       0x5a ./gcc_arm/ram_release/obj/pd4.o
                0x3f0053d6                Pd4CiA402SetControlOD
 .text.Pd4CiA402SetOperatingOD
                0x3f005430       0x28 ./gcc_arm/ram_release/obj/pd4.o
                0x3f005430                Pd4CiA402SetOperatingOD
 .text.Pd4CiA402FaultReset
                0x3f005458       0x8c ./gcc_arm/ram_release/obj/pd4.o
                0x3f005458                Pd4CiA402FaultReset
 .text.Pd4CiA402QuickStop
                0x3f0054e4       0x58 ./gcc_arm/ram_release/obj/pd4.o
                0x3f0054e4                Pd4CiA402QuickStop
 .text.canopenUploadObjectDictionaryList
                0x3f00553c       0x54 ./gcc_arm/ram_release/obj/pd4.o
                0x3f00553c                canopenUploadObjectDictionaryList
 .text.uploadOjectDictionary
                0x3f005590      0x164 ./gcc_arm/ram_release/obj/pd4.o
                0x3f005590                uploadOjectDictionary
 .text.caricamentoNanojProgram
                0x3f0056f4      0x2c8 ./gcc_arm/ram_release/obj/pd4.o
                0x3f0056f4                caricamentoNanojProgram
 .text.pcb240_driver
                0x3f0059bc      0x518 ./gcc_arm/ram_release/obj/ser240.o
                0x3f0059bc                pcb240_driver
 .text.PCB240SendCommand
                0x3f005ed4       0x74 ./gcc_arm/ram_release/obj/ser240.o
                0x3f005ed4                PCB240SendCommand
 .text.pcb240UpdateRevision
                0x3f005f48       0x6c ./gcc_arm/ram_release/obj/ser240.o
                0x3f005f48                pcb240UpdateRevision
 .text.pcb240PowerOffCommand
                0x3f005fb4       0x58 ./gcc_arm/ram_release/obj/ser240.o
                0x3f005fb4                pcb240PowerOffCommand
 .text.canOpenSlaveInit
                0x3f00600c      0x288 ./gcc_arm/ram_release/obj/slave_can.o
                0x3f00600c                canOpenSlaveInit
 .text.Can_RxErrors_Task
                0x3f006294       0xf4 ./gcc_arm/ram_release/obj/slave_can.o
                0x3f006294                Can_RxErrors_Task
 .text.Inputs_To_Master_Task
                0x3f006388       0xa0 ./gcc_arm/ram_release/obj/slave_can.o
                0x3f006388                Inputs_To_Master_Task
 .text.Outputs_From_Master_Task
                0x3f006428       0x70 ./gcc_arm/ram_release/obj/slave_can.o
                0x3f006428                Outputs_From_Master_Task
 .text.trx_tx_Task
                0x3f006498       0x14 ./gcc_arm/ram_release/obj/slave_can.o
                0x3f006498                trx_tx_Task
 .text.arm_tx_Task
                0x3f0064ac       0x14 ./gcc_arm/ram_release/obj/slave_can.o
                0x3f0064ac                arm_tx_Task
 .text.lenze_tx_Task
                0x3f0064c0        0x4 ./gcc_arm/ram_release/obj/slave_can.o
                0x3f0064c0                lenze_tx_Task
 .text.sendActuatorFrameToMaster
                0x3f0064c4       0x3c ./gcc_arm/ram_release/obj/slave_can.o
                0x3f0064c4                sendActuatorFrameToMaster
 .text.funcCiA402_FaultReactionActive
                0x3f006500       0x14 ./gcc_arm/ram_release/obj/trx.o
                0x3f006500                funcCiA402_FaultReactionActive
 .text.funcCiA402_UndefinedStat
                0x3f006514       0x14 ./gcc_arm/ram_release/obj/trx.o
                0x3f006514                funcCiA402_UndefinedStat
 .text.funcCiA402_NotReadyToSwitch
                0x3f006528       0x14 ./gcc_arm/ram_release/obj/trx.o
                0x3f006528                funcCiA402_NotReadyToSwitch
 .text.funcCiA402_QuickStopActive
                0x3f00653c       0x34 ./gcc_arm/ram_release/obj/trx.o
                0x3f00653c                funcCiA402_QuickStopActive
 .text._readInputs
                0x3f006570       0x44 ./gcc_arm/ram_release/obj/trx.o
 *fill*         0x3f0065b4        0x4 
 .text.readTrxPosition
                0x3f0065b8       0x90 ./gcc_arm/ram_release/obj/trx.o
 .text.funcCiA402_SwitchOnDisabled
                0x3f006648       0x34 ./gcc_arm/ram_release/obj/trx.o
                0x3f006648                funcCiA402_SwitchOnDisabled
 *fill*         0x3f00667c        0x4 
 .text.funcCiA402_Fault
                0x3f006680      0x218 ./gcc_arm/ram_release/obj/trx.o
                0x3f006680                funcCiA402_Fault
 .text.trxUploadActivationContext
                0x3f006898      0x3c0 ./gcc_arm/ram_release/obj/trx.o
 .text.funcCiA402_ReadyToSwitchOn
                0x3f006c58       0x44 ./gcc_arm/ram_release/obj/trx.o
                0x3f006c58                funcCiA402_ReadyToSwitchOn
 .text._initZeroSetting
                0x3f006c9c       0xb0 ./gcc_arm/ram_release/obj/trx.o
 .text.funcCiA402_SwitchedOn
                0x3f006d4c      0x470 ./gcc_arm/ram_release/obj/trx.o
                0x3f006d4c                funcCiA402_SwitchedOn
 .text.CiA402_Trx_Stat
                0x3f0071bc      0x2e0 ./gcc_arm/ram_release/obj/trx.o
                0x3f0071bc                CiA402_Trx_Stat
 .text.trxGetStatus
                0x3f00749c        0x8 ./gcc_arm/ram_release/obj/trx.o
                0x3f00749c                trxGetStatus
 .text.trxUpdateConfiguration
                0x3f0074a4      0x144 ./gcc_arm/ram_release/obj/trx.o
                0x3f0074a4                trxUpdateConfiguration
 .text.trxGetNanojSamples
                0x3f0075e8       0x90 ./gcc_arm/ram_release/obj/trx.o
                0x3f0075e8                trxGetNanojSamples
 .text.trxSetCommand
                0x3f007678      0x1f0 ./gcc_arm/ram_release/obj/trx.o
                0x3f007678                trxSetCommand
 .text.getTrxPosition
                0x3f007868       0x20 ./gcc_arm/ram_release/obj/trx.o
                0x3f007868                getTrxPosition
 .text.getTrxInputs
                0x3f007888        0xc ./gcc_arm/ram_release/obj/trx.o
                0x3f007888                getTrxInputs
 .text.getTrxVbus
                0x3f007894       0x40 ./gcc_arm/ram_release/obj/trx.o
                0x3f007894                getTrxVbus
 .text.getTrxVlogic
                0x3f0078d4       0x40 ./gcc_arm/ram_release/obj/trx.o
                0x3f0078d4                getTrxVlogic
 .text.getTrxTemp
                0x3f007914       0x40 ./gcc_arm/ram_release/obj/trx.o
                0x3f007914                getTrxTemp
 .text.getTrxFault
                0x3f007954        0xc ./gcc_arm/ram_release/obj/trx.o
                0x3f007954                getTrxFault
 .text.trxGetObstacleStat
                0x3f007960       0x14 ./gcc_arm/ram_release/obj/trx.o
                0x3f007960                trxGetObstacleStat
 .text.trxSafetyDuringMotion
                0x3f007974      0x210 ./gcc_arm/ram_release/obj/trx.o
 *fill*         0x3f007b84        0x4 
 .text.funcCiA402_OperationEnabled
                0x3f007b88      0x688 ./gcc_arm/ram_release/obj/trx.o
                0x3f007b88                funcCiA402_OperationEnabled
 .text.trxResetModule
                0x3f008210        0xc ./gcc_arm/ram_release/obj/trx.o
                0x3f008210                trxResetModule
 .text.startup.main
                0x3f00821c       0x10 /mnt/hgfs/DBT/M4/MQX/lib/twrvf65gs10_m4.gcc_arm/release/bsp/bsp.a(mqx_main.o)
                0x3f00821c                main
 .text.lwgpio_set_direction
                0x3f00822c       0x2e /mnt/hgfs/DBT/M4/MQX/lib/twrvf65gs10_m4.gcc_arm/release/bsp/bsp.a(lwgpio_vgpio.o)
                0x3f00822c                lwgpio_set_direction
 .text.lwgpio_set_value
                0x3f00825a       0x16 /mnt/hgfs/DBT/M4/MQX/lib/twrvf65gs10_m4.gcc_arm/release/bsp/bsp.a(lwgpio_vgpio.o)
                0x3f00825a                lwgpio_set_value
 .text.lwgpio_init
                0x3f008270       0x64 /mnt/hgfs/DBT/M4/MQX/lib/twrvf65gs10_m4.gcc_arm/release/bsp/bsp.a(lwgpio_vgpio.o)
                0x3f008270                lwgpio_init
 .text.flexcan_irq_handler
                0x3f0082d4       0x90 /mnt/hgfs/DBT/M4/MQX/lib/twrvf65gs10_m4.gcc_arm/release/bsp/bsp.a(fsl_flexcan_driver.o)
                0x3f0082d4                flexcan_irq_handler
 .text.flexcan_set_bitrate
                0x3f008364       0x70 /mnt/hgfs/DBT/M4/MQX/lib/twrvf65gs10_m4.gcc_arm/release/bsp/bsp.a(fsl_flexcan_driver.o)
                0x3f008364                flexcan_set_bitrate
 .text.flexcan_get_bitrate
                0x3f0083d4       0x48 /mnt/hgfs/DBT/M4/MQX/lib/twrvf65gs10_m4.gcc_arm/release/bsp/bsp.a(fsl_flexcan_driver.o)
                0x3f0083d4                flexcan_get_bitrate
 .text.flexcan_set_mask_type
                0x3f00841c        0x4 /mnt/hgfs/DBT/M4/MQX/lib/twrvf65gs10_m4.gcc_arm/release/bsp/bsp.a(fsl_flexcan_driver.o)
                0x3f00841c                flexcan_set_mask_type
 .text.flexcan_set_rx_mb_global_mask
                0x3f008420       0x1c /mnt/hgfs/DBT/M4/MQX/lib/twrvf65gs10_m4.gcc_arm/release/bsp/bsp.a(fsl_flexcan_driver.o)
                0x3f008420                flexcan_set_rx_mb_global_mask
 .text.flexcan_init
                0x3f00843c       0x80 /mnt/hgfs/DBT/M4/MQX/lib/twrvf65gs10_m4.gcc_arm/release/bsp/bsp.a(fsl_flexcan_driver.o)
                0x3f00843c                flexcan_init
 .text.flexcan_tx_mb_config
                0x3f0084bc       0x3c /mnt/hgfs/DBT/M4/MQX/lib/twrvf65gs10_m4.gcc_arm/release/bsp/bsp.a(fsl_flexcan_driver.o)
                0x3f0084bc                flexcan_tx_mb_config
 .text.flexcan_send
                0x3f0084f8       0x8c /mnt/hgfs/DBT/M4/MQX/lib/twrvf65gs10_m4.gcc_arm/release/bsp/bsp.a(fsl_flexcan_driver.o)
                0x3f0084f8                flexcan_send
 .text.flexcan_test_receive
                0x3f008584       0x58 /mnt/hgfs/DBT/M4/MQX/lib/twrvf65gs10_m4.gcc_arm/release/bsp/bsp.a(fsl_flexcan_driver.o)
                0x3f008584                flexcan_test_receive
 .text.flexcan_wait_receive
                0x3f0085dc       0x58 /mnt/hgfs/DBT/M4/MQX/lib/twrvf65gs10_m4.gcc_arm/release/bsp/bsp.a(fsl_flexcan_driver.o)
                0x3f0085dc                flexcan_wait_receive
 .text.flexcan_txrx_node
                0x3f008634       0x8c /mnt/hgfs/DBT/M4/MQX/lib/twrvf65gs10_m4.gcc_arm/release/bsp/bsp.a(fsl_flexcan_driver.o)
                0x3f008634                flexcan_txrx_node
 .text.flexcan_rx_mb_config
                0x3f0086c0       0x88 /mnt/hgfs/DBT/M4/MQX/lib/twrvf65gs10_m4.gcc_arm/release/bsp/bsp.a(fsl_flexcan_driver.o)
                0x3f0086c0                flexcan_rx_mb_config
 .text.flexcan_start_wait_errors
                0x3f008748       0x38 /mnt/hgfs/DBT/M4/MQX/lib/twrvf65gs10_m4.gcc_arm/release/bsp/bsp.a(fsl_flexcan_driver.o)
                0x3f008748                flexcan_start_wait_errors
 .text._bsp_int_init.isra.0.constprop.2
                0x3f008780       0x26 /mnt/hgfs/DBT/M4/MQX/lib/twrvf65gs10_m4.gcc_arm/release/bsp/bsp.a(fsl_flexcan_int.o)
 *fill*         0x3f0087a6        0x2 
 .text._bsp_get_flexcan_base_address
                0x3f0087a8       0x18 /mnt/hgfs/DBT/M4/MQX/lib/twrvf65gs10_m4.gcc_arm/release/bsp/bsp.a(fsl_flexcan_int.o)
                0x3f0087a8                _bsp_get_flexcan_base_address
 .text._bsp_get_flexcan_vector
                0x3f0087c0       0x10 /mnt/hgfs/DBT/M4/MQX/lib/twrvf65gs10_m4.gcc_arm/release/bsp/bsp.a(fsl_flexcan_int.o)
                0x3f0087c0                _bsp_get_flexcan_vector
 .text.flexcan_int_enable
                0x3f0087d0       0x38 /mnt/hgfs/DBT/M4/MQX/lib/twrvf65gs10_m4.gcc_arm/release/bsp/bsp.a(fsl_flexcan_int.o)
                0x3f0087d0                flexcan_int_enable
 .text.flexcan_install_isr
                0x3f008808       0x58 /mnt/hgfs/DBT/M4/MQX/lib/twrvf65gs10_m4.gcc_arm/release/bsp/bsp.a(fsl_flexcan_int.o)
                0x3f008808                flexcan_install_isr
 .text.flexcan_hal_sw_reset
                0x3f008860       0x6c /mnt/hgfs/DBT/M4/MQX/lib/twrvf65gs10_m4.gcc_arm/release/bsp/bsp.a(fsl_flexcan_hal.o)
                0x3f008860                flexcan_hal_sw_reset
 .text.flexcan_hal_clear_err_int_flag
                0x3f0088cc       0x28 /mnt/hgfs/DBT/M4/MQX/lib/twrvf65gs10_m4.gcc_arm/release/bsp/bsp.a(fsl_flexcan_hal.o)
                0x3f0088cc                flexcan_hal_clear_err_int_flag
 .text.flexcan_hal_set_time_segments
                0x3f0088f4       0x84 /mnt/hgfs/DBT/M4/MQX/lib/twrvf65gs10_m4.gcc_arm/release/bsp/bsp.a(fsl_flexcan_hal.o)
                0x3f0088f4                flexcan_hal_set_time_segments
 .text.flexcan_hal_get_time_segments
                0x3f008978       0x4c /mnt/hgfs/DBT/M4/MQX/lib/twrvf65gs10_m4.gcc_arm/release/bsp/bsp.a(fsl_flexcan_hal.o)
                0x3f008978                flexcan_hal_get_time_segments
 .text.flexcan_hal_inactive_mb_tx
                0x3f0089c4       0x58 /mnt/hgfs/DBT/M4/MQX/lib/twrvf65gs10_m4.gcc_arm/release/bsp/bsp.a(fsl_flexcan_hal.o)
                0x3f0089c4                flexcan_hal_inactive_mb_tx
 .text.flexcan_hal_set_mb_tx
                0x3f008a1c      0x19c /mnt/hgfs/DBT/M4/MQX/lib/twrvf65gs10_m4.gcc_arm/release/bsp/bsp.a(fsl_flexcan_hal.o)
                0x3f008a1c                flexcan_hal_set_mb_tx
 .text.flexcan_hal_set_mb_rx
                0x3f008bb8       0xc4 /mnt/hgfs/DBT/M4/MQX/lib/twrvf65gs10_m4.gcc_arm/release/bsp/bsp.a(fsl_flexcan_hal.o)
                0x3f008bb8                flexcan_hal_set_mb_rx
 .text.flexcan_hal_get_mb
                0x3f008c7c       0x9c /mnt/hgfs/DBT/M4/MQX/lib/twrvf65gs10_m4.gcc_arm/release/bsp/bsp.a(fsl_flexcan_hal.o)
                0x3f008c7c                flexcan_hal_get_mb
 .text.flexcan_hal_lock_rx_mb
                0x3f008d18       0x34 /mnt/hgfs/DBT/M4/MQX/lib/twrvf65gs10_m4.gcc_arm/release/bsp/bsp.a(fsl_flexcan_hal.o)
                0x3f008d18                flexcan_hal_lock_rx_mb
 .text.flexcan_hal_unlock_rx_mb
                0x3f008d4c       0x20 /mnt/hgfs/DBT/M4/MQX/lib/twrvf65gs10_m4.gcc_arm/release/bsp/bsp.a(fsl_flexcan_hal.o)
                0x3f008d4c                flexcan_hal_unlock_rx_mb
 .text.flexcan_hal_enable_mb_interrupt
                0x3f008d6c       0x58 /mnt/hgfs/DBT/M4/MQX/lib/twrvf65gs10_m4.gcc_arm/release/bsp/bsp.a(fsl_flexcan_hal.o)
                0x3f008d6c                flexcan_hal_enable_mb_interrupt
 .text.flexcan_hal_enable_error_interrupt
                0x3f008dc4       0x28 /mnt/hgfs/DBT/M4/MQX/lib/twrvf65gs10_m4.gcc_arm/release/bsp/bsp.a(fsl_flexcan_hal.o)
                0x3f008dc4                flexcan_hal_enable_error_interrupt
 .text.flexcan_hal_enable_tx_rx_warning_interrupt
                0x3f008dec       0x28 /mnt/hgfs/DBT/M4/MQX/lib/twrvf65gs10_m4.gcc_arm/release/bsp/bsp.a(fsl_flexcan_hal.o)
                0x3f008dec                flexcan_hal_enable_tx_rx_warning_interrupt
 .text.flexcan_hal_get_all_mb_int_flags
                0x3f008e14       0x20 /mnt/hgfs/DBT/M4/MQX/lib/twrvf65gs10_m4.gcc_arm/release/bsp/bsp.a(fsl_flexcan_hal.o)
                0x3f008e14                flexcan_hal_get_all_mb_int_flags
 .text.flexcan_hal_clear_mb_int_flag
                0x3f008e34       0x20 /mnt/hgfs/DBT/M4/MQX/lib/twrvf65gs10_m4.gcc_arm/release/bsp/bsp.a(fsl_flexcan_hal.o)
                0x3f008e34                flexcan_hal_clear_mb_int_flag
 .text.flexcan_hal_get_err_status
                0x3f008e54       0x20 /mnt/hgfs/DBT/M4/MQX/lib/twrvf65gs10_m4.gcc_arm/release/bsp/bsp.a(fsl_flexcan_hal.o)
                0x3f008e54                flexcan_hal_get_err_status
 .text.flexcan_hal_clear_err_interrupt_status
                0x3f008e74       0x30 /mnt/hgfs/DBT/M4/MQX/lib/twrvf65gs10_m4.gcc_arm/release/bsp/bsp.a(fsl_flexcan_hal.o)
                0x3f008e74                flexcan_hal_clear_err_interrupt_status
 .text.flexcan_hal_init
                0x3f008ea4      0x1a8 /mnt/hgfs/DBT/M4/MQX/lib/twrvf65gs10_m4.gcc_arm/release/bsp/bsp.a(fsl_flexcan_hal.o)
                0x3f008ea4                flexcan_hal_init
 .text.flexcan_hal_set_mask_type
                0x3f00904c       0x54 /mnt/hgfs/DBT/M4/MQX/lib/twrvf65gs10_m4.gcc_arm/release/bsp/bsp.a(fsl_flexcan_hal.o)
                0x3f00904c                flexcan_hal_set_mask_type
 .text.flexcan_hal_set_rx_mb_global_std_mask
                0x3f0090a0       0x50 /mnt/hgfs/DBT/M4/MQX/lib/twrvf65gs10_m4.gcc_arm/release/bsp/bsp.a(fsl_flexcan_hal.o)
                0x3f0090a0                flexcan_hal_set_rx_mb_global_std_mask
 .text.flexcan_hal_set_rx_mb_global_ext_mask
                0x3f0090f0       0x48 /mnt/hgfs/DBT/M4/MQX/lib/twrvf65gs10_m4.gcc_arm/release/bsp/bsp.a(fsl_flexcan_hal.o)
                0x3f0090f0                flexcan_hal_set_rx_mb_global_ext_mask
 .text.flexcan_hal_enable_operation_mode
                0x3f009138       0xa0 /mnt/hgfs/DBT/M4/MQX/lib/twrvf65gs10_m4.gcc_arm/release/bsp/bsp.a(fsl_flexcan_hal.o)
                0x3f009138                flexcan_hal_enable_operation_mode
 .text._bsp_serial_io_init
                0x3f0091d8       0x78 /mnt/hgfs/DBT/M4/MQX/lib/twrvf65gs10_m4.gcc_arm/release/bsp/bsp.a(init_gpio.o)
                0x3f0091d8                _bsp_serial_io_init
 .text._bsp_dspi_io_init
                0x3f009250       0x40 /mnt/hgfs/DBT/M4/MQX/lib/twrvf65gs10_m4.gcc_arm/release/bsp/bsp.a(init_gpio.o)
                0x3f009250                _bsp_dspi_io_init
 .text._bsp_esdhc_io_init
                0x3f009290       0x48 /mnt/hgfs/DBT/M4/MQX/lib/twrvf65gs10_m4.gcc_arm/release/bsp/bsp.a(init_gpio.o)
                0x3f009290                _bsp_esdhc_io_init
 .text._bsp_flexcan_io_init
                0x3f0092d8       0x60 /mnt/hgfs/DBT/M4/MQX/lib/twrvf65gs10_m4.gcc_arm/release/bsp/bsp.a(init_gpio.o)
                0x3f0092d8                _bsp_flexcan_io_init
 .text._bsp_i2c_io_init
                0x3f009338       0x6c /mnt/hgfs/DBT/M4/MQX/lib/twrvf65gs10_m4.gcc_arm/release/bsp/bsp.a(init_gpio.o)
                0x3f009338                _bsp_i2c_io_init
 .text._bsp_sai_io_init
                0x3f0093a4       0x68 /mnt/hgfs/DBT/M4/MQX/lib/twrvf65gs10_m4.gcc_arm/release/bsp/bsp.a(init_gpio.o)
                0x3f0093a4                _bsp_sai_io_init
 .text._bsp_gpio_io_init
                0x3f00940c        0x4 /mnt/hgfs/DBT/M4/MQX/lib/twrvf65gs10_m4.gcc_arm/release/bsp/bsp.a(init_gpio.o)
                0x3f00940c                _bsp_gpio_io_init
 .text._bsp_serial_rts_init
                0x3f009410        0x4 /mnt/hgfs/DBT/M4/MQX/lib/twrvf65gs10_m4.gcc_arm/release/bsp/bsp.a(init_gpio.o)
                0x3f009410                _bsp_serial_rts_init
 .text._io_printf
                0x3f009414       0x30 /mnt/hgfs/DBT/M4/MQX/lib/twrvf65gs10_m4.gcc_arm/release/psp/psp.a(io_pntf.o)
                0x3f009414                _io_printf
 .text._task_stop_preemption
                0x3f009444       0x20 /mnt/hgfs/DBT/M4/MQX/lib/twrvf65gs10_m4.gcc_arm/release/psp/psp.a(task.o)
                0x3f009444                _task_stop_preemption
 .text._task_get_error
                0x3f009464       0x18 /mnt/hgfs/DBT/M4/MQX/lib/twrvf65gs10_m4.gcc_arm/release/psp/psp.a(task.o)
                0x3f009464                _task_get_error
 .text._task_get_td
                0x3f00947c       0x50 /mnt/hgfs/DBT/M4/MQX/lib/twrvf65gs10_m4.gcc_arm/release/psp/psp.a(task.o)
                0x3f00947c                _task_get_td
 .text._task_destroy_internal
                0x3f0094cc      0x20c /mnt/hgfs/DBT/M4/MQX/lib/twrvf65gs10_m4.gcc_arm/release/psp/psp.a(task.o)
                0x3f0094cc                _task_destroy_internal
 .text._task_destroy
                0x3f0096d8        0x6 /mnt/hgfs/DBT/M4/MQX/lib/twrvf65gs10_m4.gcc_arm/release/psp/psp.a(task.o)
                0x3f0096d8                _task_destroy
 *fill*         0x3f0096de        0x2 
 .text._task_exit_function_internal
                0x3f0096e0       0x20 /mnt/hgfs/DBT/M4/MQX/lib/twrvf65gs10_m4.gcc_arm/release/psp/psp.a(task.o)
                0x3f0096e0                _task_exit_function_internal
 .text._task_set_error
                0x3f009700       0x2c /mnt/hgfs/DBT/M4/MQX/lib/twrvf65gs10_m4.gcc_arm/release/psp/psp.a(task.o)
                0x3f009700                _task_set_error
 .text._task_fill_stack_internal
                0x3f00972c       0x18 /mnt/hgfs/DBT/M4/MQX/lib/twrvf65gs10_m4.gcc_arm/release/psp/psp.a(task.o)
                0x3f00972c                _task_fill_stack_internal
 .text._task_ready_internal
                0x3f009744       0x28 /mnt/hgfs/DBT/M4/MQX/lib/twrvf65gs10_m4.gcc_arm/release/psp/psp.a(task.o)
                0x3f009744                _task_ready_internal
 .text._task_sync_priority_internal
                0x3f00976c        0x2 /mnt/hgfs/DBT/M4/MQX/lib/twrvf65gs10_m4.gcc_arm/release/psp/psp.a(task.o)
                0x3f00976c                _task_sync_priority_internal
 *fill*         0x3f00976e        0x2 
 .text._task_alloc_td_internal
                0x3f009770       0xb8 /mnt/hgfs/DBT/M4/MQX/lib/twrvf65gs10_m4.gcc_arm/release/psp/psp.a(task.o)
                0x3f009770                _task_alloc_td_internal
 .text._task_init_internal
                0x3f009828      0x15c /mnt/hgfs/DBT/M4/MQX/lib/twrvf65gs10_m4.gcc_arm/release/psp/psp.a(task.o)
                0x3f009828                _task_init_internal
 .text._task_build_internal
                0x3f009984       0x64 /mnt/hgfs/DBT/M4/MQX/lib/twrvf65gs10_m4.gcc_arm/release/psp/psp.a(task.o)
                0x3f009984                _task_build_internal
 .text._task_create_internal
                0x3f0099e8       0xb4 /mnt/hgfs/DBT/M4/MQX/lib/twrvf65gs10_m4.gcc_arm/release/psp/psp.a(task.o)
                0x3f0099e8                _task_create_internal
 .text._task_create
                0x3f009a9c        0x6 /mnt/hgfs/DBT/M4/MQX/lib/twrvf65gs10_m4.gcc_arm/release/psp/psp.a(task.o)
                0x3f009a9c                _task_create
 .text._task_set_error_td_internal
                0x3f009aa2        0xc /mnt/hgfs/DBT/M4/MQX/lib/twrvf65gs10_m4.gcc_arm/release/psp/psp.a(task.o)
                0x3f009aa2                _task_set_error_td_internal
 .text._psp_destroy_stack_frame
                0x3f009aae        0x2 /mnt/hgfs/DBT/M4/MQX/lib/twrvf65gs10_m4.gcc_arm/release/psp/psp.a(stack_de.o)
                0x3f009aae                _psp_destroy_stack_frame
 .text._lwevent_create_internal
                0x3f009ab0       0x70 /mnt/hgfs/DBT/M4/MQX/lib/twrvf65gs10_m4.gcc_arm/release/psp/psp.a(lwevent.o)
                0x3f009ab0                _lwevent_create_internal
 .text._lwevent_create
                0x3f009b20        0x6 /mnt/hgfs/DBT/M4/MQX/lib/twrvf65gs10_m4.gcc_arm/release/psp/psp.a(lwevent.o)
                0x3f009b20                _lwevent_create
 *fill*         0x3f009b26        0x2 
 .text._lwevent_destroy_internal
                0x3f009b28       0x94 /mnt/hgfs/DBT/M4/MQX/lib/twrvf65gs10_m4.gcc_arm/release/psp/psp.a(lwevent.o)
                0x3f009b28                _lwevent_destroy_internal
 .text._lwevent_destroy
                0x3f009bbc        0x6 /mnt/hgfs/DBT/M4/MQX/lib/twrvf65gs10_m4.gcc_arm/release/psp/psp.a(lwevent.o)
                0x3f009bbc                _lwevent_destroy
 *fill*         0x3f009bc2        0x2 
 .text._lwevent_clear
                0x3f009bc4       0x30 /mnt/hgfs/DBT/M4/MQX/lib/twrvf65gs10_m4.gcc_arm/release/psp/psp.a(lwevent.o)
                0x3f009bc4                _lwevent_clear
 .text._lwevent_get_signalled
                0x3f009bf4       0x10 /mnt/hgfs/DBT/M4/MQX/lib/twrvf65gs10_m4.gcc_arm/release/psp/psp.a(lwevent.o)
                0x3f009bf4                _lwevent_get_signalled
 .text._lwevent_set
                0x3f009c04       0xc8 /mnt/hgfs/DBT/M4/MQX/lib/twrvf65gs10_m4.gcc_arm/release/psp/psp.a(lwevent.o)
                0x3f009c04                _lwevent_set
 .text._lwevent_wait_internal
                0x3f009ccc       0xd4 /mnt/hgfs/DBT/M4/MQX/lib/twrvf65gs10_m4.gcc_arm/release/psp/psp.a(lwevent.o)
                0x3f009ccc                _lwevent_wait_internal
 .text._lwevent_wait_for
                0x3f009da0        0xe /mnt/hgfs/DBT/M4/MQX/lib/twrvf65gs10_m4.gcc_arm/release/psp/psp.a(lwevent.o)
                0x3f009da0                _lwevent_wait_for
 .text._lwevent_wait_until
                0x3f009dae        0xe /mnt/hgfs/DBT/M4/MQX/lib/twrvf65gs10_m4.gcc_arm/release/psp/psp.a(lwevent.o)
                0x3f009dae                _lwevent_wait_until
 .text._lwevent_wait_ticks
                0x3f009dbc       0x44 /mnt/hgfs/DBT/M4/MQX/lib/twrvf65gs10_m4.gcc_arm/release/psp/psp.a(lwevent.o)
                0x3f009dbc                _lwevent_wait_ticks
 .text._io_get_handle
                0x3f009e00       0x40 /mnt/hgfs/DBT/M4/MQX/lib/twrvf65gs10_m4.gcc_arm/release/psp/psp.a(io_ghand.o)
                0x3f009e00                _io_get_handle
 .text._sched_yield
                0x3f009e40       0x2c /mnt/hgfs/DBT/M4/MQX/lib/twrvf65gs10_m4.gcc_arm/release/psp/psp.a(sched.o)
                0x3f009e40                _sched_yield
 .text._sched_insert_priorityq_internal
                0x3f009e6c       0x2e /mnt/hgfs/DBT/M4/MQX/lib/twrvf65gs10_m4.gcc_arm/release/psp/psp.a(sched.o)
                0x3f009e6c                _sched_insert_priorityq_internal
 .text._sched_get_max_priority_on_q_internal
                0x3f009e9a       0x1e /mnt/hgfs/DBT/M4/MQX/lib/twrvf65gs10_m4.gcc_arm/release/psp/psp.a(sched.o)
                0x3f009e9a                _sched_get_max_priority_on_q_internal
 .text._sched_set_priority_internal
                0x3f009eb8       0x58 /mnt/hgfs/DBT/M4/MQX/lib/twrvf65gs10_m4.gcc_arm/release/psp/psp.a(sched.o)
                0x3f009eb8                _sched_set_priority_internal
 .text._sched_boost_priority_internal
                0x3f009f10       0x1c /mnt/hgfs/DBT/M4/MQX/lib/twrvf65gs10_m4.gcc_arm/release/psp/psp.a(sched.o)
                0x3f009f10                _sched_boost_priority_internal
 .text._sched_unboost_priority_internal
                0x3f009f2c       0x30 /mnt/hgfs/DBT/M4/MQX/lib/twrvf65gs10_m4.gcc_arm/release/psp/psp.a(sched.o)
                0x3f009f2c                _sched_unboost_priority_internal
 .text._io_fflush
                0x3f009f5c       0x2e /mnt/hgfs/DBT/M4/MQX/lib/twrvf65gs10_m4.gcc_arm/release/psp/psp.a(io_fflsh.o)
                0x3f009f5c                _io_fflush
 .text._io_mputc
                0x3f009f8a       0x32 /mnt/hgfs/DBT/M4/MQX/lib/twrvf65gs10_m4.gcc_arm/release/psp/psp.a(io_dopr.o)
 .text._io_putstr
                0x3f009fbc       0x34 /mnt/hgfs/DBT/M4/MQX/lib/twrvf65gs10_m4.gcc_arm/release/psp/psp.a(io_dopr.o)
 .text._io_doprint_prt
                0x3f009ff0       0x98 /mnt/hgfs/DBT/M4/MQX/lib/twrvf65gs10_m4.gcc_arm/release/psp/psp.a(io_dopr.o)
                0x3f009ff0                _io_doprint_prt
 .text._io_doprint_prt64
                0x3f00a088       0xf4 /mnt/hgfs/DBT/M4/MQX/lib/twrvf65gs10_m4.gcc_arm/release/psp/psp.a(io_dopr.o)
                0x3f00a088                _io_doprint_prt64
 *fill*         0x3f00a17c        0x4 
 .text._io_doprint
                0x3f00a180      0x9c8 /mnt/hgfs/DBT/M4/MQX/lib/twrvf65gs10_m4.gcc_arm/release/psp/psp.a(io_dopr.o)
                0x3f00a180                _io_doprint
 .text._psp_core_num
                0x3f00ab48       0x10 /mnt/hgfs/DBT/M4/MQX/lib/twrvf65gs10_m4.gcc_arm/release/psp/psp.a(cortex.o)
                0x3f00ab48                _psp_core_num
 .text._taskq_create
                0x3f00ab58       0x70 /mnt/hgfs/DBT/M4/MQX/lib/twrvf65gs10_m4.gcc_arm/release/psp/psp.a(taskq.o)
                0x3f00ab58                _taskq_create
 .text._taskq_destroy
                0x3f00abc8       0x78 /mnt/hgfs/DBT/M4/MQX/lib/twrvf65gs10_m4.gcc_arm/release/psp/psp.a(taskq.o)
                0x3f00abc8                _taskq_destroy
 .text._taskq_suspend
                0x3f00ac40       0x68 /mnt/hgfs/DBT/M4/MQX/lib/twrvf65gs10_m4.gcc_arm/release/psp/psp.a(taskq.o)
                0x3f00ac40                _taskq_suspend
 .text._taskq_resume
                0x3f00aca8       0x5c /mnt/hgfs/DBT/M4/MQX/lib/twrvf65gs10_m4.gcc_arm/release/psp/psp.a(taskq.o)
                0x3f00aca8                _taskq_resume
 .text._taskq_get_value
                0x3f00ad04       0x24 /mnt/hgfs/DBT/M4/MQX/lib/twrvf65gs10_m4.gcc_arm/release/psp/psp.a(taskq.o)
                0x3f00ad04                _taskq_get_value
 .text._mqx_exit
                0x3f00ad28        0x8 /mnt/hgfs/DBT/M4/MQX/lib/twrvf65gs10_m4.gcc_arm/release/psp/psp.a(mqx.o)
                0x3f00ad28                _mqx_exit
 .text._mqx_set_cpu_type
                0x3f00ad30        0xc /mnt/hgfs/DBT/M4/MQX/lib/twrvf65gs10_m4.gcc_arm/release/psp/psp.a(mqx.o)
                0x3f00ad30                _mqx_set_cpu_type
 .text._mqx_init_kernel_data_internal
                0x3f00ad3c      0x110 /mnt/hgfs/DBT/M4/MQX/lib/twrvf65gs10_m4.gcc_arm/release/psp/psp.a(mqx.o)
                0x3f00ad3c                _mqx_init_kernel_data_internal
 .text._mqx     0x3f00ae4c      0x14c /mnt/hgfs/DBT/M4/MQX/lib/twrvf65gs10_m4.gcc_arm/release/psp/psp.a(mqx.o)
                0x3f00ae4c                _mqx
 .text._lwsem_create_internal
                0x3f00af98       0x54 /mnt/hgfs/DBT/M4/MQX/lib/twrvf65gs10_m4.gcc_arm/release/psp/psp.a(lwsem.o)
                0x3f00af98                _lwsem_create_internal
 .text._lwsem_create
                0x3f00afec        0x8 /mnt/hgfs/DBT/M4/MQX/lib/twrvf65gs10_m4.gcc_arm/release/psp/psp.a(lwsem.o)
                0x3f00afec                _lwsem_create
 .text._lwsem_destroy_internal
                0x3f00aff4       0xa0 /mnt/hgfs/DBT/M4/MQX/lib/twrvf65gs10_m4.gcc_arm/release/psp/psp.a(lwsem.o)
                0x3f00aff4                _lwsem_destroy_internal
 .text._lwsem_destroy
                0x3f00b094        0x6 /mnt/hgfs/DBT/M4/MQX/lib/twrvf65gs10_m4.gcc_arm/release/psp/psp.a(lwsem.o)
                0x3f00b094                _lwsem_destroy
 *fill*         0x3f00b09a        0x2 
 .text._lwsem_poll
                0x3f00b09c       0x30 /mnt/hgfs/DBT/M4/MQX/lib/twrvf65gs10_m4.gcc_arm/release/psp/psp.a(lwsem.o)
                0x3f00b09c                _lwsem_poll
 .text._lwsem_post
                0x3f00b0cc       0x80 /mnt/hgfs/DBT/M4/MQX/lib/twrvf65gs10_m4.gcc_arm/release/psp/psp.a(lwsem.o)
                0x3f00b0cc                _lwsem_post
 .text._lwsem_wait
                0x3f00b14c       0x6c /mnt/hgfs/DBT/M4/MQX/lib/twrvf65gs10_m4.gcc_arm/release/psp/psp.a(lwsem.o)
                0x3f00b14c                _lwsem_wait
 .text._queue_init
                0x3f00b1b8        0xc /mnt/hgfs/DBT/M4/MQX/lib/twrvf65gs10_m4.gcc_arm/release/psp/psp.a(queue.o)
                0x3f00b1b8                _queue_init
 .text._queue_enqueue
                0x3f00b1c4       0x3a /mnt/hgfs/DBT/M4/MQX/lib/twrvf65gs10_m4.gcc_arm/release/psp/psp.a(queue.o)
                0x3f00b1c4                _queue_enqueue
 .text._queue_dequeue
                0x3f00b1fe       0x24 /mnt/hgfs/DBT/M4/MQX/lib/twrvf65gs10_m4.gcc_arm/release/psp/psp.a(queue.o)
                0x3f00b1fe                _queue_dequeue
 .text._queue_insert
                0x3f00b222       0x3c /mnt/hgfs/DBT/M4/MQX/lib/twrvf65gs10_m4.gcc_arm/release/psp/psp.a(queue.o)
                0x3f00b222                _queue_insert
 *fill*         0x3f00b25e        0x2 
 .text._psp_set_kernel_disable_level
                0x3f00b260       0x4c /mnt/hgfs/DBT/M4/MQX/lib/twrvf65gs10_m4.gcc_arm/release/psp/psp.a(sc_irdyq.o)
                0x3f00b260                _psp_set_kernel_disable_level
 .text._psp_init_readyqs
                0x3f00b2ac       0x70 /mnt/hgfs/DBT/M4/MQX/lib/twrvf65gs10_m4.gcc_arm/release/psp/psp.a(sc_irdyq.o)
                0x3f00b2ac                _psp_init_readyqs
 .text._io_ioctl
                0x3f00b31c       0x30 /mnt/hgfs/DBT/M4/MQX/lib/twrvf65gs10_m4.gcc_arm/release/psp/psp.a(io_ioctl.o)
                0x3f00b31c                _io_ioctl
 .text._mem_create_pool_internal
                0x3f00b34c       0xbc /mnt/hgfs/DBT/M4/MQX/lib/twrvf65gs10_m4.gcc_arm/release/psp/psp.a(mem.o)
                0x3f00b34c                _mem_create_pool_internal
 .text._mem_create_pool
                0x3f00b408       0x3a /mnt/hgfs/DBT/M4/MQX/lib/twrvf65gs10_m4.gcc_arm/release/psp/psp.a(mem.o)
                0x3f00b408                _mem_create_pool
 *fill*         0x3f00b442        0x2 
 .text._mem_extend_pool_internal
                0x3f00b444       0xc4 /mnt/hgfs/DBT/M4/MQX/lib/twrvf65gs10_m4.gcc_arm/release/psp/psp.a(mem.o)
                0x3f00b444                _mem_extend_pool_internal
 .text._mem_extend
                0x3f00b508       0x10 /mnt/hgfs/DBT/M4/MQX/lib/twrvf65gs10_m4.gcc_arm/release/psp/psp.a(mem.o)
                0x3f00b508                _mem_extend
 .text._mem_check_coalesce_internal
                0x3f00b518       0xdc /mnt/hgfs/DBT/M4/MQX/lib/twrvf65gs10_m4.gcc_arm/release/psp/psp.a(mem.o)
                0x3f00b518                _mem_check_coalesce_internal
 .text._mem_free
                0x3f00b5f4      0x174 /mnt/hgfs/DBT/M4/MQX/lib/twrvf65gs10_m4.gcc_arm/release/psp/psp.a(mem.o)
                0x3f00b5f4                _mem_free
 .text._mem_init_internal
                0x3f00b768       0x6c /mnt/hgfs/DBT/M4/MQX/lib/twrvf65gs10_m4.gcc_arm/release/psp/psp.a(mem.o)
                0x3f00b768                _mem_init_internal
 .text._mem_get_next_block_internal
                0x3f00b7d4        0xc /mnt/hgfs/DBT/M4/MQX/lib/twrvf65gs10_m4.gcc_arm/release/psp/psp.a(mem.o)
                0x3f00b7d4                _mem_get_next_block_internal
 .text._mem_set_type
                0x3f00b7e0       0x30 /mnt/hgfs/DBT/M4/MQX/lib/twrvf65gs10_m4.gcc_arm/release/psp/psp.a(mem.o)
                0x3f00b7e0                _mem_set_type
 .text._mem_transfer_internal
                0x3f00b810       0x28 /mnt/hgfs/DBT/M4/MQX/lib/twrvf65gs10_m4.gcc_arm/release/psp/psp.a(mem.o)
                0x3f00b810                _mem_transfer_internal
 .text._mem_alloc_internal
                0x3f00b838      0x18c /mnt/hgfs/DBT/M4/MQX/lib/twrvf65gs10_m4.gcc_arm/release/psp/psp.a(mem.o)
                0x3f00b838                _mem_alloc_internal
 .text._mem_alloc
                0x3f00b9c4       0x3c /mnt/hgfs/DBT/M4/MQX/lib/twrvf65gs10_m4.gcc_arm/release/psp/psp.a(mem.o)
                0x3f00b9c4                _mem_alloc
 .text._mem_alloc_zero
                0x3f00ba00       0x48 /mnt/hgfs/DBT/M4/MQX/lib/twrvf65gs10_m4.gcc_arm/release/psp/psp.a(mem.o)
                0x3f00ba00                _mem_alloc_zero
 .text._mem_alloc_system
                0x3f00ba48       0x3c /mnt/hgfs/DBT/M4/MQX/lib/twrvf65gs10_m4.gcc_arm/release/psp/psp.a(mem.o)
                0x3f00ba48                _mem_alloc_system
 .text._mem_alloc_system_zero
                0x3f00ba84       0x48 /mnt/hgfs/DBT/M4/MQX/lib/twrvf65gs10_m4.gcc_arm/release/psp/psp.a(mem.o)
                0x3f00ba84                _mem_alloc_system_zero
 .text._mem_alloc_system_zero_uncached
                0x3f00bacc       0x48 /mnt/hgfs/DBT/M4/MQX/lib/twrvf65gs10_m4.gcc_arm/release/psp/psp.a(mem.o)
                0x3f00bacc                _mem_alloc_system_zero_uncached
 .text._mem_alloc_internal_align
                0x3f00bb14      0x1ba /mnt/hgfs/DBT/M4/MQX/lib/twrvf65gs10_m4.gcc_arm/release/psp/psp.a(mem.o)
                0x3f00bb14                _mem_alloc_internal_align
 *fill*         0x3f00bcce        0x2 
 .text._mem_alloc_system_align
                0x3f00bcd0       0x44 /mnt/hgfs/DBT/M4/MQX/lib/twrvf65gs10_m4.gcc_arm/release/psp/psp.a(mem.o)
                0x3f00bcd0                _mem_alloc_system_align
 .text._time_add_msec_to_ticks
                0x3f00bd14       0x1e /mnt/hgfs/DBT/M4/MQX/lib/twrvf65gs10_m4.gcc_arm/release/psp/psp.a(time.o)
                0x3f00bd14                _time_add_msec_to_ticks
 .text._time_add_usec_to_ticks
                0x3f00bd32       0x1e /mnt/hgfs/DBT/M4/MQX/lib/twrvf65gs10_m4.gcc_arm/release/psp/psp.a(time.o)
                0x3f00bd32                _time_add_usec_to_ticks
 .text._time_delay_internal
                0x3f00bd50       0x7c /mnt/hgfs/DBT/M4/MQX/lib/twrvf65gs10_m4.gcc_arm/release/psp/psp.a(time.o)
                0x3f00bd50                _time_delay_internal
 .text._time_delay
                0x3f00bdcc       0x50 /mnt/hgfs/DBT/M4/MQX/lib/twrvf65gs10_m4.gcc_arm/release/psp/psp.a(time.o)
                0x3f00bdcc                _time_delay
 .text._time_delay_for
                0x3f00be1c       0x3c /mnt/hgfs/DBT/M4/MQX/lib/twrvf65gs10_m4.gcc_arm/release/psp/psp.a(time.o)
                0x3f00be1c                _time_delay_for
 .text._time_delay_until
                0x3f00be58       0x34 /mnt/hgfs/DBT/M4/MQX/lib/twrvf65gs10_m4.gcc_arm/release/psp/psp.a(time.o)
                0x3f00be58                _time_delay_until
 .text._time_diff_ticks
                0x3f00be8c       0x14 /mnt/hgfs/DBT/M4/MQX/lib/twrvf65gs10_m4.gcc_arm/release/psp/psp.a(time.o)
                0x3f00be8c                _time_diff_ticks
 .text._time_diff_milliseconds
                0x3f00bea0       0x16 /mnt/hgfs/DBT/M4/MQX/lib/twrvf65gs10_m4.gcc_arm/release/psp/psp.a(time.o)
                0x3f00bea0                _time_diff_milliseconds
 *fill*         0x3f00beb6        0x2 
 .text._time_get_ticks
                0x3f00beb8       0x48 /mnt/hgfs/DBT/M4/MQX/lib/twrvf65gs10_m4.gcc_arm/release/psp/psp.a(time.o)
                0x3f00beb8                _time_get_ticks
 .text._time_init_ticks
                0x3f00bf00       0x38 /mnt/hgfs/DBT/M4/MQX/lib/twrvf65gs10_m4.gcc_arm/release/psp/psp.a(time.o)
                0x3f00bf00                _time_init_ticks
 .text._time_notify_kernel
                0x3f00bf38       0xbc /mnt/hgfs/DBT/M4/MQX/lib/twrvf65gs10_m4.gcc_arm/release/psp/psp.a(time.o)
                0x3f00bf38                _time_notify_kernel
 .text._time_set_ticks_per_sec
                0x3f00bff4       0x10 /mnt/hgfs/DBT/M4/MQX/lib/twrvf65gs10_m4.gcc_arm/release/psp/psp.a(time.o)
                0x3f00bff4                _time_set_ticks_per_sec
 .text._time_set_hwtick_function
                0x3f00c004       0x14 /mnt/hgfs/DBT/M4/MQX/lib/twrvf65gs10_m4.gcc_arm/release/psp/psp.a(time.o)
                0x3f00c004                _time_set_hwtick_function
 .text._time_set_hwticks_per_tick
                0x3f00c018       0x10 /mnt/hgfs/DBT/M4/MQX/lib/twrvf65gs10_m4.gcc_arm/release/psp/psp.a(time.o)
                0x3f00c018                _time_set_hwticks_per_tick
 .text._time_to_ticks
                0x3f00c028       0x28 /mnt/hgfs/DBT/M4/MQX/lib/twrvf65gs10_m4.gcc_arm/release/psp/psp.a(time.o)
                0x3f00c028                _time_to_ticks
 .text._psp_normalize_ticks
                0x3f00c050       0x30 /mnt/hgfs/DBT/M4/MQX/lib/twrvf65gs10_m4.gcc_arm/release/psp/psp.a(psp_tinm.o)
                0x3f00c050                _psp_normalize_ticks
 .text._io_read
                0x3f00c080       0x56 /mnt/hgfs/DBT/M4/MQX/lib/twrvf65gs10_m4.gcc_arm/release/psp/psp.a(io_read.o)
                0x3f00c080                _io_read
 .text._psp_add_element_to_array
                0x3f00c0d6       0x30 /mnt/hgfs/DBT/M4/MQX/lib/twrvf65gs10_m4.gcc_arm/release/psp/psp.a(psp_mat3.o)
                0x3f00c0d6                _psp_add_element_to_array
 *fill*         0x3f00c106        0x2 
 .text._io_fopen
                0x3f00c108       0x94 /mnt/hgfs/DBT/M4/MQX/lib/twrvf65gs10_m4.gcc_arm/release/psp/psp.a(io_fopen.o)
                0x3f00c108                _io_fopen
 .text._int_disable
                0x3f00c19c       0x1c /mnt/hgfs/DBT/M4/MQX/lib/twrvf65gs10_m4.gcc_arm/release/psp/psp.a(int.o)
                0x3f00c19c                _int_disable
 .text._int_enable
                0x3f00c1b8       0x2c /mnt/hgfs/DBT/M4/MQX/lib/twrvf65gs10_m4.gcc_arm/release/psp/psp.a(int.o)
                0x3f00c1b8                _int_enable
 .text._int_default_isr
                0x3f00c1e4       0x38 /mnt/hgfs/DBT/M4/MQX/lib/twrvf65gs10_m4.gcc_arm/release/psp/psp.a(int.o)
                0x3f00c1e4                _int_default_isr
 .text._int_get_default_isr
                0x3f00c21c        0xc /mnt/hgfs/DBT/M4/MQX/lib/twrvf65gs10_m4.gcc_arm/release/psp/psp.a(int.o)
                0x3f00c21c                _int_get_default_isr
 .text._int_get_exception_handler
                0x3f00c228        0x4 /mnt/hgfs/DBT/M4/MQX/lib/twrvf65gs10_m4.gcc_arm/release/psp/psp.a(int.o)
                0x3f00c228                _int_get_exception_handler
 .text._int_get_isr_data
                0x3f00c22c       0x50 /mnt/hgfs/DBT/M4/MQX/lib/twrvf65gs10_m4.gcc_arm/release/psp/psp.a(int.o)
                0x3f00c22c                _int_get_isr_data
 .text._int_install_isr
                0x3f00c27c       0x9c /mnt/hgfs/DBT/M4/MQX/lib/twrvf65gs10_m4.gcc_arm/release/psp/psp.a(int.o)
                0x3f00c27c                _int_install_isr
 .text._int_init
                0x3f00c318       0x78 /mnt/hgfs/DBT/M4/MQX/lib/twrvf65gs10_m4.gcc_arm/release/psp/psp.a(int.o)
                0x3f00c318                _int_init
 .text._psp_subtract_ticks
                0x3f00c390       0x3c /mnt/hgfs/DBT/M4/MQX/lib/twrvf65gs10_m4.gcc_arm/release/psp/psp.a(psp_tisu.o)
                0x3f00c390                _psp_subtract_ticks
 .text._psp_mul_128_by_32
                0x3f00c3cc       0x98 /mnt/hgfs/DBT/M4/MQX/lib/twrvf65gs10_m4.gcc_arm/release/psp/psp.a(psp_mat1.o)
                0x3f00c3cc                _psp_mul_128_by_32
 .text._nvic_int_enable
                0x3f00c464       0x24 /mnt/hgfs/DBT/M4/MQX/lib/twrvf65gs10_m4.gcc_arm/release/psp/psp.a(nvic.o)
                0x3f00c464                _nvic_int_enable
 .text._nvic_int_disable
                0x3f00c488       0x28 /mnt/hgfs/DBT/M4/MQX/lib/twrvf65gs10_m4.gcc_arm/release/psp/psp.a(nvic.o)
                0x3f00c488                _nvic_int_disable
 .text._nvic_int_init
                0x3f00c4b0       0x4e /mnt/hgfs/DBT/M4/MQX/lib/twrvf65gs10_m4.gcc_arm/release/psp/psp.a(nvic.o)
                0x3f00c4b0                _nvic_int_init
 .text._io_fputc
                0x3f00c4fe       0x2c /mnt/hgfs/DBT/M4/MQX/lib/twrvf65gs10_m4.gcc_arm/release/psp/psp.a(io_fputc.o)
                0x3f00c4fe                _io_fputc
 .text._psp_time_to_ticks
                0x3f00c52a       0x26 /mnt/hgfs/DBT/M4/MQX/lib/twrvf65gs10_m4.gcc_arm/release/psp/psp.a(psp_tiol.o)
                0x3f00c52a                _psp_time_to_ticks
 .text._psp_build_float_context
                0x3f00c550       0x32 /mnt/hgfs/DBT/M4/MQX/lib/twrvf65gs10_m4.gcc_arm/release/psp/psp.a(stack_bu.o)
                0x3f00c550                _psp_build_float_context
 *fill*         0x3f00c582        0x2 
 .text._psp_build_stack_frame
                0x3f00c584       0x7c /mnt/hgfs/DBT/M4/MQX/lib/twrvf65gs10_m4.gcc_arm/release/psp/psp.a(stack_bu.o)
                0x3f00c584                _psp_build_stack_frame
 .text._io_write
                0x3f00c600       0x1a /mnt/hgfs/DBT/M4/MQX/lib/twrvf65gs10_m4.gcc_arm/release/psp/psp.a(io_write.o)
                0x3f00c600                _io_write
 .text._init    0x3f00c61a        0x2 /mnt/hgfs/DBT/M4/MQX/lib/twrvf65gs10_m4.gcc_arm/release/psp/psp.a(comp.o)
                0x3f00c61a                _init
 .text._fini    0x3f00c61c        0x2 /mnt/hgfs/DBT/M4/MQX/lib/twrvf65gs10_m4.gcc_arm/release/psp/psp.a(comp.o)
                0x3f00c61c                _fini
 .text.malloc   0x3f00c61e        0x4 /mnt/hgfs/DBT/M4/MQX/lib/twrvf65gs10_m4.gcc_arm/release/psp/psp.a(comp.o)
                0x3f00c61e                malloc
 .text.free     0x3f00c622        0x4 /mnt/hgfs/DBT/M4/MQX/lib/twrvf65gs10_m4.gcc_arm/release/psp/psp.a(comp.o)
                0x3f00c622                free
 *fill*         0x3f00c626        0x2 
 .text.data_startup
                0x3f00c628       0x58 /mnt/hgfs/DBT/M4/MQX/lib/twrvf65gs10_m4.gcc_arm/release/psp/psp.a(comp.o)
                0x3f00c628                data_startup
 .text.toolchain_startup
                0x3f00c680       0x20 /mnt/hgfs/DBT/M4/MQX/lib/twrvf65gs10_m4.gcc_arm/release/psp/psp.a(comp.o)
                0x3f00c680                toolchain_startup
 .text._exit    0x3f00c6a0        0x4 /mnt/hgfs/DBT/M4/MQX/lib/twrvf65gs10_m4.gcc_arm/release/psp/psp.a(comp.o)
                0x3f00c6a0                _exit
 .text._psp_usecs_to_ticks
                0x3f00c6a4       0x5c /mnt/hgfs/DBT/M4/MQX/lib/twrvf65gs10_m4.gcc_arm/release/psp/psp.a(psp_usti.o)
                0x3f00c6a4                _psp_usecs_to_ticks
 .text._mutatr_init
                0x3f00c700       0x20 /mnt/hgfs/DBT/M4/MQX/lib/twrvf65gs10_m4.gcc_arm/release/psp/psp.a(mutex.o)
                0x3f00c700                _mutatr_init
 .text._mutex_create_component
                0x3f00c720       0x60 /mnt/hgfs/DBT/M4/MQX/lib/twrvf65gs10_m4.gcc_arm/release/psp/psp.a(mutex.o)
                0x3f00c720                _mutex_create_component
 .text._mutex_init
                0x3f00c780       0xa0 /mnt/hgfs/DBT/M4/MQX/lib/twrvf65gs10_m4.gcc_arm/release/psp/psp.a(mutex.o)
                0x3f00c780                _mutex_init
 .text._mutex_lock
                0x3f00c820      0x114 /mnt/hgfs/DBT/M4/MQX/lib/twrvf65gs10_m4.gcc_arm/release/psp/psp.a(mutex.o)
                0x3f00c820                _mutex_lock
 .text._mutex_unlock
                0x3f00c934       0x9c /mnt/hgfs/DBT/M4/MQX/lib/twrvf65gs10_m4.gcc_arm/release/psp/psp.a(mutex.o)
                0x3f00c934                _mutex_unlock
 .text._mutex_cleanup
                0x3f00c9d0       0x4c /mnt/hgfs/DBT/M4/MQX/lib/twrvf65gs10_m4.gcc_arm/release/psp/psp.a(mutex.o)
                0x3f00c9d0                _mutex_cleanup
 .text._io_fseek
                0x3f00ca1c       0x66 /mnt/hgfs/DBT/M4/MQX/lib/twrvf65gs10_m4.gcc_arm/release/psp/psp.a(io_fseek.o)
                0x3f00ca1c                _io_fseek
 .text._io_sputc
                0x3f00ca82        0xa /mnt/hgfs/DBT/M4/MQX/lib/twrvf65gs10_m4.gcc_arm/release/psp/psp.a(io_spr.o)
                0x3f00ca82                _io_sputc
 .text._io_sprintf
                0x3f00ca8c       0x30 /mnt/hgfs/DBT/M4/MQX/lib/twrvf65gs10_m4.gcc_arm/release/psp/psp.a(io_spr.o)
                0x3f00ca8c                _io_sprintf
 .text._bsp_post_init
                0x3f00cabc        0x4 /mnt/hgfs/DBT/M4/MQX/lib/twrvf65gs10_m4.gcc_arm/release/psp/psp.a(inittask.o)
                0x3f00cabc                _bsp_post_init
 .text._mqx_init_task
                0x3f00cac0       0x60 /mnt/hgfs/DBT/M4/MQX/lib/twrvf65gs10_m4.gcc_arm/release/psp/psp.a(inittask.o)
                0x3f00cac0                _mqx_init_task
 .text.__psp_ticks_to_milliseconds
                0x3f00cb20       0xa0 /mnt/hgfs/DBT/M4/MQX/lib/twrvf65gs10_m4.gcc_arm/release/psp/psp.a(psp_tims.o)
 .text._psp_ticks_to_milliseconds
                0x3f00cbc0        0x6 /mnt/hgfs/DBT/M4/MQX/lib/twrvf65gs10_m4.gcc_arm/release/psp/psp.a(psp_tims.o)
                0x3f00cbc0                _psp_ticks_to_milliseconds
 *fill*         0x3f00cbc6        0x2 
 .text._mqx_idle_task
                0x3f00cbc8       0x4c /mnt/hgfs/DBT/M4/MQX/lib/twrvf65gs10_m4.gcc_arm/release/psp/psp.a(idletask.o)
                0x3f00cbc8                _mqx_idle_task
 .text._irouter_routing
                0x3f00cc14       0x24 /mnt/hgfs/DBT/M4/MQX/lib/twrvf65gs10_m4.gcc_arm/release/psp/psp.a(irouter_vybrid.o)
                0x3f00cc14                _irouter_routing
 .text._psp_seconds_to_ticks
                0x3f00cc38       0x1c /mnt/hgfs/DBT/M4/MQX/lib/twrvf65gs10_m4.gcc_arm/release/psp/psp.a(psp_seti.o)
                0x3f00cc38                _psp_seconds_to_ticks
 .text._io_inf_or_nan
                0x3f00cc54       0x5c /mnt/hgfs/DBT/M4/MQX/lib/twrvf65gs10_m4.gcc_arm/release/psp/psp.a(io_fp.o)
 .text._io_cvt  0x3f00ccb0      0x260 /mnt/hgfs/DBT/M4/MQX/lib/twrvf65gs10_m4.gcc_arm/release/psp/psp.a(io_fp.o)
                0x3f00ccb0                _io_cvt
 .text._io_dtoa
                0x3f00cf10       0x32 /mnt/hgfs/DBT/M4/MQX/lib/twrvf65gs10_m4.gcc_arm/release/psp/psp.a(io_fp.o)
                0x3f00cf10                _io_dtoa
 .text._io_dtoe
                0x3f00cf42       0xbc /mnt/hgfs/DBT/M4/MQX/lib/twrvf65gs10_m4.gcc_arm/release/psp/psp.a(io_fp.o)
                0x3f00cf42                _io_dtoe
 .text._io_dtof
                0x3f00cffe      0x102 /mnt/hgfs/DBT/M4/MQX/lib/twrvf65gs10_m4.gcc_arm/release/psp/psp.a(io_fp.o)
                0x3f00cffe                _io_dtof
 .text._io_dtog
                0x3f00d100      0x216 /mnt/hgfs/DBT/M4/MQX/lib/twrvf65gs10_m4.gcc_arm/release/psp/psp.a(io_fp.o)
                0x3f00d100                _io_dtog
 *fill*         0x3f00d316        0x2 
 .text._psp_msecs_to_ticks_quick
                0x3f00d318       0x68 /mnt/hgfs/DBT/M4/MQX/lib/twrvf65gs10_m4.gcc_arm/release/psp/psp.a(psp_mstiq.o)
                0x3f00d318                _psp_msecs_to_ticks_quick
 .text._psp_div_128_by_32
                0x3f00d380       0xc4 /mnt/hgfs/DBT/M4/MQX/lib/twrvf65gs10_m4.gcc_arm/release/psp/psp.a(psp_mat2.o)
                0x3f00d380                _psp_div_128_by_32
 .text._psp_msecs_to_ticks
                0x3f00d444       0x58 /mnt/hgfs/DBT/M4/MQX/lib/twrvf65gs10_m4.gcc_arm/release/psp/psp.a(psp_msti.o)
                0x3f00d444                _psp_msecs_to_ticks
 .text._psp_add_ticks
                0x3f00d49c       0x3c /mnt/hgfs/DBT/M4/MQX/lib/twrvf65gs10_m4.gcc_arm/release/psp/psp.a(psp_tiad.o)
                0x3f00d49c                _psp_add_ticks
 .text.mcc_initialize
                0x3f00d4d8      0x19c /mnt/hgfs/DBT/M4/MQX/lib/twrvf65gs10_m4.gcc_arm/release/mcc/mcc.a(mcc_api.o)
                0x3f00d4d8                mcc_initialize
 .text.mcc_create_endpoint
                0x3f00d674       0x3e /mnt/hgfs/DBT/M4/MQX/lib/twrvf65gs10_m4.gcc_arm/release/mcc/mcc.a(mcc_api.o)
                0x3f00d674                mcc_create_endpoint
 *fill*         0x3f00d6b2        0x2 
 .text.mcc_send
                0x3f00d6b4      0x164 /mnt/hgfs/DBT/M4/MQX/lib/twrvf65gs10_m4.gcc_arm/release/mcc/mcc.a(mcc_api.o)
                0x3f00d6b4                mcc_send
 .text.mcc_recv_copy
                0x3f00d818      0x158 /mnt/hgfs/DBT/M4/MQX/lib/twrvf65gs10_m4.gcc_arm/release/mcc/mcc.a(mcc_api.o)
                0x3f00d818                mcc_recv_copy
 .text.mcc_msgs_available
                0x3f00d970       0x40 /mnt/hgfs/DBT/M4/MQX/lib/twrvf65gs10_m4.gcc_arm/release/mcc/mcc.a(mcc_api.o)
                0x3f00d970                mcc_msgs_available
 .text.mcc_dequeue_buffer
                0x3f00d9b0       0x36 /mnt/hgfs/DBT/M4/MQX/lib/twrvf65gs10_m4.gcc_arm/release/mcc/mcc.a(mcc_common.o)
                0x3f00d9b0                mcc_dequeue_buffer
 .text.mcc_queue_buffer
                0x3f00d9e6       0x3c /mnt/hgfs/DBT/M4/MQX/lib/twrvf65gs10_m4.gcc_arm/release/mcc/mcc.a(mcc_common.o)
                0x3f00d9e6                mcc_queue_buffer
 *fill*         0x3f00da22        0x2 
 .text.mcc_get_endpoint_list
                0x3f00da24       0x60 /mnt/hgfs/DBT/M4/MQX/lib/twrvf65gs10_m4.gcc_arm/release/mcc/mcc.a(mcc_common.o)
                0x3f00da24                mcc_get_endpoint_list
 .text.mcc_register_endpoint
                0x3f00da84       0x70 /mnt/hgfs/DBT/M4/MQX/lib/twrvf65gs10_m4.gcc_arm/release/mcc/mcc.a(mcc_common.o)
                0x3f00da84                mcc_register_endpoint
 .text.mcc_queue_signal
                0x3f00daf4       0xb0 /mnt/hgfs/DBT/M4/MQX/lib/twrvf65gs10_m4.gcc_arm/release/mcc/mcc.a(mcc_common.o)
                0x3f00daf4                mcc_queue_signal
 .text.mcc_dequeue_signal
                0x3f00dba4       0x9c /mnt/hgfs/DBT/M4/MQX/lib/twrvf65gs10_m4.gcc_arm/release/mcc/mcc.a(mcc_common.o)
                0x3f00dba4                mcc_dequeue_signal
 .text.mcc_cpu_to_cpu_isr
                0x3f00dc40       0x74 /mnt/hgfs/DBT/M4/MQX/lib/twrvf65gs10_m4.gcc_arm/release/mcc/mcc.a(mcc_mqx.o)
 .text.mcc_init_semaphore
                0x3f00dcb4       0x20 /mnt/hgfs/DBT/M4/MQX/lib/twrvf65gs10_m4.gcc_arm/release/mcc/mcc.a(mcc_mqx.o)
                0x3f00dcb4                mcc_init_semaphore
 .text.mcc_get_semaphore
                0x3f00dcd4       0x28 /mnt/hgfs/DBT/M4/MQX/lib/twrvf65gs10_m4.gcc_arm/release/mcc/mcc.a(mcc_mqx.o)
                0x3f00dcd4                mcc_get_semaphore
 .text.mcc_release_semaphore
                0x3f00dcfc       0x3c /mnt/hgfs/DBT/M4/MQX/lib/twrvf65gs10_m4.gcc_arm/release/mcc/mcc.a(mcc_mqx.o)
                0x3f00dcfc                mcc_release_semaphore
 .text.mcc_register_cpu_to_cpu_isr
                0x3f00dd38       0x54 /mnt/hgfs/DBT/M4/MQX/lib/twrvf65gs10_m4.gcc_arm/release/mcc/mcc.a(mcc_mqx.o)
                0x3f00dd38                mcc_register_cpu_to_cpu_isr
 .text.mcc_generate_cpu_to_cpu_interrupt
                0x3f00dd8c        0xa /mnt/hgfs/DBT/M4/MQX/lib/twrvf65gs10_m4.gcc_arm/release/mcc/mcc.a(mcc_mqx.o)
                0x3f00dd8c                mcc_generate_cpu_to_cpu_interrupt
 .text.mcc_memcpy
                0x3f00dd96        0x4 /mnt/hgfs/DBT/M4/MQX/lib/twrvf65gs10_m4.gcc_arm/release/mcc/mcc.a(mcc_mqx.o)
                0x3f00dd96                mcc_memcpy
 *fill*         0x3f00dd9a        0x2 
 .text.mcc_get_cpu_to_cpu_vector
                0x3f00dd9c       0x14 /mnt/hgfs/DBT/M4/MQX/lib/twrvf65gs10_m4.gcc_arm/release/mcc/mcc.a(mcc_vf600.o)
                0x3f00dd9c                mcc_get_cpu_to_cpu_vector
 .text.mcc_clear_cpu_to_cpu_interrupt
                0x3f00ddb0       0x1c /mnt/hgfs/DBT/M4/MQX/lib/twrvf65gs10_m4.gcc_arm/release/mcc/mcc.a(mcc_vf600.o)
                0x3f00ddb0                mcc_clear_cpu_to_cpu_interrupt
 .text.mcc_triger_cpu_to_cpu_interrupt
                0x3f00ddcc       0x10 /mnt/hgfs/DBT/M4/MQX/lib/twrvf65gs10_m4.gcc_arm/release/mcc/mcc.a(mcc_vf600.o)
                0x3f00ddcc                mcc_triger_cpu_to_cpu_interrupt
 .text          0x3f00dddc      0x370 /opt/arm-2017/lib/gcc/arm-none-eabi/4.8.3/armv7e-m/fpu/libgcc.a(_arm_addsubdf3.o)
                0x3f00dddc                __aeabi_drsub
                0x3f00dde4                __aeabi_dsub
                0x3f00dde4                __subdf3
                0x3f00dde8                __adddf3
                0x3f00dde8                __aeabi_dadd
                0x3f00e060                __aeabi_ui2d
                0x3f00e060                __floatunsidf
                0x3f00e080                __floatsidf
                0x3f00e080                __aeabi_i2d
                0x3f00e0a4                __extendsfdf2
                0x3f00e0a4                __aeabi_f2d
                0x3f00e0e0                __aeabi_ul2d
                0x3f00e0e0                __floatundidf
                0x3f00e0f0                __floatdidf
                0x3f00e0f0                __aeabi_l2d
 .text          0x3f00e14c      0x424 /opt/arm-2017/lib/gcc/arm-none-eabi/4.8.3/armv7e-m/fpu/libgcc.a(_arm_muldivdf3.o)
                0x3f00e14c                __aeabi_dmul
                0x3f00e14c                __muldf3
                0x3f00e3a0                __aeabi_ddiv
                0x3f00e3a0                __divdf3
 .text          0x3f00e570      0x110 /opt/arm-2017/lib/gcc/arm-none-eabi/4.8.3/armv7e-m/fpu/libgcc.a(_arm_cmpdf2.o)
                0x3f00e570                __gtdf2
                0x3f00e570                __gedf2
                0x3f00e578                __ltdf2
                0x3f00e578                __ledf2
                0x3f00e580                __cmpdf2
                0x3f00e580                __eqdf2
                0x3f00e580                __nedf2
                0x3f00e5fc                __aeabi_cdrcmple
                0x3f00e60c                __aeabi_cdcmple
                0x3f00e60c                __aeabi_cdcmpeq
                0x3f00e61c                __aeabi_dcmpeq
                0x3f00e630                __aeabi_dcmplt
                0x3f00e644                __aeabi_dcmple
                0x3f00e658                __aeabi_dcmpge
                0x3f00e66c                __aeabi_dcmpgt
 .text          0x3f00e680       0x50 /opt/arm-2017/lib/gcc/arm-none-eabi/4.8.3/armv7e-m/fpu/libgcc.a(_arm_fixdfsi.o)
                0x3f00e680                __fixdfsi
                0x3f00e680                __aeabi_d2iz
 .text          0x3f00e6d0       0x40 /opt/arm-2017/lib/gcc/arm-none-eabi/4.8.3/armv7e-m/fpu/libgcc.a(_arm_fixunsdfsi.o)
                0x3f00e6d0                __fixunsdfsi
                0x3f00e6d0                __aeabi_d2uiz
 .text          0x3f00e710       0xa0 /opt/arm-2017/lib/gcc/arm-none-eabi/4.8.3/armv7e-m/fpu/libgcc.a(_arm_truncdfsf2.o)
                0x3f00e710                __aeabi_d2f
                0x3f00e710                __truncdfsf2
 .text          0x3f00e7b0       0x38 /opt/arm-2017/lib/gcc/arm-none-eabi/4.8.3/armv7e-m/fpu/libgcc.a(_aeabi_ldivmod.o)
                0x3f00e7b0                __aeabi_ldivmod
 .text          0x3f00e7e8       0x2c /opt/arm-2017/lib/gcc/arm-none-eabi/4.8.3/armv7e-m/fpu/libgcc.a(_aeabi_uldivmod.o)
                0x3f00e7e8                __aeabi_uldivmod
 .text          0x3f00e814       0x60 /opt/arm-2017/lib/gcc/arm-none-eabi/4.8.3/armv7e-m/fpu/libgcc.a(bpabi.o)
                0x3f00e814                __gnu_ldivmod_helper
                0x3f00e844                __gnu_uldivmod_helper
 .text          0x3f00e874        0x4 /opt/arm-2017/lib/gcc/arm-none-eabi/4.8.3/armv7e-m/fpu/libgcc.a(_dvmd_tls.o)
                0x3f00e874                __aeabi_ldiv0
                0x3f00e874                __aeabi_idiv0
 .text          0x3f00e878      0x298 /opt/arm-2017/lib/gcc/arm-none-eabi/4.8.3/armv7e-m/fpu/libgcc.a(_divdi3.o)
                0x3f00e878                __divdi3
 .text          0x3f00eb10      0x284 /opt/arm-2017/lib/gcc/arm-none-eabi/4.8.3/armv7e-m/fpu/libgcc.a(_udivdi3.o)
                0x3f00eb10                __udivdi3
 .text.atexit   0x3f00ed94        0xc /opt/arm-2017/arm-none-eabi/lib/armv7e-m/fpu/libc.a(lib_a-atexit.o)
                0x3f00ed94                atexit
 .text.exit     0x3f00eda0       0x20 /opt/arm-2017/arm-none-eabi/lib/armv7e-m/fpu/libc.a(lib_a-exit.o)
                0x3f00eda0                exit
 .text.__libc_fini_array
                0x3f00edc0       0x30 /opt/arm-2017/arm-none-eabi/lib/armv7e-m/fpu/libc.a(lib_a-fini.o)
                0x3f00edc0                __libc_fini_array
 .text.__libc_init_array
                0x3f00edf0       0x50 /opt/arm-2017/arm-none-eabi/lib/armv7e-m/fpu/libc.a(lib_a-init.o)
                0x3f00edf0                __libc_init_array
 .text.memcmp   0x3f00ee40       0x68 /opt/arm-2017/arm-none-eabi/lib/armv7e-m/fpu/libc.a(lib_a-memcmp.o)
                0x3f00ee40                memcmp
 .text          0x3f00eea8      0x134 /opt/arm-2017/arm-none-eabi/lib/armv7e-m/fpu/libc.a(lib_a-memcpy.o)
                0x3f00eea8                memcpy
 .text.memset   0x3f00efdc       0x94 /opt/arm-2017/arm-none-eabi/lib/armv7e-m/fpu/libc.a(lib_a-memset.o)
                0x3f00efdc                memset
 .text.modf     0x3f00f070       0xa4 /opt/arm-2017/arm-none-eabi/lib/armv7e-m/fpu/libc.a(lib_a-s_modf.o)
                0x3f00f070                modf
 .text          0x3f00f114      0x21c /opt/arm-2017/arm-none-eabi/lib/armv7e-m/fpu/libc.a(lib_a-strcmp.o)
                0x3f00f114                strcmp
 .text.strncmp  0x3f00f330       0xb4 /opt/arm-2017/arm-none-eabi/lib/armv7e-m/fpu/libc.a(lib_a-strncmp.o)
                0x3f00f330                strncmp
 .text.__register_exitproc
                0x3f00f3e4       0xa8 /opt/arm-2017/arm-none-eabi/lib/armv7e-m/fpu/libc.a(lib_a-__atexit.o)
                0x3f00f3e4                __register_exitproc
 .text.startup.register_fini
                0x3f00f48c       0x14 /opt/arm-2017/arm-none-eabi/lib/armv7e-m/fpu/libc.a(lib_a-__call_atexit.o)
 .text.__call_exitprocs
                0x3f00f4a0       0xf0 /opt/arm-2017/arm-none-eabi/lib/armv7e-m/fpu/libc.a(lib_a-__call_atexit.o)
                0x3f00f4a0                __call_exitprocs
 .text.cos      0x3f00f590       0xa8 /opt/arm-2017/arm-none-eabi/lib/armv7e-m/fpu/libm.a(lib_a-s_cos.o)
                0x3f00f590                cos
 .text.__ieee754_rem_pio2
                0x3f00f638      0x450 /opt/arm-2017/arm-none-eabi/lib/armv7e-m/fpu/libm.a(lib_a-e_rem_pio2.o)
                0x3f00f638                __ieee754_rem_pio2
 .text.__kernel_cos
                0x3f00fa88      0x280 /opt/arm-2017/arm-none-eabi/lib/armv7e-m/fpu/libm.a(lib_a-k_cos.o)
                0x3f00fa88                __kernel_cos
 .text.__kernel_rem_pio2
                0x3f00fd08      0x798 /opt/arm-2017/arm-none-eabi/lib/armv7e-m/fpu/libm.a(lib_a-k_rem_pio2.o)
                0x3f00fd08                __kernel_rem_pio2
 .text.__kernel_sin
                0x3f0104a0      0x190 /opt/arm-2017/arm-none-eabi/lib/armv7e-m/fpu/libm.a(lib_a-k_sin.o)
                0x3f0104a0                __kernel_sin
 .text.fabs     0x3f010630       0x14 /opt/arm-2017/arm-none-eabi/lib/armv7e-m/fpu/libm.a(lib_a-s_fabs.o)
                0x3f010630                fabs
 *fill*         0x3f010644        0x4 
 .text.floor    0x3f010648      0x138 /opt/arm-2017/arm-none-eabi/lib/armv7e-m/fpu/libm.a(lib_a-s_floor.o)
                0x3f010648                floor
 .text.scalbn   0x3f010780      0x120 /opt/arm-2017/arm-none-eabi/lib/armv7e-m/fpu/libm.a(lib_a-s_scalbn.o)
                0x3f010780                scalbn
 .text.copysign
                0x3f0108a0       0x24 /opt/arm-2017/arm-none-eabi/lib/armv7e-m/fpu/libm.a(lib_a-s_copysign.o)
                0x3f0108a0                copysign
 .text.init_hardware
                0x3f0108c4      0x3ac /mnt/hgfs/DBT/M4/MQX/lib/twrvf65gs10_m4.gcc_arm/release/bsp/bsp.a(init_hw.o)
                0x3f0108c4                init_hardware
 .text._bsp_systimer_callback
                0x3f010c70        0x4 /mnt/hgfs/DBT/M4/MQX/lib/twrvf65gs10_m4.gcc_arm/release/bsp/bsp.a(init_bsp.o)
                0x3f010c70                _bsp_systimer_callback
 .text._bsp_get_hwticks
                0x3f010c74       0x18 /mnt/hgfs/DBT/M4/MQX/lib/twrvf65gs10_m4.gcc_arm/release/bsp/bsp.a(init_bsp.o)
                0x3f010c74                _bsp_get_hwticks
 .text._bsp_pre_init
                0x3f010c8c       0xa0 /mnt/hgfs/DBT/M4/MQX/lib/twrvf65gs10_m4.gcc_arm/release/bsp/bsp.a(init_bsp.o)
                0x3f010c8c                _bsp_pre_init
 .text._bsp_init
                0x3f010d2c       0xd8 /mnt/hgfs/DBT/M4/MQX/lib/twrvf65gs10_m4.gcc_arm/release/bsp/bsp.a(init_bsp.o)
                0x3f010d2c                _bsp_init
 .text.hwtimer_systick_set_div
                0x3f010e04       0x1c /mnt/hgfs/DBT/M4/MQX/lib/twrvf65gs10_m4.gcc_arm/release/bsp/bsp.a(hwtimer_systick.o)
 .text.hwtimer_systick_start
                0x3f010e20        0xc /mnt/hgfs/DBT/M4/MQX/lib/twrvf65gs10_m4.gcc_arm/release/bsp/bsp.a(hwtimer_systick.o)
 .text.hwtimer_systick_stop
                0x3f010e2c        0xa /mnt/hgfs/DBT/M4/MQX/lib/twrvf65gs10_m4.gcc_arm/release/bsp/bsp.a(hwtimer_systick.o)
 .text.hwtimer_systick_get_time
                0x3f010e36       0x3e /mnt/hgfs/DBT/M4/MQX/lib/twrvf65gs10_m4.gcc_arm/release/bsp/bsp.a(hwtimer_systick.o)
 .text.hwtimer_systick_deinit
                0x3f010e74       0x1e /mnt/hgfs/DBT/M4/MQX/lib/twrvf65gs10_m4.gcc_arm/release/bsp/bsp.a(hwtimer_systick.o)
 .text.hwtimer_systick_isr
                0x3f010e92       0x2c /mnt/hgfs/DBT/M4/MQX/lib/twrvf65gs10_m4.gcc_arm/release/bsp/bsp.a(hwtimer_systick.o)
 *fill*         0x3f010ebe        0x2 
 .text.hwtimer_systick_init
                0x3f010ec0       0x58 /mnt/hgfs/DBT/M4/MQX/lib/twrvf65gs10_m4.gcc_arm/release/bsp/bsp.a(hwtimer_systick.o)
 .text._bsp_get_clock_configuration
                0x3f010f18        0xc /mnt/hgfs/DBT/M4/MQX/lib/twrvf65gs10_m4.gcc_arm/release/bsp/bsp.a(bsp_cm.o)
                0x3f010f18                _bsp_get_clock_configuration
 .text._bsp_clock_manager_init
                0x3f010f24        0xc /mnt/hgfs/DBT/M4/MQX/lib/twrvf65gs10_m4.gcc_arm/release/bsp/bsp.a(bsp_cm.o)
                0x3f010f24                _bsp_clock_manager_init
 .text._bsp_get_clock
                0x3f010f30      0x138 /mnt/hgfs/DBT/M4/MQX/lib/twrvf65gs10_m4.gcc_arm/release/bsp/bsp.a(bsp_cm.o)
                0x3f010f30                _bsp_get_clock
 .text._bsp_set_clock
                0x3f011068      0x134 /mnt/hgfs/DBT/M4/MQX/lib/twrvf65gs10_m4.gcc_arm/release/bsp/bsp.a(bsp_cm.o)
                0x3f011068                _bsp_set_clock
 .text._io_spi_uninstall
                0x3f01119c       0x24 /mnt/hgfs/DBT/M4/MQX/lib/twrvf65gs10_m4.gcc_arm/release/bsp/bsp.a(spi.o)
 .text._io_spi_flush
                0x3f0111c0       0x46 /mnt/hgfs/DBT/M4/MQX/lib/twrvf65gs10_m4.gcc_arm/release/bsp/bsp.a(spi.o)
 .text._io_spi_close
                0x3f011206       0x14 /mnt/hgfs/DBT/M4/MQX/lib/twrvf65gs10_m4.gcc_arm/release/bsp/bsp.a(spi.o)
 .text._io_spi_read_write
                0x3f01121a       0x76 /mnt/hgfs/DBT/M4/MQX/lib/twrvf65gs10_m4.gcc_arm/release/bsp/bsp.a(spi.o)
 .text._io_spi_ioctl
                0x3f011290      0x300 /mnt/hgfs/DBT/M4/MQX/lib/twrvf65gs10_m4.gcc_arm/release/bsp/bsp.a(spi.o)
 .text._io_spi_write
                0x3f011590        0x8 /mnt/hgfs/DBT/M4/MQX/lib/twrvf65gs10_m4.gcc_arm/release/bsp/bsp.a(spi.o)
 .text._io_spi_read
                0x3f011598       0x12 /mnt/hgfs/DBT/M4/MQX/lib/twrvf65gs10_m4.gcc_arm/release/bsp/bsp.a(spi.o)
 .text._io_spi_open
                0x3f0115aa       0x72 /mnt/hgfs/DBT/M4/MQX/lib/twrvf65gs10_m4.gcc_arm/release/bsp/bsp.a(spi.o)
 .text._io_spi_install
                0x3f01161c       0xc4 /mnt/hgfs/DBT/M4/MQX/lib/twrvf65gs10_m4.gcc_arm/release/bsp/bsp.a(spi.o)
                0x3f01161c                _io_spi_install
 .text._sema4_isr
                0x3f0116e0       0x64 /mnt/hgfs/DBT/M4/MQX/lib/twrvf65gs10_m4.gcc_arm/release/bsp/bsp.a(core_mutex_sema4.o)
 .text._core_mutex_install
                0x3f011744       0xac /mnt/hgfs/DBT/M4/MQX/lib/twrvf65gs10_m4.gcc_arm/release/bsp/bsp.a(core_mutex_sema4.o)
                0x3f011744                _core_mutex_install
 .text._core_mutex_create_internal
                0x3f0117f0       0xd0 /mnt/hgfs/DBT/M4/MQX/lib/twrvf65gs10_m4.gcc_arm/release/bsp/bsp.a(core_mutex_sema4.o)
                0x3f0117f0                _core_mutex_create_internal
 .text._core_mutex_create
                0x3f0118c0       0x3a /mnt/hgfs/DBT/M4/MQX/lib/twrvf65gs10_m4.gcc_arm/release/bsp/bsp.a(core_mutex_sema4.o)
                0x3f0118c0                _core_mutex_create
 *fill*         0x3f0118fa        0x2 
 .text._core_mutex_lock
                0x3f0118fc       0x4c /mnt/hgfs/DBT/M4/MQX/lib/twrvf65gs10_m4.gcc_arm/release/bsp/bsp.a(core_mutex_sema4.o)
                0x3f0118fc                _core_mutex_lock
 .text._core_mutex_trylock
                0x3f011948       0x5c /mnt/hgfs/DBT/M4/MQX/lib/twrvf65gs10_m4.gcc_arm/release/bsp/bsp.a(core_mutex_sema4.o)
                0x3f011948                _core_mutex_trylock
 .text._core_mutex_unlock
                0x3f0119a4       0x58 /mnt/hgfs/DBT/M4/MQX/lib/twrvf65gs10_m4.gcc_arm/release/bsp/bsp.a(core_mutex_sema4.o)
                0x3f0119a4                _core_mutex_unlock
 .text.dma_tcd_mem2reg
                0x3f0119fc       0x94 /mnt/hgfs/DBT/M4/MQX/lib/twrvf65gs10_m4.gcc_arm/release/bsp/bsp.a(dma.o)
                0x3f0119fc                dma_tcd_mem2reg
 .text.dma_tcd_reg2mem
                0x3f011a90       0x90 /mnt/hgfs/DBT/M4/MQX/lib/twrvf65gs10_m4.gcc_arm/release/bsp/bsp.a(dma.o)
                0x3f011a90                dma_tcd_reg2mem
 .text.dma_deinit
                0x3f011b20       0x44 /mnt/hgfs/DBT/M4/MQX/lib/twrvf65gs10_m4.gcc_arm/release/bsp/bsp.a(dma.o)
                0x3f011b20                dma_deinit
 .text.dma_init
                0x3f011b64       0x44 /mnt/hgfs/DBT/M4/MQX/lib/twrvf65gs10_m4.gcc_arm/release/bsp/bsp.a(dma.o)
                0x3f011b64                dma_init
 .text.dma_channel_claim
                0x3f011ba8       0x50 /mnt/hgfs/DBT/M4/MQX/lib/twrvf65gs10_m4.gcc_arm/release/bsp/bsp.a(dma.o)
                0x3f011ba8                dma_channel_claim
 .text.dma_channel_release
                0x3f011bf8       0x18 /mnt/hgfs/DBT/M4/MQX/lib/twrvf65gs10_m4.gcc_arm/release/bsp/bsp.a(dma.o)
                0x3f011bf8                dma_channel_release
 .text.dma_channel_setup
                0x3f011c10       0x18 /mnt/hgfs/DBT/M4/MQX/lib/twrvf65gs10_m4.gcc_arm/release/bsp/bsp.a(dma.o)
                0x3f011c10                dma_channel_setup
 .text.dma_channel_status
                0x3f011c28       0x18 /mnt/hgfs/DBT/M4/MQX/lib/twrvf65gs10_m4.gcc_arm/release/bsp/bsp.a(dma.o)
                0x3f011c28                dma_channel_status
 .text.dma_transfer_submit
                0x3f011c40       0x18 /mnt/hgfs/DBT/M4/MQX/lib/twrvf65gs10_m4.gcc_arm/release/bsp/bsp.a(dma.o)
                0x3f011c40                dma_transfer_submit
 .text.dma_request_source
                0x3f011c58       0x18 /mnt/hgfs/DBT/M4/MQX/lib/twrvf65gs10_m4.gcc_arm/release/bsp/bsp.a(dma.o)
                0x3f011c58                dma_request_source
 .text.dma_request_enable
                0x3f011c70       0x18 /mnt/hgfs/DBT/M4/MQX/lib/twrvf65gs10_m4.gcc_arm/release/bsp/bsp.a(dma.o)
                0x3f011c70                dma_request_enable
 .text.dma_request_disable
                0x3f011c88       0x18 /mnt/hgfs/DBT/M4/MQX/lib/twrvf65gs10_m4.gcc_arm/release/bsp/bsp.a(dma.o)
                0x3f011c88                dma_request_disable
 .text.dma_callback_reg
                0x3f011ca0       0x12 /mnt/hgfs/DBT/M4/MQX/lib/twrvf65gs10_m4.gcc_arm/release/bsp/bsp.a(dma.o)
                0x3f011ca0                dma_callback_reg
 .text.systick_get_vector
                0x3f011cb2        0x4 /mnt/hgfs/DBT/M4/MQX/lib/twrvf65gs10_m4.gcc_arm/release/bsp/bsp.a(hwtimer_vybrid_m4.o)
                0x3f011cb2                systick_get_vector
 .text._ksai_tx_fifoerr_irq_handler
                0x3f011cb6       0x1a /mnt/hgfs/DBT/M4/MQX/lib/twrvf65gs10_m4.gcc_arm/release/bsp/bsp.a(sai_dma_ksai.o)
                0x3f011cb6                _ksai_tx_fifoerr_irq_handler
 .text._ksai_rx_fifoerr_irq_handler
                0x3f011cd0       0x22 /mnt/hgfs/DBT/M4/MQX/lib/twrvf65gs10_m4.gcc_arm/release/bsp/bsp.a(sai_dma_ksai.o)
                0x3f011cd0                _ksai_rx_fifoerr_irq_handler
 *fill*         0x3f011cf2        0x2 
 .text._vi2s_get_mclk_value
                0x3f011cf4       0x5c /mnt/hgfs/DBT/M4/MQX/lib/twrvf65gs10_m4.gcc_arm/release/bsp/bsp.a(sai_dma_ksai.o)
 .text._ksai_tx_dma_irq_handler
                0x3f011d50       0x92 /mnt/hgfs/DBT/M4/MQX/lib/twrvf65gs10_m4.gcc_arm/release/bsp/bsp.a(sai_dma_ksai.o)
                0x3f011d50                _ksai_tx_dma_irq_handler
 .text._ksai_rx_dma_irq_handler
                0x3f011de2       0xa0 /mnt/hgfs/DBT/M4/MQX/lib/twrvf65gs10_m4.gcc_arm/release/bsp/bsp.a(sai_dma_ksai.o)
                0x3f011de2                _ksai_rx_dma_irq_handler
 *fill*         0x3f011e82        0x2 
 .text._vi2s_set_clk_src_int
                0x3f011e84       0x5c /mnt/hgfs/DBT/M4/MQX/lib/twrvf65gs10_m4.gcc_arm/release/bsp/bsp.a(sai_dma_ksai.o)
 .text._vi2s_set_sai_div
                0x3f011ee0       0x58 /mnt/hgfs/DBT/M4/MQX/lib/twrvf65gs10_m4.gcc_arm/release/bsp/bsp.a(sai_dma_ksai.o)
 .text._vi2s_set_clk_src_ext
                0x3f011f38       0x40 /mnt/hgfs/DBT/M4/MQX/lib/twrvf65gs10_m4.gcc_arm/release/bsp/bsp.a(sai_dma_ksai.o)
 .text.unlikely._bsp_int_init.isra.2.constprop.5
                0x3f011f78       0x22 /mnt/hgfs/DBT/M4/MQX/lib/twrvf65gs10_m4.gcc_arm/release/bsp/bsp.a(sai_dma_ksai.o)
 *fill*         0x3f011f9a        0x2 
 .text._ksai_dma_deinit
                0x3f011f9c       0xdc /mnt/hgfs/DBT/M4/MQX/lib/twrvf65gs10_m4.gcc_arm/release/bsp/bsp.a(sai_dma_ksai.o)
                0x3f011f9c                _ksai_dma_deinit
 .text._ki2s_set_master_mode
                0x3f012078      0x164 /mnt/hgfs/DBT/M4/MQX/lib/twrvf65gs10_m4.gcc_arm/release/bsp/bsp.a(sai_dma_ksai.o)
                0x3f012078                _ki2s_set_master_mode
 .text._ki2s_set_slave_mode
                0x3f0121dc      0x138 /mnt/hgfs/DBT/M4/MQX/lib/twrvf65gs10_m4.gcc_arm/release/bsp/bsp.a(sai_dma_ksai.o)
                0x3f0121dc                _ki2s_set_slave_mode
 .text._ki2s_set_bclk_mode
                0x3f012314       0xb8 /mnt/hgfs/DBT/M4/MQX/lib/twrvf65gs10_m4.gcc_arm/release/bsp/bsp.a(sai_dma_ksai.o)
                0x3f012314                _ki2s_set_bclk_mode
 .text._ksai_dma_ioctl
                0x3f0123cc      0xbf0 /mnt/hgfs/DBT/M4/MQX/lib/twrvf65gs10_m4.gcc_arm/release/bsp/bsp.a(sai_dma_ksai.o)
                0x3f0123cc                _ksai_dma_ioctl
 .text._ksai_hw_init
                0x3f012fbc      0x1c4 /mnt/hgfs/DBT/M4/MQX/lib/twrvf65gs10_m4.gcc_arm/release/bsp/bsp.a(sai_dma_ksai.o)
                0x3f012fbc                _ksai_hw_init
 .text._ksai_dma_init
                0x3f013180      0x2f4 /mnt/hgfs/DBT/M4/MQX/lib/twrvf65gs10_m4.gcc_arm/release/bsp/bsp.a(sai_dma_ksai.o)
                0x3f013180                _ksai_dma_init
 .text._io_serial_default_init
                0x3f013474       0x28 /mnt/hgfs/DBT/M4/MQX/lib/twrvf65gs10_m4.gcc_arm/release/bsp/bsp.a(io_sinit.o)
                0x3f013474                _io_serial_default_init
 .text._kuart_int_putc
                0x3f01349c       0x1c /mnt/hgfs/DBT/M4/MQX/lib/twrvf65gs10_m4.gcc_arm/release/bsp/bsp.a(serl_int_kuart.o)
                0x3f01349c                _kuart_int_putc
 .text._kuart_int_deinit
                0x3f0134b8       0x18 /mnt/hgfs/DBT/M4/MQX/lib/twrvf65gs10_m4.gcc_arm/release/bsp/bsp.a(serl_int_kuart.o)
                0x3f0134b8                _kuart_int_deinit
 .text._kuart_int_enable
                0x3f0134d0       0x18 /mnt/hgfs/DBT/M4/MQX/lib/twrvf65gs10_m4.gcc_arm/release/bsp/bsp.a(serl_int_kuart.o)
                0x3f0134d0                _kuart_int_enable
 .text._kuart_int_rx_tx_isr
                0x3f0134e8       0xa8 /mnt/hgfs/DBT/M4/MQX/lib/twrvf65gs10_m4.gcc_arm/release/bsp/bsp.a(serl_int_kuart.o)
                0x3f0134e8                _kuart_int_rx_tx_isr
 .text._kuart_int_init
                0x3f013590       0x60 /mnt/hgfs/DBT/M4/MQX/lib/twrvf65gs10_m4.gcc_arm/release/bsp/bsp.a(serl_int_kuart.o)
                0x3f013590                _kuart_int_init
 .text._kuart_int_install
                0x3f0135f0       0x34 /mnt/hgfs/DBT/M4/MQX/lib/twrvf65gs10_m4.gcc_arm/release/bsp/bsp.a(serl_int_kuart.o)
                0x3f0135f0                _kuart_int_install
 .text._core_mutext_get_component_ptr
                0x3f013624        0xc /mnt/hgfs/DBT/M4/MQX/lib/twrvf65gs10_m4.gcc_arm/release/bsp/bsp.a(core_mutex.o)
                0x3f013624                _core_mutext_get_component_ptr
 .text._core_mutext_set_component_ptr
                0x3f013630        0xc /mnt/hgfs/DBT/M4/MQX/lib/twrvf65gs10_m4.gcc_arm/release/bsp/bsp.a(core_mutex.o)
                0x3f013630                _core_mutext_set_component_ptr
 .text._kuart_polled_getc
                0x3f01363c       0x12 /mnt/hgfs/DBT/M4/MQX/lib/twrvf65gs10_m4.gcc_arm/release/bsp/bsp.a(serl_pol_kuart.o)
                0x3f01363c                _kuart_polled_getc
 .text._kuart_polled_putc
                0x3f01364e       0x12 /mnt/hgfs/DBT/M4/MQX/lib/twrvf65gs10_m4.gcc_arm/release/bsp/bsp.a(serl_pol_kuart.o)
                0x3f01364e                _kuart_polled_putc
 .text._kuart_polled_status
                0x3f013660       0x58 /mnt/hgfs/DBT/M4/MQX/lib/twrvf65gs10_m4.gcc_arm/release/bsp/bsp.a(serl_pol_kuart.o)
                0x3f013660                _kuart_polled_status
 .text._kuart_polled_deinit
                0x3f0136b8       0x1c /mnt/hgfs/DBT/M4/MQX/lib/twrvf65gs10_m4.gcc_arm/release/bsp/bsp.a(serl_pol_kuart.o)
                0x3f0136b8                _kuart_polled_deinit
 .text._kuart_change_baudrate
                0x3f0136d4       0x58 /mnt/hgfs/DBT/M4/MQX/lib/twrvf65gs10_m4.gcc_arm/release/bsp/bsp.a(serl_pol_kuart.o)
                0x3f0136d4                _kuart_change_baudrate
 .text._kuart_polled_init